
> galaxyco-ai-3.0@3.0.0 test:run
> vitest run


[1m[46m RUN [49m[22m [36mv4.0.14 [39m[90mC:/Users/Owner/workspace/galaxyco-ai-3.0[39m

 [32m✓[39m tests/api/assistant-simple.test.ts [2m([22m[2m6 tests[22m[2m)[22m[32m 13[2mms[22m[39m
 [32m✓[39m tests/api/crm-contacts.test.ts [2m([22m[2m7 tests[22m[2m)[22m[32m 14[2mms[22m[39m
 [32m✓[39m tests/api/workflows.test.ts [2m([22m[2m17 tests[22m[2m)[22m[32m 23[2mms[22m[39m
 [32m✓[39m tests/api/knowledge-upload.test.ts [2m([22m[2m4 tests[22m[2m)[22m[32m 11[2mms[22m[39m
 [32m✓[39m tests/lib/api-error-handler.test.ts [2m([22m[2m14 tests[22m[2m)[22m[32m 8[2mms[22m[39m
 [31m❯[39m tests/components/ConversationsDashboard.test.tsx [2m([22m[2m24 tests[22m[2m | [22m[31m24 failed[39m[2m)[22m[32m 32[2mms[22m[39m
[31m     [31m×[31m should render the conversations dashboard[39m[32m 12[2mms[22m[39m
[31m     [31m×[31m should display conversation statistics[39m[32m 2[2mms[22m[39m
[31m     [31m×[31m should render conversations list[39m[32m 1[2mms[22m[39m
[31m     [31m×[31m should display unread message count[39m[32m 1[2mms[22m[39m
[31m     [31m×[31m should switch between channels (All, SMS, WhatsApp, Team)[39m[32m 2[2mms[22m[39m
[31m     [31m×[31m should filter conversations by search query[39m[32m 1[2mms[22m[39m
[31m     [31m×[31m should display conversation channel badges[39m[32m 1[2mms[22m[39m
[31m     [31m×[31m should handle conversation selection[39m[32m 1[2mms[22m[39m
[31m     [31m×[31m should show Team Chat when Team tab is clicked[39m[32m 1[2mms[22m[39m
[31m     [31m×[31m should display last message preview[39m[32m 1[2mms[22m[39m
[31m     [31m×[31m should format message timestamps correctly[39m[32m 1[2mms[22m[39m
[31m     [31m×[31m should handle sending messages[39m[32m 1[2mms[22m[39m
[31m     [31m×[31m should show empty state when no conversations exist[39m[32m 1[2mms[22m[39m
[31m     [31m×[31m should open Neptune panel for assistance[39m[32m 1[2mms[22m[39m
[31m     [31m×[31m should handle API errors gracefully[39m[32m 1[2mms[22m[39m
[31m     [31m×[31m should be accessible with proper ARIA labels[39m[32m 1[2mms[22m[39m
[31m     [31m×[31m should display conversation status[39m[32m 1[2mms[22m[39m
[31m     [31m×[31m should handle real-time message updates[39m[32m 1[2mms[22m[39m
[31m     [31m×[31m should render Team Chat component[39m[32m 1[2mms[22m[39m
[31m     [31m×[31m should handle channel switching in Team Chat[39m[32m 0[2mms[22m[39m
[31m     [31m×[31m should support file uploads in Team Chat[39m[32m 0[2mms[22m[39m
[31m     [31m×[31m should display message thread when conversation is selected[39m[32m 0[2mms[22m[39m
[31m     [31m×[31m should show typing indicator[39m[32m 0[2mms[22m[39m
[31m     [31m×[31m should mark messages as read when viewed[39m[32m 0[2mms[22m[39m
 [31m❯[39m tests/components/KnowledgeBaseDashboard.test.tsx [2m([22m[2m24 tests[22m[2m | [22m[31m24 failed[39m[2m)[22m[32m 114[2mms[22m[39m
[31m     [31m×[31m should render the knowledge base dashboard[39m[32m 21[2mms[22m[39m
[31m     [31m×[31m should display document statistics[39m[32m 4[2mms[22m[39m
[31m     [31m×[31m should render documents list[39m[32m 4[2mms[22m[39m
[31m     [31m×[31m should switch between tabs[39m[32m 4[2mms[22m[39m
[31m     [31m×[31m should filter documents by search query[39m[32m 5[2mms[22m[39m
[31m     [31m×[31m should handle file upload[39m[32m 4[2mms[22m[39m
[31m     [31m×[31m should display document types correctly[39m[32m 4[2mms[22m[39m
[31m     [31m×[31m should show processing status for documents[39m[32m 4[2mms[22m[39m
[31m     [31m×[31m should handle document search functionality[39m[32m 5[2mms[22m[39m
[31m     [31m×[31m should display file sizes correctly[39m[32m 4[2mms[22m[39m
[31m     [31m×[31m should handle document deletion[39m[32m 3[2mms[22m[39m
[31m     [31m×[31m should show upload progress[39m[32m 3[2mms[22m[39m
[31m     [31m×[31m should validate file types on upload[39m[32m 3[2mms[22m[39m
[31m     [31m×[31m should handle API errors gracefully[39m[32m 3[2mms[22m[39m
[31m     [31m×[31m should display document tags[39m[32m 4[2mms[22m[39m
[31m     [31m×[31m should handle empty documents list[39m[32m 3[2mms[22m[39m
[31m     [31m×[31m should open Neptune panel for assistance[39m[32m 3[2mms[22m[39m
[31m     [31m×[31m should handle favorites functionality[39m[32m 4[2mms[22m[39m
[31m     [31m×[31m should be accessible with proper ARIA labels[39m[32m 4[2mms[22m[39m
[31m     [31m×[31m should display upload date for documents[39m[32m 4[2mms[22m[39m
[31m     [31m×[31m should handle document preview[39m[32m 4[2mms[22m[39m
[31m     [31m×[31m should accept valid file types[39m[32m 1[2mms[22m[39m
[31m     [31m×[31m should reject files over size limit[39m[32m 13[2mms[22m[39m
[31m     [31m×[31m should show upload progress bar[39m[32m 0[2mms[22m[39m
 [31m❯[39m tests/components/MarketingDashboard.test.tsx [2m([22m[2m20 tests[22m[2m | [22m[31m11 failed[39m[2m)[22m[33m 435[2mms[22m[39m
     [32m✓[39m should render the marketing dashboard[32m 73[2mms[22m[39m
     [32m✓[39m should display campaign stats[32m 13[2mms[22m[39m
     [32m✓[39m should render campaigns tab by default[32m 21[2mms[22m[39m
[31m     [31m×[31m should switch between tabs[39m[32m 57[2mms[22m[39m
     [32m✓[39m should filter campaigns by search query[32m 21[2mms[22m[39m
     [32m✓[39m should handle campaign creation[32m 26[2mms[22m[39m
[31m     [31m×[31m should display campaign templates[39m[32m 14[2mms[22m[39m
     [32m✓[39m should handle API errors gracefully[32m 13[2mms[22m[39m
     [32m✓[39m should open Neptune panel when button is clicked[32m 30[2mms[22m[39m
[31m     [31m×[31m should display loading state while fetching campaigns[39m[32m 6[2mms[22m[39m
[31m     [31m×[31m should use SWR for real-time data[39m[32m 14[2mms[22m[39m
[31m     [31m×[31m should handle empty campaigns list[39m[32m 1[2mms[22m[39m
[31m     [31m×[31m should display channel filter dropdown[39m[32m 40[2mms[22m[39m
     [32m✓[39m should handle Neptune chat input[32m 26[2mms[22m[39m
[31m     [31m×[31m should display analytics when switching to analytics tab[39m[32m 36[2mms[22m[39m
     [32m✓[39m should format currency correctly[32m 16[2mms[22m[39m
[31m     [31m×[31m should handle campaign status badges[39m[32m 16[2mms[22m[39m
[31m     [31m×[31m should be responsive and accessible[39m[32m 11[2mms[22m[39m
[31m     [31m×[31m should call create campaign API on form submit[39m[32m 1[2mms[22m[39m
[31m     [31m×[31m should refresh data after mutation[39m[32m 0[2mms[22m[39m
 [32m✓[39m tests/api/campaigns.test.ts [2m([22m[2m19 tests[22m[2m | [22m[33m3 skipped[39m[2m)[22m[32m 18[2mms[22m[39m
 [32m✓[39m tests/lib/utils.test.ts [2m([22m[2m10 tests[22m[2m)[22m[32m 7[2mms[22m[39m
 [32m✓[39m tests/lib/rate-limit.test.ts [2m([22m[2m12 tests[22m[2m)[22m[32m 6[2mms[22m[39m
 [32m✓[39m tests/api/assistant-chat-stream.test.ts [2m([22m[2m4 tests[22m[2m)[22m[32m 9[2mms[22m[39m
 [31m❯[39m tests/api/finance.test.ts [2m([22m[2m22 tests[22m[2m | [22m[31m14 failed[39m[2m)[22m[32m 22[2mms[22m[39m
[31m     [31m×[31m should return invoices list[39m[32m 8[2mms[22m[39m
[31m     [31m×[31m should return invoices with correct structure[39m[32m 2[2mms[22m[39m
[31m     [31m×[31m should handle empty invoices list[39m[32m 2[2mms[22m[39m
[31m     [31m×[31m should calculate amounts correctly (cents to dollars)[39m[32m 1[2mms[22m[39m
[31m     [31m×[31m should create invoice with valid data[39m[32m 2[2mms[22m[39m
     [32m✓[39m should validate required field: invoiceNumber[32m 0[2mms[22m[39m
     [32m✓[39m should validate required field: clientName[32m 1[2mms[22m[39m
     [32m✓[39m should validate required field: amount[32m 0[2mms[22m[39m
     [32m✓[39m should validate email format[32m 1[2mms[22m[39m
     [32m✓[39m should validate amount is positive[32m 0[2mms[22m[39m
[31m     [31m×[31m should handle invoice items array[39m[32m 0[2mms[22m[39m
[31m     [31m×[31m should set default status to draft[39m[32m 0[2mms[22m[39m
[31m     [31m×[31m should return integration status for all providers[39m[32m 1[2mms[22m[39m
[31m     [31m×[31m should show QuickBooks as connected when credentials exist[39m[32m 0[2mms[22m[39m
[31m     [31m×[31m should show Stripe as connected when credentials exist[39m[32m 0[2mms[22m[39m
[31m     [31m×[31m should show disconnected status for providers without credentials[39m[32m 0[2mms[22m[39m
[31m     [31m×[31m should handle expired credentials[39m[32m 0[2mms[22m[39m
[31m     [31m×[31m should include metadata for connected integrations[39m[32m 0[2mms[22m[39m
     [32m✓[39m should calculate invoice total from line items[32m 0[2mms[22m[39m
     [32m✓[39m should handle fractional amounts in cents[32m 0[2mms[22m[39m
[31m     [31m×[31m should handle database errors gracefully[39m[32m 1[2mms[22m[39m
     [32m✓[39m should handle malformed request body[32m 0[2mms[22m[39m
AggregateError: 
    at internalConnectMultiple (node:net:1134:18)
    at afterConnectMultiple (node:net:1715:7) {
  code: 'ECONNREFUSED',
  [errors]: [
    Error: connect ECONNREFUSED ::1:3000
        at createConnectionError (node:net:1678:14)
        at afterConnectMultiple (node:net:1708:16) {
      errno: -4078,
      code: 'ECONNREFUSED',
      syscall: 'connect',
      address: '::1',
      port: 3000
    },
    Error: connect ECONNREFUSED 127.0.0.1:3000
        at createConnectionError (node:net:1678:14)
        at afterConnectMultiple (node:net:1708:16) {
      errno: -4078,
      code: 'ECONNREFUSED',
      syscall: 'connect',
      address: '127.0.0.1',
      port: 3000
    }
  ]
}
AggregateError: 
    at internalConnectMultiple (node:net:1134:18)
    at afterConnectMultiple (node:net:1715:7) {
  code: 'ECONNREFUSED',
  [errors]: [
    Error: connect ECONNREFUSED ::1:3000
        at createConnectionError (node:net:1678:14)
        at afterConnectMultiple (node:net:1708:16) {
      errno: -4078,
      code: 'ECONNREFUSED',
      syscall: 'connect',
      address: '::1',
      port: 3000
    },
    Error: connect ECONNREFUSED 127.0.0.1:3000
        at createConnectionError (node:net:1678:14)
        at afterConnectMultiple (node:net:1708:16) {
      errno: -4078,
      code: 'ECONNREFUSED',
      syscall: 'connect',
      address: '127.0.0.1',
      port: 3000
    }
  ]
}
 [31m❯[39m tests/components/CRMDashboard.test.tsx [2m([22m[2m4 tests[22m[2m | [22m[31m2 failed[39m[2m)[22m[32m 276[2mms[22m[39m
     [32m✓[39m should render leads tab by default[32m 95[2mms[22m[39m
[31m     [31m×[31m should display correct stats badges[39m[32m 43[2mms[22m[39m
     [32m✓[39m should filter leads by search query[32m 56[2mms[22m[39m
[31m     [31m×[31m should switch to contacts tab[39m[32m 81[2mms[22m[39m
 [31m❯[39m tests/api/validation.test.ts [2m([22m[2m20 tests[22m[2m | [22m[31m2 failed[39m[2m)[22m[32m 259[2mms[22m[39m
     [32m✓[39m should prevent SQL injection in contact creation[32m 6[2mms[22m[39m
     [32m✓[39m should sanitize special characters in search queries[32m 1[2mms[22m[39m
     [32m✓[39m should prevent XSS in campaign content[32m 1[2mms[22m[39m
     [32m✓[39m should sanitize HTML in contact names[32m 1[2mms[22m[39m
     [32m✓[39m should reject files larger than 10MB[32m 236[2mms[22m[39m
     [32m✓[39m should reject invalid file types[32m 1[2mms[22m[39m
[31m     [31m×[31m should accept valid file types[39m[32m 3[2mms[22m[39m
[31m     [31m×[31m should prevent path traversal in filenames[39m[32m 1[2mms[22m[39m
     [32m✓[39m should validate email format strictly[32m 1[2mms[22m[39m
     [32m✓[39m should validate string length constraints[32m 0[2mms[22m[39m
     [32m✓[39m should validate enum values strictly[32m 1[2mms[22m[39m
     [32m✓[39m should validate required fields[32m 0[2mms[22m[39m
     [32m✓[39m should validate datetime format[32m 1[2mms[22m[39m
     [32m✓[39m should accept valid datetime in ISO format[32m 1[2mms[22m[39m
     [32m✓[39m should handle unicode characters safely[32m 1[2mms[22m[39m
     [32m✓[39m should handle null bytes safely[32m 0[2mms[22m[39m
     [32m✓[39m should trim whitespace from inputs[32m 1[2mms[22m[39m
     [32m✓[39m should include security headers in responses[32m 0[2mms[22m[39m
     [32m✓[39m should handle deeply nested JSON[32m 1[2mms[22m[39m
     [32m✓[39m should handle very large JSON payloads[32m 1[2mms[22m[39m
AggregateError: 
    at internalConnectMultiple (node:net:1134:18)
    at afterConnectMultiple (node:net:1715:7) {
  code: 'ECONNREFUSED',
  [errors]: [
    Error: connect ECONNREFUSED ::1:3000
        at createConnectionError (node:net:1678:14)
        at afterConnectMultiple (node:net:1708:16) {
      errno: -4078,
      code: 'ECONNREFUSED',
      syscall: 'connect',
      address: '::1',
      port: 3000
    },
    Error: connect ECONNREFUSED 127.0.0.1:3000
        at createConnectionError (node:net:1678:14)
        at afterConnectMultiple (node:net:1708:16) {
      errno: -4078,
      code: 'ECONNREFUSED',
      syscall: 'connect',
      address: '127.0.0.1',
      port: 3000
    }
  ]
}
AggregateError: 
    at internalConnectMultiple (node:net:1134:18)
    at afterConnectMultiple (node:net:1715:7) {
  code: 'ECONNREFUSED',
  [errors]: [
    Error: connect ECONNREFUSED ::1:3000
        at createConnectionError (node:net:1678:14)
        at afterConnectMultiple (node:net:1708:16) {
      errno: -4078,
      code: 'ECONNREFUSED',
      syscall: 'connect',
      address: '::1',
      port: 3000
    },
    Error: connect ECONNREFUSED 127.0.0.1:3000
        at createConnectionError (node:net:1678:14)
        at afterConnectMultiple (node:net:1708:16) {
      errno: -4078,
      code: 'ECONNREFUSED',
      syscall: 'connect',
      address: '127.0.0.1',
      port: 3000
    }
  ]
}
AggregateError: 
    at internalConnectMultiple (node:net:1134:18)
    at afterConnectMultiple (node:net:1715:7) {
  code: 'ECONNREFUSED',
  [errors]: [
    Error: connect ECONNREFUSED ::1:3000
        at createConnectionError (node:net:1678:14)
        at afterConnectMultiple (node:net:1708:16) {
      errno: -4078,
      code: 'ECONNREFUSED',
      syscall: 'connect',
      address: '::1',
      port: 3000
    },
    Error: connect ECONNREFUSED 127.0.0.1:3000
        at createConnectionError (node:net:1678:14)
        at afterConnectMultiple (node:net:1708:16) {
      errno: -4078,
      code: 'ECONNREFUSED',
      syscall: 'connect',
      address: '127.0.0.1',
      port: 3000
    }
  ]
}
AggregateError: 
    at internalConnectMultiple (node:net:1134:18)
    at afterConnectMultiple (node:net:1715:7) {
  code: 'ECONNREFUSED',
  [errors]: [
    Error: connect ECONNREFUSED ::1:3000
        at createConnectionError (node:net:1678:14)
        at afterConnectMultiple (node:net:1708:16) {
      errno: -4078,
      code: 'ECONNREFUSED',
      syscall: 'connect',
      address: '::1',
      port: 3000
    },
    Error: connect ECONNREFUSED 127.0.0.1:3000
        at createConnectionError (node:net:1678:14)
        at afterConnectMultiple (node:net:1708:16) {
      errno: -4078,
      code: 'ECONNREFUSED',
      syscall: 'connect',
      address: '127.0.0.1',
      port: 3000
    }
  ]
}
AggregateError: 
    at internalConnectMultiple (node:net:1134:18)
    at afterConnectMultiple (node:net:1715:7) {
  code: 'ECONNREFUSED',
  [errors]: [
    Error: connect ECONNREFUSED ::1:3000
        at createConnectionError (node:net:1678:14)
        at afterConnectMultiple (node:net:1708:16) {
      errno: -4078,
      code: 'ECONNREFUSED',
      syscall: 'connect',
      address: '::1',
      port: 3000
    },
    Error: connect ECONNREFUSED 127.0.0.1:3000
        at createConnectionError (node:net:1678:14)
        at afterConnectMultiple (node:net:1708:16) {
      errno: -4078,
      code: 'ECONNREFUSED',
      syscall: 'connect',
      address: '127.0.0.1',
      port: 3000
    }
  ]
}
 [31m❯[39m tests/components/AgentsDashboard.test.tsx [2m([22m[2m22 tests[22m[2m | [22m[31m16 failed[39m[2m)[22m[33m 3312[2mms[22m[39m
     [32m✓[39m should render the agents dashboard[32m 51[2mms[22m[39m
[31m     [31m×[31m should display agent statistics[39m[32m 16[2mms[22m[39m
[31m     [31m×[31m should render agents list[39m[32m 14[2mms[22m[39m
[31m     [31m×[31m should display agent status badges[39m[32m 14[2mms[22m[39m
[31m     [31m×[31m should switch between tabs[39m[33m 1033[2mms[22m[39m
     [32m✓[39m should open Laboratory when Laboratory tab is clicked[32m 21[2mms[22m[39m
[31m     [31m×[31m should filter agents by search query[39m[33m 1027[2mms[22m[39m
[31m     [31m×[31m should display agent execution counts[39m[32m 15[2mms[22m[39m
[31m     [31m×[31m should handle agent selection for chat[39m[33m 1020[2mms[22m[39m
     [32m✓[39m should show empty state when no agents exist[32m 12[2mms[22m[39m
     [32m✓[39m should open Neptune panel for assistance[32m 27[2mms[22m[39m
     [32m✓[39m should display last execution time[32m 11[2mms[22m[39m
[31m     [31m×[31m should handle agent pause/resume[39m[32m 17[2mms[22m[39m
[31m     [31m×[31m should be accessible with proper ARIA labels[39m[32m 10[2mms[22m[39m
     [32m✓[39m should display agent type badges[32m 13[2mms[22m[39m
[31m     [31m×[31m should handle agent deletion[39m[32m 9[2mms[22m[39m
[31m     [31m×[31m should show Laboratory wizard on Laboratory tab[39m[32m 0[2mms[22m[39m
[31m     [31m×[31m should handle agent creation in Laboratory[39m[32m 0[2mms[22m[39m
[31m     [31m×[31m should show agent templates in Laboratory[39m[32m 0[2mms[22m[39m
[31m     [31m×[31m should show agent chat interface in Messages tab[39m[32m 0[2mms[22m[39m
[31m     [31m×[31m should handle sending messages to agents[39m[32m 1[2mms[22m[39m
[31m     [31m×[31m should display conversation history[39m[32m 0[2mms[22m[39m
AggregateError: 
    at internalConnectMultiple (node:net:1134:18)
    at afterConnectMultiple (node:net:1715:7) {
  code: 'ECONNREFUSED',
  [errors]: [
    Error: connect ECONNREFUSED ::1:3000
        at createConnectionError (node:net:1678:14)
        at afterConnectMultiple (node:net:1708:16) {
      errno: -4078,
      code: 'ECONNREFUSED',
      syscall: 'connect',
      address: '::1',
      port: 3000
    },
    Error: connect ECONNREFUSED 127.0.0.1:3000
        at createConnectionError (node:net:1678:14)
        at afterConnectMultiple (node:net:1708:16) {
      errno: -4078,
      code: 'ECONNREFUSED',
      syscall: 'connect',
      address: '127.0.0.1',
      port: 3000
    }
  ]
}

[31m⎯⎯⎯⎯⎯⎯[39m[1m[41m Failed Suites 6 [49m[22m[31m⎯⎯⎯⎯⎯⎯⎯[39m

[41m[1m FAIL [22m[49m tests/api/agents.test.ts[2m [ tests/api/agents.test.ts ][22m
[31m[1mError[22m: Failed to resolve import "@/lib/workflow-executor" from "tests/api/agents.test.ts". Does the file exist?[39m
  Plugin: [35mvite:import-analysis[39m
  File: [36mC:/Users/Owner/workspace/galaxyco-ai-3.0/tests/api/agents.test.ts[39m:350:42
[33m  302 |    });
  303 |    it("should handle execution errors gracefully", async () => {
  304 |      const { executeAgent } = await import("@/lib/workflow-executor");
      |                                            ^
  305 |      vi.mocked(executeAgent).mockRejectedValueOnce(new Error("Execution failed"));
  306 |      const request = new __vi_import_3__.NextRequest("http://localhost:3000/api/agents/test-run", {[39m
[90m [2m❯[22m TransformPluginContext._formatLog node_modules/vite/dist/node/chunks/config.js:[2m29647:43[22m[39m
[90m [2m❯[22m TransformPluginContext.error node_modules/vite/dist/node/chunks/config.js:[2m29644:14[22m[39m
[90m [2m❯[22m normalizeUrl node_modules/vite/dist/node/chunks/config.js:[2m27767:18[22m[39m
[90m [2m❯[22m node_modules/vite/dist/node/chunks/config.js:[2m27825:32[22m[39m
[90m [2m❯[22m TransformPluginContext.transform node_modules/vite/dist/node/chunks/config.js:[2m27793:4[22m[39m
[90m [2m❯[22m EnvironmentPluginContainer.transform node_modules/vite/dist/node/chunks/config.js:[2m29445:14[22m[39m
[90m [2m❯[22m loadAndTransform node_modules/vite/dist/node/chunks/config.js:[2m23316:26[22m[39m

[31m[2m⎯⎯⎯⎯⎯⎯⎯⎯⎯⎯⎯⎯⎯⎯⎯⎯⎯⎯⎯⎯⎯⎯⎯[1/99]⎯[22m[39m

[41m[1m FAIL [22m[49m tests/e2e/auth.spec.ts[2m [ tests/e2e/auth.spec.ts ][22m
[31m[1mError[22m: Playwright Test did not expect test.describe() to be called here.
Most common reasons include:
- You are calling test.describe() in a configuration file.
- You are calling test.describe() in a file that is imported by the configuration file.
- You have two different versions of @playwright/test. This usually happens
  when one of the dependencies in your package.json depends on @playwright/test.[39m
[90m [2m❯[22m TestTypeImpl._currentSuite node_modules/playwright/lib/common/testType.js:[2m75:13[22m[39m
[90m [2m❯[22m TestTypeImpl._describe node_modules/playwright/lib/common/testType.js:[2m115:24[22m[39m
[90m [2m❯[22m Function.describe node_modules/playwright/lib/transform/transform.js:[2m275:12[22m[39m
[36m [2m❯[22m tests/e2e/auth.spec.ts:[2m3:6[22m[39m
    [90m  1| [39m[35mimport[39m { test[33m,[39m expect } [35mfrom[39m [32m'@playwright/test'[39m[33m;[39m
    [90m  2| [39m
    [90m  3| [39mtest[33m.[39m[34mdescribe[39m([32m'Authentication Flow'[39m[33m,[39m () [33m=>[39m {
    [90m   | [39m     [31m^[39m
    [90m  4| [39m  test[33m.[39m[34mbeforeEach[39m([35masync[39m ({ page }) [33m=>[39m {
    [90m  5| [39m    [35mawait[39m page[33m.[39m[34mgoto[39m([32m'http://localhost:3000'[39m)[33m;[39m

[31m[2m⎯⎯⎯⎯⎯⎯⎯⎯⎯⎯⎯⎯⎯⎯⎯⎯⎯⎯⎯⎯⎯⎯⎯[2/99]⎯[22m[39m

[41m[1m FAIL [22m[49m tests/e2e/campaigns.spec.ts[2m [ tests/e2e/campaigns.spec.ts ][22m
[31m[1mError[22m: Playwright Test did not expect test.describe() to be called here.
Most common reasons include:
- You are calling test.describe() in a configuration file.
- You are calling test.describe() in a file that is imported by the configuration file.
- You have two different versions of @playwright/test. This usually happens
  when one of the dependencies in your package.json depends on @playwright/test.[39m
[90m [2m❯[22m TestTypeImpl._currentSuite node_modules/playwright/lib/common/testType.js:[2m75:13[22m[39m
[90m [2m❯[22m TestTypeImpl._describe node_modules/playwright/lib/common/testType.js:[2m115:24[22m[39m
[90m [2m❯[22m Function.describe node_modules/playwright/lib/transform/transform.js:[2m275:12[22m[39m
[36m [2m❯[22m tests/e2e/campaigns.spec.ts:[2m3:6[22m[39m
    [90m  1| [39m[35mimport[39m { test[33m,[39m expect } [35mfrom[39m [32m'@playwright/test'[39m[33m;[39m
    [90m  2| [39m
    [90m  3| [39mtest[33m.[39m[34mdescribe[39m([32m'Marketing Campaigns'[39m[33m,[39m () [33m=>[39m {
    [90m   | [39m     [31m^[39m
    [90m  4| [39m  test[33m.[39m[34mbeforeEach[39m([35masync[39m ({ page }) [33m=>[39m {
    [90m  5| [39m    [35mawait[39m page[33m.[39m[34mgoto[39m([32m'http://localhost:3000/sign-in'[39m)[33m;[39m

[31m[2m⎯⎯⎯⎯⎯⎯⎯⎯⎯⎯⎯⎯⎯⎯⎯⎯⎯⎯⎯⎯⎯⎯⎯[3/99]⎯[22m[39m

[41m[1m FAIL [22m[49m tests/e2e/crm.spec.ts[2m [ tests/e2e/crm.spec.ts ][22m
[31m[1mError[22m: Playwright Test did not expect test.describe() to be called here.
Most common reasons include:
- You are calling test.describe() in a configuration file.
- You are calling test.describe() in a file that is imported by the configuration file.
- You have two different versions of @playwright/test. This usually happens
  when one of the dependencies in your package.json depends on @playwright/test.[39m
[90m [2m❯[22m TestTypeImpl._currentSuite node_modules/playwright/lib/common/testType.js:[2m75:13[22m[39m
[90m [2m❯[22m TestTypeImpl._describe node_modules/playwright/lib/common/testType.js:[2m115:24[22m[39m
[90m [2m❯[22m Function.describe node_modules/playwright/lib/transform/transform.js:[2m275:12[22m[39m
[36m [2m❯[22m tests/e2e/crm.spec.ts:[2m3:6[22m[39m
    [90m  1| [39m[35mimport[39m { test[33m,[39m expect } [35mfrom[39m [32m'@playwright/test'[39m[33m;[39m
    [90m  2| [39m
    [90m  3| [39mtest[33m.[39m[34mdescribe[39m([32m'CRM Workflows'[39m[33m,[39m () [33m=>[39m {
    [90m   | [39m     [31m^[39m
    [90m  4| [39m  test[33m.[39m[34mbeforeEach[39m([35masync[39m ({ page }) [33m=>[39m {
    [90m  5| [39m    [90m// Navigate to sign-in page[39m

[31m[2m⎯⎯⎯⎯⎯⎯⎯⎯⎯⎯⎯⎯⎯⎯⎯⎯⎯⎯⎯⎯⎯⎯⎯[4/99]⎯[22m[39m

[41m[1m FAIL [22m[49m tests/e2e/knowledge.spec.ts[2m [ tests/e2e/knowledge.spec.ts ][22m
[31m[1mError[22m: Playwright Test did not expect test.describe() to be called here.
Most common reasons include:
- You are calling test.describe() in a configuration file.
- You are calling test.describe() in a file that is imported by the configuration file.
- You have two different versions of @playwright/test. This usually happens
  when one of the dependencies in your package.json depends on @playwright/test.[39m
[90m [2m❯[22m TestTypeImpl._currentSuite node_modules/playwright/lib/common/testType.js:[2m75:13[22m[39m
[90m [2m❯[22m TestTypeImpl._describe node_modules/playwright/lib/common/testType.js:[2m115:24[22m[39m
[90m [2m❯[22m Function.describe node_modules/playwright/lib/transform/transform.js:[2m275:12[22m[39m
[36m [2m❯[22m tests/e2e/knowledge.spec.ts:[2m4:6[22m[39m
    [90m  2| [39m[35mimport[39m path [35mfrom[39m [32m'path'[39m[33m;[39m
    [90m  3| [39m
    [90m  4| [39mtest[33m.[39m[34mdescribe[39m([32m'Knowledge Base'[39m[33m,[39m () [33m=>[39m {
    [90m   | [39m     [31m^[39m
    [90m  5| [39m  test[33m.[39m[34mbeforeEach[39m([35masync[39m ({ page }) [33m=>[39m {
    [90m  6| [39m    [35mawait[39m page[33m.[39m[34mgoto[39m([32m'http://localhost:3000/sign-in'[39m)[33m;[39m

[31m[2m⎯⎯⎯⎯⎯⎯⎯⎯⎯⎯⎯⎯⎯⎯⎯⎯⎯⎯⎯⎯⎯⎯⎯[5/99]⎯[22m[39m

[41m[1m FAIL [22m[49m tests/e2e/marketing-qa.spec.ts[2m [ tests/e2e/marketing-qa.spec.ts ][22m
[31m[1mError[22m: Playwright Test did not expect test.describe() to be called here.
Most common reasons include:
- You are calling test.describe() in a configuration file.
- You are calling test.describe() in a file that is imported by the configuration file.
- You have two different versions of @playwright/test. This usually happens
  when one of the dependencies in your package.json depends on @playwright/test.[39m
[90m [2m❯[22m TestTypeImpl._currentSuite node_modules/playwright/lib/common/testType.js:[2m75:13[22m[39m
[90m [2m❯[22m TestTypeImpl._describe node_modules/playwright/lib/common/testType.js:[2m115:24[22m[39m
[90m [2m❯[22m Function.describe node_modules/playwright/lib/transform/transform.js:[2m275:12[22m[39m
[36m [2m❯[22m tests/e2e/marketing-qa.spec.ts:[2m78:6[22m[39m
    [90m 76| [39m}
    [90m 77| [39m
    [90m 78| [39mtest[33m.[39m[34mdescribe[39m([32m"Marketing QA (screenshots)"[39m[33m,[39m () [33m=>[39m {
    [90m   | [39m     [31m^[39m
    [90m 79| [39m  [34mtest[39m([32m"desktop"[39m[33m,[39m [35masync[39m ({ page }[33m,[39m testInfo) [33m=>[39m {
    [90m 80| [39m    await captureRouteScreenshots(page, testInfo, { folder: "screensho…

[31m[2m⎯⎯⎯⎯⎯⎯⎯⎯⎯⎯⎯⎯⎯⎯⎯⎯⎯⎯⎯⎯⎯⎯⎯[6/99]⎯[22m[39m


[31m⎯⎯⎯⎯⎯⎯[39m[1m[41m Failed Tests 93 [49m[22m[31m⎯⎯⎯⎯⎯⎯⎯[39m

[41m[1m FAIL [22m[49m tests/api/finance.test.ts[2m > [22mGET /api/finance/invoices[2m > [22mshould return invoices list
[31m[1mAssertionError[22m: expected false to be true // Object.is equality[39m

[32m- Expected[39m
[31m+ Received[39m

[32m- true[39m
[31m+ false[39m

[36m [2m❯[22m tests/api/finance.test.ts:[2m105:33[22m[39m
    [90m103| [39m
    [90m104| [39m    [34mexpect[39m(response[33m.[39mstatus)[33m.[39m[34mtoBe[39m([34m200[39m)[33m;[39m
    [90m105| [39m    [34mexpect[39m([33mArray[39m[33m.[39m[34misArray[39m(data))[33m.[39m[34mtoBe[39m([35mtrue[39m)[33m;[39m
    [90m   | [39m                                [31m^[39m
    [90m106| [39m    [34mexpect[39m(data)[33m.[39m[34mtoHaveLength[39m([34m1[39m)[33m;[39m
    [90m107| [39m  })[33m;[39m

[31m[2m⎯⎯⎯⎯⎯⎯⎯⎯⎯⎯⎯⎯⎯⎯⎯⎯⎯⎯⎯⎯⎯⎯⎯[7/99]⎯[22m[39m

[41m[1m FAIL [22m[49m tests/api/finance.test.ts[2m > [22mGET /api/finance/invoices[2m > [22mshould return invoices with correct structure
[31m[1mTypeError[22m: Cannot convert undefined or null to object[39m
[36m [2m❯[22m tests/api/finance.test.ts:[2m115:21[22m[39m
    [90m113| [39m
    [90m114| [39m    [35mconst[39m invoice [33m=[39m data[[34m0[39m][33m;[39m
    [90m115| [39m    [34mexpect[39m(invoice)[33m.[39m[34mtoHaveProperty[39m([32m'id'[39m)[33m;[39m
    [90m   | [39m                    [31m^[39m
    [90m116| [39m    [34mexpect[39m(invoice)[33m.[39m[34mtoHaveProperty[39m([32m'invoiceNumber'[39m)[33m;[39m
    [90m117| [39m    [34mexpect[39m(invoice)[33m.[39m[34mtoHaveProperty[39m([32m'clientName'[39m)[33m;[39m

[31m[2m⎯⎯⎯⎯⎯⎯⎯⎯⎯⎯⎯⎯⎯⎯⎯⎯⎯⎯⎯⎯⎯⎯⎯[8/99]⎯[22m[39m

[41m[1m FAIL [22m[49m tests/api/finance.test.ts[2m > [22mGET /api/finance/invoices[2m > [22mshould handle empty invoices list
[31m[1mAssertionError[22m: expected { invoices: [], pagination: { …(2) } } to have property 'length'[39m
[36m [2m❯[22m tests/api/finance.test.ts:[2m132:18[22m[39m
    [90m130| [39m
    [90m131| [39m    [34mexpect[39m(response[33m.[39mstatus)[33m.[39m[34mtoBe[39m([34m200[39m)[33m;[39m
    [90m132| [39m    [34mexpect[39m(data)[33m.[39m[34mtoHaveLength[39m([34m0[39m)[33m;[39m
    [90m   | [39m                 [31m^[39m
    [90m133| [39m  })[33m;[39m
    [90m134| [39m

[31m[2m⎯⎯⎯⎯⎯⎯⎯⎯⎯⎯⎯⎯⎯⎯⎯⎯⎯⎯⎯⎯⎯⎯⎯[9/99]⎯[22m[39m

[41m[1m FAIL [22m[49m tests/api/finance.test.ts[2m > [22mGET /api/finance/invoices[2m > [22mshould calculate amounts correctly (cents to dollars)
[31m[1mTypeError[22m: Cannot read properties of undefined (reading 'amount')[39m
[36m [2m❯[22m tests/api/finance.test.ts:[2m141:20[22m[39m
    [90m139| [39m
    [90m140| [39m    [35mconst[39m invoice [33m=[39m data[[34m0[39m][33m;[39m
    [90m141| [39m    [34mexpect[39m(invoice[33m.[39mamount)[33m.[39m[34mtoBe[39m([34m100000[39m)[33m;[39m [90m// Should remain in cents[39m
    [90m   | [39m                   [31m^[39m
    [90m142| [39m  })[33m;[39m
    [90m143| [39m})[33m;[39m

[31m[2m⎯⎯⎯⎯⎯⎯⎯⎯⎯⎯⎯⎯⎯⎯⎯⎯⎯⎯⎯⎯⎯⎯[10/99]⎯[22m[39m

[41m[1m FAIL [22m[49m tests/api/finance.test.ts[2m > [22mPOST /api/finance/invoices[2m > [22mshould create invoice with valid data
[31m[1mAssertionError[22m: expected 400 to be 201 // Object.is equality[39m

[32m- Expected[39m
[31m+ Received[39m

[32m- 201[39m
[31m+ 400[39m

[36m [2m❯[22m tests/api/finance.test.ts:[2m168:29[22m[39m
    [90m166| [39m    [35mconst[39m data [33m=[39m [35mawait[39m response[33m.[39m[34mjson[39m()[33m;[39m
    [90m167| [39m
    [90m168| [39m    [34mexpect[39m(response[33m.[39mstatus)[33m.[39m[34mtoBe[39m([34m201[39m)[33m;[39m
    [90m   | [39m                            [31m^[39m
    [90m169| [39m    [34mexpect[39m(data)[33m.[39m[34mtoHaveProperty[39m([32m'id'[39m)[33m;[39m
    [90m170| [39m    [34mexpect[39m(data[33m.[39minvoiceNumber)[33m.[39m[34mtoBe[39m([32m'INV-002'[39m)[33m;[39m

[31m[2m⎯⎯⎯⎯⎯⎯⎯⎯⎯⎯⎯⎯⎯⎯⎯⎯⎯⎯⎯⎯⎯⎯[11/99]⎯[22m[39m

[41m[1m FAIL [22m[49m tests/api/finance.test.ts[2m > [22mPOST /api/finance/invoices[2m > [22mshould handle invoice items array
[31m[1mAssertionError[22m: expected 400 to be 201 // Object.is equality[39m

[32m- Expected[39m
[31m+ Received[39m

[32m- 201[39m
[31m+ 400[39m

[36m [2m❯[22m tests/api/finance.test.ts:[2m258:29[22m[39m
    [90m256| [39m    [35mconst[39m data [33m=[39m [35mawait[39m response[33m.[39m[34mjson[39m()[33m;[39m
    [90m257| [39m
    [90m258| [39m    [34mexpect[39m(response[33m.[39mstatus)[33m.[39m[34mtoBe[39m([34m201[39m)[33m;[39m
    [90m   | [39m                            [31m^[39m
    [90m259| [39m    [34mexpect[39m(data)[33m.[39m[34mtoHaveProperty[39m([32m'id'[39m)[33m;[39m
    [90m260| [39m  })[33m;[39m

[31m[2m⎯⎯⎯⎯⎯⎯⎯⎯⎯⎯⎯⎯⎯⎯⎯⎯⎯⎯⎯⎯⎯⎯[12/99]⎯[22m[39m

[41m[1m FAIL [22m[49m tests/api/finance.test.ts[2m > [22mPOST /api/finance/invoices[2m > [22mshould set default status to draft
[31m[1mAssertionError[22m: expected 400 to be 201 // Object.is equality[39m

[32m- Expected[39m
[31m+ Received[39m

[32m- 201[39m
[31m+ 400[39m

[36m [2m❯[22m tests/api/finance.test.ts:[2m275:29[22m[39m
    [90m273| [39m    [35mconst[39m data [33m=[39m [35mawait[39m response[33m.[39m[34mjson[39m()[33m;[39m
    [90m274| [39m
    [90m275| [39m    [34mexpect[39m(response[33m.[39mstatus)[33m.[39m[34mtoBe[39m([34m201[39m)[33m;[39m
    [90m   | [39m                            [31m^[39m
    [90m276| [39m    [34mexpect[39m(data[33m.[39mstatus)[33m.[39m[34mtoBe[39m([32m'draft'[39m)[33m;[39m
    [90m277| [39m  })[33m;[39m

[31m[2m⎯⎯⎯⎯⎯⎯⎯⎯⎯⎯⎯⎯⎯⎯⎯⎯⎯⎯⎯⎯⎯⎯[13/99]⎯[22m[39m

[41m[1m FAIL [22m[49m tests/api/finance.test.ts[2m > [22mGET /api/integrations/status[2m > [22mshould return integration status for all providers
[31m[1mAssertionError[22m: expected 500 to be 200 // Object.is equality[39m

[32m- Expected[39m
[31m+ Received[39m

[32m- 200[39m
[31m+ 500[39m

[36m [2m❯[22m tests/api/finance.test.ts:[2m290:29[22m[39m
    [90m288| [39m    [35mconst[39m data [33m=[39m [35mawait[39m response[33m.[39m[34mjson[39m()[33m;[39m
    [90m289| [39m
    [90m290| [39m    [34mexpect[39m(response[33m.[39mstatus)[33m.[39m[34mtoBe[39m([34m200[39m)[33m;[39m
    [90m   | [39m                            [31m^[39m
    [90m291| [39m    [34mexpect[39m(data)[33m.[39m[34mtoHaveProperty[39m([32m'integrations'[39m)[33m;[39m
    [90m292| [39m    [34mexpect[39m([33mArray[39m[33m.[39m[34misArray[39m(data[33m.[39mintegrations))[33m.[39m[34mtoBe[39m([35mtrue[39m)[33m;[39m

[31m[2m⎯⎯⎯⎯⎯⎯⎯⎯⎯⎯⎯⎯⎯⎯⎯⎯⎯⎯⎯⎯⎯⎯[14/99]⎯[22m[39m

[41m[1m FAIL [22m[49m tests/api/finance.test.ts[2m > [22mGET /api/integrations/status[2m > [22mshould show QuickBooks as connected when credentials exist
[31m[1mTypeError[22m: Cannot read properties of undefined (reading 'find')[39m
[36m [2m❯[22m tests/api/finance.test.ts:[2m300:42[22m[39m
    [90m298| [39m    [35mconst[39m data [33m=[39m [35mawait[39m response[33m.[39m[34mjson[39m()[33m;[39m
    [90m299| [39m
    [90m300| [39m    const quickbooks = data.integrations.find((i: any) => i.provider =…
    [90m   | [39m                                         [31m^[39m
    [90m301| [39m    [34mexpect[39m(quickbooks)[33m.[39m[34mtoBeDefined[39m()[33m;[39m
    [90m302| [39m    [34mexpect[39m(quickbooks[33m.[39mstatus)[33m.[39m[34mtoBe[39m([32m'connected'[39m)[33m;[39m

[31m[2m⎯⎯⎯⎯⎯⎯⎯⎯⎯⎯⎯⎯⎯⎯⎯⎯⎯⎯⎯⎯⎯⎯[15/99]⎯[22m[39m

[41m[1m FAIL [22m[49m tests/api/finance.test.ts[2m > [22mGET /api/integrations/status[2m > [22mshould show Stripe as connected when credentials exist
[31m[1mTypeError[22m: Cannot read properties of undefined (reading 'find')[39m
[36m [2m❯[22m tests/api/finance.test.ts:[2m310:38[22m[39m
    [90m308| [39m    [35mconst[39m data [33m=[39m [35mawait[39m response[33m.[39m[34mjson[39m()[33m;[39m
    [90m309| [39m
    [90m310| [39m    const stripe = data.integrations.find((i: any) => i.provider === '…
    [90m   | [39m                                     [31m^[39m
    [90m311| [39m    [34mexpect[39m(stripe)[33m.[39m[34mtoBeDefined[39m()[33m;[39m
    [90m312| [39m    [34mexpect[39m(stripe[33m.[39mstatus)[33m.[39m[34mtoBe[39m([32m'connected'[39m)[33m;[39m

[31m[2m⎯⎯⎯⎯⎯⎯⎯⎯⎯⎯⎯⎯⎯⎯⎯⎯⎯⎯⎯⎯⎯⎯[16/99]⎯[22m[39m

[41m[1m FAIL [22m[49m tests/api/finance.test.ts[2m > [22mGET /api/integrations/status[2m > [22mshould show disconnected status for providers without credentials
[31m[1mTypeError[22m: Cannot read properties of undefined (reading 'every')[39m
[36m [2m❯[22m tests/api/finance.test.ts:[2m323:47[22m[39m
    [90m321| [39m    [35mconst[39m data [33m=[39m [35mawait[39m response[33m.[39m[34mjson[39m()[33m;[39m
    [90m322| [39m
    [90m323| [39m    [35mconst[39m allDisconnected [33m=[39m data[33m.[39mintegrations[33m.[39m[34mevery[39m((i[33m:[39m any) [33m=>[39m 
    [90m   | [39m                                              [31m^[39m
    [90m324| [39m      i[33m.[39mstatus [33m===[39m [32m'disconnected'[39m [33m||[39m i[33m.[39mstatus [33m===[39m [32m'not_configured'[39m
    [90m325| [39m    )[33m;[39m

[31m[2m⎯⎯⎯⎯⎯⎯⎯⎯⎯⎯⎯⎯⎯⎯⎯⎯⎯⎯⎯⎯⎯⎯[17/99]⎯[22m[39m

[41m[1m FAIL [22m[49m tests/api/finance.test.ts[2m > [22mGET /api/integrations/status[2m > [22mshould handle expired credentials
[31m[1mTypeError[22m: Cannot read properties of undefined (reading 'find')[39m
[36m [2m❯[22m tests/api/finance.test.ts:[2m347:42[22m[39m
    [90m345| [39m    [35mconst[39m data [33m=[39m [35mawait[39m response[33m.[39m[34mjson[39m()[33m;[39m
    [90m346| [39m
    [90m347| [39m    const quickbooks = data.integrations.find((i: any) => i.provider =…
    [90m   | [39m                                         [31m^[39m
    [90m348| [39m    // Should handle expired credential (status may be 'expired' or 'd…
    [90m349| [39m    [34mexpect[39m([[32m'expired'[39m[33m,[39m [32m'disconnected'[39m])[33m.[39m[34mtoContain[39m(quickbooks[33m.[39mstatus)[33m;[39m

[31m[2m⎯⎯⎯⎯⎯⎯⎯⎯⎯⎯⎯⎯⎯⎯⎯⎯⎯⎯⎯⎯⎯⎯[18/99]⎯[22m[39m

[41m[1m FAIL [22m[49m tests/api/finance.test.ts[2m > [22mGET /api/integrations/status[2m > [22mshould include metadata for connected integrations
[31m[1mTypeError[22m: Cannot read properties of undefined (reading 'find')[39m
[36m [2m❯[22m tests/api/finance.test.ts:[2m357:42[22m[39m
    [90m355| [39m    [35mconst[39m data [33m=[39m [35mawait[39m response[33m.[39m[34mjson[39m()[33m;[39m
    [90m356| [39m
    [90m357| [39m    const quickbooks = data.integrations.find((i: any) => i.provider =…
    [90m   | [39m                                         [31m^[39m
    [90m358| [39m    [34mexpect[39m(quickbooks)[33m.[39m[34mtoHaveProperty[39m([32m'metadata'[39m)[33m;[39m
    [90m359| [39m  })[33m;[39m

[31m[2m⎯⎯⎯⎯⎯⎯⎯⎯⎯⎯⎯⎯⎯⎯⎯⎯⎯⎯⎯⎯⎯⎯[19/99]⎯[22m[39m

[41m[1m FAIL [22m[49m tests/api/finance.test.ts[2m > [22mIntegration Error Handling[2m > [22mshould handle database errors gracefully
[31m[1mAssertionError[22m: expected 200 to be 500 // Object.is equality[39m

[32m- Expected[39m
[31m+ Received[39m

[32m- 500[39m
[31m+ 200[39m

[36m [2m❯[22m tests/api/finance.test.ts:[2m391:29[22m[39m
    [90m389| [39m    [35mconst[39m response [33m=[39m [35mawait[39m [33mGET_INVOICES[39m(request)[33m;[39m
    [90m390| [39m
    [90m391| [39m    [34mexpect[39m(response[33m.[39mstatus)[33m.[39m[34mtoBe[39m([34m500[39m)[33m;[39m
    [90m   | [39m                            [31m^[39m
    [90m392| [39m  })[33m;[39m
    [90m393| [39m

[31m[2m⎯⎯⎯⎯⎯⎯⎯⎯⎯⎯⎯⎯⎯⎯⎯⎯⎯⎯⎯⎯⎯⎯[20/99]⎯[22m[39m

[41m[1m FAIL [22m[49m tests/api/validation.test.ts[2m > [22mFile Upload Security[2m > [22mshould accept valid file types
[31m[1mAssertionError[22m: expected 503 to be less than 500[39m
[36m [2m❯[22m tests/api/validation.test.ts:[2m236:31[22m[39m
    [90m234| [39m      [35mconst[39m response [33m=[39m [35mawait[39m [33mUPLOAD_KNOWLEDGE[39m(request)[33m;[39m
    [90m235| [39m      [90m// Should succeed or fail validation, but not server error[39m
    [90m236| [39m      [34mexpect[39m(response[33m.[39mstatus)[33m.[39m[34mtoBeLessThan[39m([34m500[39m)[33m;[39m
    [90m   | [39m                              [31m^[39m
    [90m237| [39m    }
    [90m238| [39m  })[33m;[39m

[31m[2m⎯⎯⎯⎯⎯⎯⎯⎯⎯⎯⎯⎯⎯⎯⎯⎯⎯⎯⎯⎯⎯⎯[21/99]⎯[22m[39m

[41m[1m FAIL [22m[49m tests/api/validation.test.ts[2m > [22mFile Upload Security[2m > [22mshould prevent path traversal in filenames
[31m[1mAssertionError[22m: expected 503 to be less than 500[39m
[36m [2m❯[22m tests/api/validation.test.ts:[2m260:31[22m[39m
    [90m258| [39m      [35mconst[39m response [33m=[39m [35mawait[39m [33mUPLOAD_KNOWLEDGE[39m(request)[33m;[39m
    [90m259| [39m      [90m// Should sanitize filename or reject[39m
    [90m260| [39m      [34mexpect[39m(response[33m.[39mstatus)[33m.[39m[34mtoBeLessThan[39m([34m500[39m)[33m;[39m
    [90m   | [39m                              [31m^[39m
    [90m261| [39m    }
    [90m262| [39m  })[33m;[39m

[31m[2m⎯⎯⎯⎯⎯⎯⎯⎯⎯⎯⎯⎯⎯⎯⎯⎯⎯⎯⎯⎯⎯⎯[22/99]⎯[22m[39m

[41m[1m FAIL [22m[49m tests/components/AgentsDashboard.test.tsx[2m > [22mMyAgentsDashboard[2m > [22mshould display agent statistics
[31m[1mTestingLibraryElementError[22m[39m: Unable to find an element with the text: 3. This could be because the text is broken up by multiple elements. In this case, you can provide a function for your text matcher to make your matcher more flexible.

Ignored nodes: comments, script, style
[36m<body>[39m
  [36m<div>[39m
    [36m<div[39m
      [33mclass[39m=[32m"flex h-full flex-col bg-background"[39m
    [36m>[39m
      [36m<div[39m
        [33mclass[39m=[32m"border-b bg-background px-6 py-4"[39m
      [36m>[39m
        [36m<div[39m
          [33mclass[39m=[32m"flex items-center justify-between pt-4"[39m
        [36m>[39m
          [36m<div[39m
            [33mclass[39m=[32m"flex items-center gap-3"[39m
          [36m>[39m
            [36m<svg[39m
              [33maria-hidden[39m=[32m"true"[39m
              [33mclass[39m=[32m"lucide lucide-zap w-6 h-6 md:w-7 md:h-7 drop-shadow-sm"[39m
              [33mfill[39m=[32m"none"[39m
              [33mheight[39m=[32m"24"[39m
              [33mstroke[39m=[32m"url(#icon-gradient-_r_7_)"[39m
              [33mstroke-linecap[39m=[32m"round"[39m
              [33mstroke-linejoin[39m=[32m"round"[39m
              [33mstroke-width[39m=[32m"2"[39m
              [33mviewBox[39m=[32m"0 0 24 24"[39m
              [33mwidth[39m=[32m"24"[39m
              [33mxmlns[39m=[32m"http://www.w3.org/2000/svg"[39m
            [36m>[39m
              [36m<path[39m
                [33md[39m=[32m"M4 14a1 1 0 0 1-.78-1.63l9.9-10.2a.5.5 0 0 1 .86.46l-1.92 6.02A1 1 0 0 0 13 10h7a1 1 0 0 1 .78 1.63l-9.9 10.2a.5.5 0 0 1-.86-.46l1.92-6.02A1 1 0 0 0 11 14z"[39m
              [36m/>[39m
            [36m</svg>[39m
            [36m<svg[39m
              [33mclass[39m=[32m"absolute"[39m
              [33mheight[39m=[32m"0"[39m
              [33mwidth[39m=[32m"0"[39m
            [36m>[39m
              [36m<defs>[39m
                [36m<lineargradient[39m
                  [33mid[39m=[32m"icon-gradient-_r_7_"[39m
                  [33mx1[39m=[32m"0%"[39m
                  [33mx2[39m=[32m"100%"[39m
                  [33my1[39m=[32m"0%"[39m
                  [33my2[39m=[32m"100%"[39m
                [36m>[39m
                  [36m<stop[39m
                    [33moffset[39m=[32m"0%"[39m
                    [33mstop-color[39m=[32m"#8b5cf6"[39m
                  [36m/>[39m
                  [36m<stop[39m
                    [33moffset[39m=[32m"100%"[39m
                    [33mstop-color[39m=[32m"#3b82f6"[39m
                  [36m/>[39m
                [36m</lineargradient>[39m
              [36m</defs>[39m
            [36m</svg>[39m
            [36m<div[39m
              [33mclass[39m=[32m"flex flex-col"[39m
            [36m>[39m
              [36m<h1[39m
                [33mclass[39m=[32m"branded-page-title-compact md:branded-page-title text-xl md:text-2xl uppercase drop-shadow-sm"[39m
              [36m>[39m
                [0mMy Agents[0m
              [36m</h1>[39m
            [36m</div>[39m
          [36m</div>[39m
          [36m<div[39m
            [33mclass[39m=[32m"hidden lg:flex flex-wrap items-center gap-3"[39m
          [36m>[39m
            [36m<span[39m
              [33mclass[39m=[32m"inline-flex w-fit shrink-0 items-center justify-center whitespace-nowrap border font-medium overflow-hidden [&>svg]:pointer-events-none [&>svg]:shrink-0 focus-visible:border-ring focus-visible:ring-ring/50 focus-visible:ring-[3px] aria-invalid:ring-destructive/20 dark:aria-invalid:ring-destructive/40 aria-invalid:border-destructive transition-colors rounded-full px-3 py-1.5 text-sm gap-1.5 [&>svg]:size-3.5 bg-emerald-50 text-emerald-700 border-emerald-200 hover:bg-emerald-100 dark:bg-emerald-900/20 dark:text-emerald-300 dark:border-emerald-800 dark:hover:bg-emerald-900/30"[39m
              [33mdata-slot[39m=[32m"badge"[39m
            [36m>[39m
              [36m<svg[39m
                [33maria-hidden[39m=[32m"true"[39m
                [33mclass[39m=[32m"lucide lucide-activity h-3.5 w-3.5"[39m
                [33mfill[39m=[32m"none"[39m
                [33mheight[39m=[32m"24"[39m
                [33mstroke[39m=[32m"currentColor"[39m
                [33mstroke-linecap[39m=[32m"round"[39m
                [33mstroke-linejoin[39m=[32m"round"[39m
                [33mstroke-width[39m=[32m"2"[39m
                [33mviewBox[39m=[32m"0 0 24 24"[39m
                [33mwidth[39m=[32m"24"[39m
                [33mxmlns[39m=[32m"http://www.w3.org/2000/svg"[39m
              [36m>[39m
                [36m<path[39m
                  [33md[39m=[32m"M22 12h-2.48a2 2 0 0 0-1.93 1.46l-2.35 8.36a.25.25 0 0 1-.48 0L9.24 2.18a.25.25 0 0 0-.48 0l-2.35 8.36A2 2 0 0 1 4.49 12H2"[39m
                [36m/>[39m
              [36m</svg>[39m
              [36m<span[39m
                [33mclass[39m=[32m"font-semibold"[39m
              [36m>[39m
                [0m0[0m
              [36m</span>[39m
              [36m<span[39m
                [33mclass[39m=[32m"ml-1 font-normal opacity-70"[39m
              [36m>[39m
                [0mActive[0m
              [36m</span>[39m
            [36m</span>[39m
            [36m<span[39m
              [33mclass[39m=[32m"inline-flex w-fit shrink-0 items-center justify-center whitespace-nowrap border font-medium overflow-hidden [&>svg]:pointer-events-none [&>svg]:shrink-0 focus-visible:border-ring focus-visible:ring-ring/50 focus-visible:ring-[3px] aria-invalid:ring-destructive/20 dark:aria-invalid:ring-destructive/40 aria-invalid:border-destructive transition-colors rounded-full px-3 py-1.5 text-sm gap-1.5 [&>svg]:size-3.5 bg-blue-50 text-blue-700 border-blue-200 hover:bg-blue-100 dark:bg-blue-900/20 dark:text-blue-300 dark:border-blue-800 dark:hover:bg-blue-900/30"[39m
              [33mdata-slot[39m=[32m"badge"[39m
            [36m>[39m
              [36m<svg[39m
                [33maria-hidden[39m=[32m"true"[39m
                [33mclass[39m=[32m"lucide lucide-circle-check h-3.5 w-3.5"[39m
                [33mfill[39m=[32m"none"[39m
                [33mheight[39m=[32m"24"[39m
                [33mstroke[39m=[32m"currentColor"[39m
                [33mstroke-linecap[39m=[32m"round"[39m
                [33mstroke-linejoin[39m=[32m"round"[39m
                [33mstroke-width[39m=[32m"2"[39m
                [33mviewBox[39m=[32m"0 0 24 24"[39m
                [33mwidth[39m=[32m"24"[39m
                [33mxmlns[39m=[32m"http://www.w3.org/2000/svg"[39m
              [36m>[39m
                [36m<circle[39m
                  [33mcx[39m=[32m"12"[39m
                  [33mcy[39m=[32m"12"[39m
                  [33mr[39m=[32m"10"[39m
                [36m/>[39m
                [36m<path[39m
                  [33md[39m=[32m"m9 12 2 2 4-4"[39m
                [36m/>[39m
              [36m</svg>[39m
              [36m<span[39m
                [33mclass[39m=[32m"font-semibold"[39m
              [36m>[39m
                [0m0[0m
              [36m</span>[39m
          ...
[90m [2m❯[22m Object.getElementError node_modules/@testing-library/dom/dist/config.js:[2m37:19[22m[39m
[90m [2m❯[22m node_modules/@testing-library/dom/dist/query-helpers.js:[2m76:38[22m[39m
[90m [2m❯[22m node_modules/@testing-library/dom/dist/query-helpers.js:[2m52:17[22m[39m
[90m [2m❯[22m node_modules/@testing-library/dom/dist/query-helpers.js:[2m95:19[22m[39m
[36m [2m❯[22m tests/components/AgentsDashboard.test.tsx:[2m96:19[22m[39m
    [90m 94| [39m    
    [90m 95| [39m    [90m// Should show total agents count[39m
    [90m 96| [39m    [34mexpect[39m(screen[33m.[39m[34mgetByText[39m([32m'3'[39m))[33m.[39m[34mtoBeInTheDocument[39m()[33m;[39m
    [90m   | [39m                  [31m^[39m
    [90m 97| [39m    [90m// Should show active agents count[39m
    [90m 98| [39m    [34mexpect[39m(screen[33m.[39m[34mgetByText[39m([32m'1'[39m))[33m.[39m[34mtoBeInTheDocument[39m()[33m;[39m

[31m[2m⎯⎯⎯⎯⎯⎯⎯⎯⎯⎯⎯⎯⎯⎯⎯⎯⎯⎯⎯⎯⎯⎯[23/99]⎯[22m[39m

[41m[1m FAIL [22m[49m tests/components/AgentsDashboard.test.tsx[2m > [22mMyAgentsDashboard[2m > [22mshould render agents list
[31m[1mTestingLibraryElementError[22m[39m: Unable to find an element with the text: Sales Assistant. This could be because the text is broken up by multiple elements. In this case, you can provide a function for your text matcher to make your matcher more flexible.

Ignored nodes: comments, script, style
[36m<body>[39m
  [36m<div>[39m
    [36m<div[39m
      [33mclass[39m=[32m"flex h-full flex-col bg-background"[39m
    [36m>[39m
      [36m<div[39m
        [33mclass[39m=[32m"border-b bg-background px-6 py-4"[39m
      [36m>[39m
        [36m<div[39m
          [33mclass[39m=[32m"flex items-center justify-between pt-4"[39m
        [36m>[39m
          [36m<div[39m
            [33mclass[39m=[32m"flex items-center gap-3"[39m
          [36m>[39m
            [36m<svg[39m
              [33maria-hidden[39m=[32m"true"[39m
              [33mclass[39m=[32m"lucide lucide-zap w-6 h-6 md:w-7 md:h-7 drop-shadow-sm"[39m
              [33mfill[39m=[32m"none"[39m
              [33mheight[39m=[32m"24"[39m
              [33mstroke[39m=[32m"url(#icon-gradient-_r_e_)"[39m
              [33mstroke-linecap[39m=[32m"round"[39m
              [33mstroke-linejoin[39m=[32m"round"[39m
              [33mstroke-width[39m=[32m"2"[39m
              [33mviewBox[39m=[32m"0 0 24 24"[39m
              [33mwidth[39m=[32m"24"[39m
              [33mxmlns[39m=[32m"http://www.w3.org/2000/svg"[39m
            [36m>[39m
              [36m<path[39m
                [33md[39m=[32m"M4 14a1 1 0 0 1-.78-1.63l9.9-10.2a.5.5 0 0 1 .86.46l-1.92 6.02A1 1 0 0 0 13 10h7a1 1 0 0 1 .78 1.63l-9.9 10.2a.5.5 0 0 1-.86-.46l1.92-6.02A1 1 0 0 0 11 14z"[39m
              [36m/>[39m
            [36m</svg>[39m
            [36m<svg[39m
              [33mclass[39m=[32m"absolute"[39m
              [33mheight[39m=[32m"0"[39m
              [33mwidth[39m=[32m"0"[39m
            [36m>[39m
              [36m<defs>[39m
                [36m<lineargradient[39m
                  [33mid[39m=[32m"icon-gradient-_r_e_"[39m
                  [33mx1[39m=[32m"0%"[39m
                  [33mx2[39m=[32m"100%"[39m
                  [33my1[39m=[32m"0%"[39m
                  [33my2[39m=[32m"100%"[39m
                [36m>[39m
                  [36m<stop[39m
                    [33moffset[39m=[32m"0%"[39m
                    [33mstop-color[39m=[32m"#8b5cf6"[39m
                  [36m/>[39m
                  [36m<stop[39m
                    [33moffset[39m=[32m"100%"[39m
                    [33mstop-color[39m=[32m"#3b82f6"[39m
                  [36m/>[39m
                [36m</lineargradient>[39m
              [36m</defs>[39m
            [36m</svg>[39m
            [36m<div[39m
              [33mclass[39m=[32m"flex flex-col"[39m
            [36m>[39m
              [36m<h1[39m
                [33mclass[39m=[32m"branded-page-title-compact md:branded-page-title text-xl md:text-2xl uppercase drop-shadow-sm"[39m
              [36m>[39m
                [0mMy Agents[0m
              [36m</h1>[39m
            [36m</div>[39m
          [36m</div>[39m
          [36m<div[39m
            [33mclass[39m=[32m"hidden lg:flex flex-wrap items-center gap-3"[39m
          [36m>[39m
            [36m<span[39m
              [33mclass[39m=[32m"inline-flex w-fit shrink-0 items-center justify-center whitespace-nowrap border font-medium overflow-hidden [&>svg]:pointer-events-none [&>svg]:shrink-0 focus-visible:border-ring focus-visible:ring-ring/50 focus-visible:ring-[3px] aria-invalid:ring-destructive/20 dark:aria-invalid:ring-destructive/40 aria-invalid:border-destructive transition-colors rounded-full px-3 py-1.5 text-sm gap-1.5 [&>svg]:size-3.5 bg-emerald-50 text-emerald-700 border-emerald-200 hover:bg-emerald-100 dark:bg-emerald-900/20 dark:text-emerald-300 dark:border-emerald-800 dark:hover:bg-emerald-900/30"[39m
              [33mdata-slot[39m=[32m"badge"[39m
            [36m>[39m
              [36m<svg[39m
                [33maria-hidden[39m=[32m"true"[39m
                [33mclass[39m=[32m"lucide lucide-activity h-3.5 w-3.5"[39m
                [33mfill[39m=[32m"none"[39m
                [33mheight[39m=[32m"24"[39m
                [33mstroke[39m=[32m"currentColor"[39m
                [33mstroke-linecap[39m=[32m"round"[39m
                [33mstroke-linejoin[39m=[32m"round"[39m
                [33mstroke-width[39m=[32m"2"[39m
                [33mviewBox[39m=[32m"0 0 24 24"[39m
                [33mwidth[39m=[32m"24"[39m
                [33mxmlns[39m=[32m"http://www.w3.org/2000/svg"[39m
              [36m>[39m
                [36m<path[39m
                  [33md[39m=[32m"M22 12h-2.48a2 2 0 0 0-1.93 1.46l-2.35 8.36a.25.25 0 0 1-.48 0L9.24 2.18a.25.25 0 0 0-.48 0l-2.35 8.36A2 2 0 0 1 4.49 12H2"[39m
                [36m/>[39m
              [36m</svg>[39m
              [36m<span[39m
                [33mclass[39m=[32m"font-semibold"[39m
              [36m>[39m
                [0m0[0m
              [36m</span>[39m
              [36m<span[39m
                [33mclass[39m=[32m"ml-1 font-normal opacity-70"[39m
              [36m>[39m
                [0mActive[0m
              [36m</span>[39m
            [36m</span>[39m
            [36m<span[39m
              [33mclass[39m=[32m"inline-flex w-fit shrink-0 items-center justify-center whitespace-nowrap border font-medium overflow-hidden [&>svg]:pointer-events-none [&>svg]:shrink-0 focus-visible:border-ring focus-visible:ring-ring/50 focus-visible:ring-[3px] aria-invalid:ring-destructive/20 dark:aria-invalid:ring-destructive/40 aria-invalid:border-destructive transition-colors rounded-full px-3 py-1.5 text-sm gap-1.5 [&>svg]:size-3.5 bg-blue-50 text-blue-700 border-blue-200 hover:bg-blue-100 dark:bg-blue-900/20 dark:text-blue-300 dark:border-blue-800 dark:hover:bg-blue-900/30"[39m
              [33mdata-slot[39m=[32m"badge"[39m
            [36m>[39m
              [36m<svg[39m
                [33maria-hidden[39m=[32m"true"[39m
                [33mclass[39m=[32m"lucide lucide-circle-check h-3.5 w-3.5"[39m
                [33mfill[39m=[32m"none"[39m
                [33mheight[39m=[32m"24"[39m
                [33mstroke[39m=[32m"currentColor"[39m
                [33mstroke-linecap[39m=[32m"round"[39m
                [33mstroke-linejoin[39m=[32m"round"[39m
                [33mstroke-width[39m=[32m"2"[39m
                [33mviewBox[39m=[32m"0 0 24 24"[39m
                [33mwidth[39m=[32m"24"[39m
                [33mxmlns[39m=[32m"http://www.w3.org/2000/svg"[39m
              [36m>[39m
                [36m<circle[39m
                  [33mcx[39m=[32m"12"[39m
                  [33mcy[39m=[32m"12"[39m
                  [33mr[39m=[32m"10"[39m
                [36m/>[39m
                [36m<path[39m
                  [33md[39m=[32m"m9 12 2 2 4-4"[39m
                [36m/>[39m
              [36m</svg>[39m
              [36m<span[39m
                [33mclass[39m=[32m"font-semibold"[39m
              [36m>[39m
                [0m0[0m
              [36m</span>[39m
          ...
[90m [2m❯[22m Object.getElementError node_modules/@testing-library/dom/dist/config.js:[2m37:19[22m[39m
[90m [2m❯[22m node_modules/@testing-library/dom/dist/query-helpers.js:[2m76:38[22m[39m
[90m [2m❯[22m node_modules/@testing-library/dom/dist/query-helpers.js:[2m52:17[22m[39m
[90m [2m❯[22m node_modules/@testing-library/dom/dist/query-helpers.js:[2m95:19[22m[39m
[36m [2m❯[22m tests/components/AgentsDashboard.test.tsx:[2m104:19[22m[39m
    [90m102| [39m    [34mrender[39m([33m<[39m[33mMyAgentsDashboard[39m [33m{[39m[33m...[39mdefaultProps[33m}[39m [33m/[39m[33m>[39m)[33m;[39m
    [90m103| [39m    
    [90m104| [39m    [34mexpect[39m(screen[33m.[39m[34mgetByText[39m([32m'Sales Assistant'[39m))[33m.[39m[34mtoBeInTheDocument[39m()[33m;[39m
    [90m   | [39m                  [31m^[39m
    [90m105| [39m    [34mexpect[39m(screen[33m.[39m[34mgetByText[39m([32m'Support Agent'[39m))[33m.[39m[34mtoBeInTheDocument[39m()[33m;[39m
    [90m106| [39m    [34mexpect[39m(screen[33m.[39m[34mgetByText[39m([32m'Research Bot'[39m))[33m.[39m[34mtoBeInTheDocument[39m()[33m;[39m

[31m[2m⎯⎯⎯⎯⎯⎯⎯⎯⎯⎯⎯⎯⎯⎯⎯⎯⎯⎯⎯⎯⎯⎯[24/99]⎯[22m[39m

[41m[1m FAIL [22m[49m tests/components/AgentsDashboard.test.tsx[2m > [22mMyAgentsDashboard[2m > [22mshould display agent status badges
[31m[1mTestingLibraryElementError[22m[39m: Found multiple elements with the text: /active/i

Here are the matching elements:

Ignored nodes: comments, script, style
[36m<span[39m
  [33mclass[39m=[32m"ml-1 font-normal opacity-70"[39m
[36m>[39m
  [0mActive[0m
[36m</span>[39m

Ignored nodes: comments, script, style
[36m<option[39m
  [33mvalue[39m=[32m"active"[39m
[36m>[39m
  [0mActive[0m
[36m</option>[39m

Ignored nodes: comments, script, style
[36m<option[39m
  [33mvalue[39m=[32m"inactive"[39m
[36m>[39m
  [0mInactive[0m
[36m</option>[39m

Ignored nodes: comments, script, style
[36m<span>[39m
  [0mActive — Agent is working[0m
[36m</span>[39m

Ignored nodes: comments, script, style
[36m<span>[39m
  [0mInactive — Agent needs setup[0m
[36m</span>[39m

(If this is intentional, then use the `*AllBy*` variant of the query (like `queryAllByText`, `getAllByText`, or `findAllByText`)).

Ignored nodes: comments, script, style
[36m<body>[39m
  [36m<div>[39m
    [36m<div[39m
      [33mclass[39m=[32m"flex h-full flex-col bg-background"[39m
    [36m>[39m
      [36m<div[39m
        [33mclass[39m=[32m"border-b bg-background px-6 py-4"[39m
      [36m>[39m
        [36m<div[39m
          [33mclass[39m=[32m"flex items-center justify-between pt-4"[39m
        [36m>[39m
          [36m<div[39m
            [33mclass[39m=[32m"flex items-center gap-3"[39m
          [36m>[39m
            [36m<svg[39m
              [33maria-hidden[39m=[32m"true"[39m
              [33mclass[39m=[32m"lucide lucide-zap w-6 h-6 md:w-7 md:h-7 drop-shadow-sm"[39m
              [33mfill[39m=[32m"none"[39m
              [33mheight[39m=[32m"24"[39m
              [33mstroke[39m=[32m"url(#icon-gradient-_r_l_)"[39m
              [33mstroke-linecap[39m=[32m"round"[39m
              [33mstroke-linejoin[39m=[32m"round"[39m
              [33mstroke-width[39m=[32m"2"[39m
              [33mviewBox[39m=[32m"0 0 24 24"[39m
              [33mwidth[39m=[32m"24"[39m
              [33mxmlns[39m=[32m"http://www.w3.org/2000/svg"[39m
            [36m>[39m
              [36m<path[39m
                [33md[39m=[32m"M4 14a1 1 0 0 1-.78-1.63l9.9-10.2a.5.5 0 0 1 .86.46l-1.92 6.02A1 1 0 0 0 13 10h7a1 1 0 0 1 .78 1.63l-9.9 10.2a.5.5 0 0 1-.86-.46l1.92-6.02A1 1 0 0 0 11 14z"[39m
              [36m/>[39m
            [36m</svg>[39m
            [36m<svg[39m
              [33mclass[39m=[32m"absolute"[39m
              [33mheight[39m=[32m"0"[39m
              [33mwidth[39m=[32m"0"[39m
            [36m>[39m
              [36m<defs>[39m
                [36m<lineargradient[39m
                  [33mid[39m=[32m"icon-gradient-_r_l_"[39m
                  [33mx1[39m=[32m"0%"[39m
                  [33mx2[39m=[32m"100%"[39m
                  [33my1[39m=[32m"0%"[39m
                  [33my2[39m=[32m"100%"[39m
                [36m>[39m
                  [36m<stop[39m
                    [33moffset[39m=[32m"0%"[39m
                    [33mstop-color[39m=[32m"#8b5cf6"[39m
                  [36m/>[39m
                  [36m<stop[39m
                    [33moffset[39m=[32m"100%"[39m
                    [33mstop-color[39m=[32m"#3b82f6"[39m
                  [36m/>[39m
                [36m</lineargradient>[39m
              [36m</defs>[39m
            [36m</svg>[39m
            [36m<div[39m
              [33mclass[39m=[32m"flex flex-col"[39m
            [36m>[39m
              [36m<h1[39m
                [33mclass[39m=[32m"branded-page-title-compact md:branded-page-title text-xl md:text-2xl uppercase drop-shadow-sm"[39m
              [36m>[39m
                [0mMy Agents[0m
              [36m</h1>[39m
            [36m</div>[39m
          [36m</div>[39m
          [36m<div[39m
            [33mclass[39m=[32m"hidden lg:flex flex-wrap items-center gap-3"[39m
          [36m>[39m
            [36m<span[39m
              [33mclass[39m=[32m"inline-flex w-fit shrink-0 items-center justify-center whitespace-nowrap border font-medium overflow-hidden [&>svg]:pointer-events-none [&>svg]:shrink-0 focus-visible:border-ring focus-visible:ring-ring/50 focus-visible:ring-[3px] aria-invalid:ring-destructive/20 dark:aria-invalid:ring-destructive/40 aria-invalid:border-destructive transition-colors rounded-full px-3 py-1.5 text-sm gap-1.5 [&>svg]:size-3.5 bg-emerald-50 text-emerald-700 border-emerald-200 hover:bg-emerald-100 dark:bg-emerald-900/20 dark:text-emerald-300 dark:border-emerald-800 dark:hover:bg-emerald-900/30"[39m
              [33mdata-slot[39m=[32m"badge"[39m
            [36m>[39m
              [36m<svg[39m
                [33maria-hidden[39m=[32m"true"[39m
                [33mclass[39m=[32m"lucide lucide-activity h-3.5 w-3.5"[39m
                [33mfill[39m=[32m"none"[39m
                [33mheight[39m=[32m"24"[39m
                [33mstroke[39m=[32m"currentColor"[39m
                [33mstroke-linecap[39m=[32m"round"[39m
                [33mstroke-linejoin[39m=[32m"round"[39m
                [33mstroke-width[39m=[32m"2"[39m
                [33mviewBox[39m=[32m"0 0 24 24"[39m
                [33mwidth[39m=[32m"24"[39m
                [33mxmlns[39m=[32m"http://www.w3.org/2000/svg"[39m
              [36m>[39m
                [36m<path[39m
                  [33md[39m=[32m"M22 12h-2.48a2 2 0 0 0-1.93 1.46l-2.35 8.36a.25.25 0 0 1-.48 0L9.24 2.18a.25.25 0 0 0-.48 0l-2.35 8.36A2 2 0 0 1 4.49 12H2"[39m
                [36m/>[39m
              [36m</svg>[39m
              [36m<span[39m
                [33mclass[39m=[32m"font-semibold"[39m
              [36m>[39m
                [0m0[0m
              [36m</span>[39m
              [36m<span[39m
                [33mclass[39m=[32m"ml-1 font-normal opacity-70"[39m
              [36m>[39m
                [0mActive[0m
              [36m</span>[39m
            [36m</span>[39m
            [36m<span[39m
              [33mclass[39m=[32m"inline-flex w-fit shrink-0 items-center justify-center whitespace-nowrap border font-medium overflow-hidden [&>svg]:pointer-events-none [&>svg]:shrink-0 focus-visible:border-ring focus-visible:ring-ring/50 focus-visible:ring-[3px] aria-invalid:ring-destructive/20 dark:aria-invalid:ring-destructive/40 aria-invalid:border-destructive transition-colors rounded-full px-3 py-1.5 text-sm gap-1.5 [&>svg]:size-3.5 bg-blue-50 text-blue-700 border-blue-200 hover:bg-blue-100 dark:bg-blue-900/20 dark:text-blue-300 dark:border-blue-800 dark:hover:bg-blue-900/30"[39m
              [33mdata-slot[39m=[32m"badge"[39m
            [36m>[39m
              [36m<svg[39m
                [33maria-hidden[39m=[32m"true"[39m
                [33mclass[39m=[32m"lucide lucide-circle-check h-3.5 w-3.5"[39m
                [33mfill[39m=[32m"none"[39m
                [33mheight[39m=[32m"24"[39m
                [33mstroke[39m=[32m"currentColor"[39m
                [33mstroke-linecap[39m=[32m"round"[39m
                [33mstroke-linejoin[39m=[32m"round"[39m
                [33mstroke-width[39m=[32m"2"[39m
                [33mviewBox[39m=[32m"0 0 24 24"[39m
                [33mwidth[39m=[32m"24"[39m
                [33mxmlns[39m=[32m"http://www.w3.org/2000/svg"[39m
              [36m>[39m
                [36m<circle[39m
                  [33mcx[39m=[32m"12"[39m
                  [33mcy[39m=[32m"12"[39m
                  [33mr[39m=[32m"10"[39m
                [36m/>[39m
                [36m<path[39m
                  [33md[39m=[32m"m9 12 2 2 4-4"[39m
                [36m/>[39m
              [36m</svg>[39m
              [36m<span[39m
                [33mclass[39m=[32m"font-semibold"[39m
              [36m>[39m
                [0m0[0m
              [36m</span>[39m
          ...
[90m [2m❯[22m Object.getElementError node_modules/@testing-library/dom/dist/config.js:[2m37:19[22m[39m
[90m [2m❯[22m getElementError node_modules/@testing-library/dom/dist/query-helpers.js:[2m20:35[22m[39m
[90m [2m❯[22m getMultipleElementsFoundError node_modules/@testing-library/dom/dist/query-helpers.js:[2m23:10[22m[39m
[90m [2m❯[22m node_modules/@testing-library/dom/dist/query-helpers.js:[2m55:13[22m[39m
[90m [2m❯[22m node_modules/@testing-library/dom/dist/query-helpers.js:[2m95:19[22m[39m
[36m [2m❯[22m tests/components/AgentsDashboard.test.tsx:[2m112:19[22m[39m
    [90m110| [39m    [34mrender[39m([33m<[39m[33mMyAgentsDashboard[39m [33m{[39m[33m...[39mdefaultProps[33m}[39m [33m/[39m[33m>[39m)[33m;[39m
    [90m111| [39m    
    [90m112| [39m    [34mexpect[39m(screen[33m.[39m[34mgetByText[39m([36m/active/i[39m))[33m.[39m[34mtoBeInTheDocument[39m()[33m;[39m
    [90m   | [39m                  [31m^[39m
    [90m113| [39m    [34mexpect[39m(screen[33m.[39m[34mgetByText[39m([36m/paused/i[39m))[33m.[39m[34mtoBeInTheDocument[39m()[33m;[39m
    [90m114| [39m    [34mexpect[39m(screen[33m.[39m[34mgetByText[39m([36m/inactive/i[39m))[33m.[39m[34mtoBeInTheDocument[39m()[33m;[39m

[31m[2m⎯⎯⎯⎯⎯⎯⎯⎯⎯⎯⎯⎯⎯⎯⎯⎯⎯⎯⎯⎯⎯⎯[25/99]⎯[22m[39m

[41m[1m FAIL [22m[49m tests/components/AgentsDashboard.test.tsx[2m > [22mMyAgentsDashboard[2m > [22mshould switch between tabs
[31m[1mError[22m[39m: [2mexpect([22m[31melement[39m[2m).toHaveAttribute([22m[32m[32m"data-state"[32m[39m[2m, [22m[32m[32m"active"[32m[39m[2m) // element.getAttribute("data-state") === "active"[22m

Expected the element to have attribute:
[32m  data-state="active"[39m
Received:
[31m  null[39m

Ignored nodes: comments, script, style
[36m<html>[39m
  [36m<head />[39m
  [36m<body>[39m
    [36m<div>[39m
      [36m<div[39m
        [33mclass[39m=[32m"flex h-full flex-col bg-background"[39m
      [36m>[39m
        [36m<div[39m
          [33mclass[39m=[32m"border-b bg-background px-6 py-4"[39m
        [36m>[39m
          [36m<div[39m
            [33mclass[39m=[32m"flex items-center justify-between pt-4"[39m
          [36m>[39m
            [36m<div[39m
              [33mclass[39m=[32m"flex items-center gap-3"[39m
            [36m>[39m
              [36m<svg[39m
                [33maria-hidden[39m=[32m"true"[39m
                [33mclass[39m=[32m"lucide lucide-zap w-6 h-6 md:w-7 md:h-7 drop-shadow-sm"[39m
                [33mfill[39m=[32m"none"[39m
                [33mheight[39m=[32m"24"[39m
                [33mstroke[39m=[32m"url(#icon-gradient-_r_s_)"[39m
                [33mstroke-linecap[39m=[32m"round"[39m
                [33mstroke-linejoin[39m=[32m"round"[39m
                [33mstroke-width[39m=[32m"2"[39m
                [33mviewBox[39m=[32m"0 0 24 24"[39m
                [33mwidth[39m=[32m"24"[39m
                [33mxmlns[39m=[32m"http://www.w3.org/2000/svg"[39m
              [36m>[39m
                [36m<path[39m
                  [33md[39m=[32m"M4 14a1 1 0 0 1-.78-1.63l9.9-10.2a.5.5 0 0 1 .86.46l-1.92 6.02A1 1 0 0 0 13 10h7a1 1 0 0 1 .78 1.63l-9.9 10.2a.5.5 0 0 1-.86-.46l1.92-6.02A1 1 0 0 0 11 14z"[39m
                [36m/>[39m
              [36m</svg>[39m
              [36m<svg[39m
                [33mclass[39m=[32m"absolute"[39m
                [33mheight[39m=[32m"0"[39m
                [33mwidth[39m=[32m"0"[39m
              [36m>[39m
                [36m<defs>[39m
                  [36m<lineargradient[39m
                    [33mid[39m=[32m"icon-gradient-_r_s_"[39m
                    [33mx1[39m=[32m"0%"[39m
                    [33mx2[39m=[32m"100%"[39m
                    [33my1[39m=[32m"0%"[39m
                    [33my2[39m=[32m"100%"[39m
                  [36m>[39m
                    [36m<stop[39m
                      [33moffset[39m=[32m"0%"[39m
                      [33mstop-color[39m=[32m"#8b5cf6"[39m
                    [36m/>[39m
                    [36m<stop[39m
                      [33moffset[39m=[32m"100%"[39m
                      [33mstop-color[39m=[32m"#3b82f6"[39m
                    [36m/>[39m
                  [36m</lineargradient>[39m
                [36m</defs>[39m
              [36m</svg>[39m
              [36m<div[39m
                [33mclass[39m=[32m"flex flex-col"[39m
              [36m>[39m
                [36m<h1[39m
                  [33mclass[39m=[32m"branded-page-title-compact md:branded-page-title text-xl md:text-2xl uppercase drop-shadow-sm"[39m
                [36m>[39m
                  [0mMy Agents[0m
                [36m</h1>[39m
              [36m</div>[39m
            [36m</div>[39m
            [36m<div[39m
              [33mclass[39m=[32m"hidden lg:flex flex-wrap items-center gap-3"[39m
            [36m>[39m
              [36m<span[39m
                [33mclass[39m=[32m"inline-flex w-fit shrink-0 items-center justify-center whitespace-nowrap border font-medium overflow-hidden [&>svg]:pointer-events-none [&>svg]:shrink-0 focus-visible:border-ring focus-visible:ring-ring/50 focus-visible:ring-[3px] aria-invalid:ring-destructive/20 dark:aria-invalid:ring-destructive/40 aria-invalid:border-destructive transition-colors rounded-full px-3 py-1.5 text-sm gap-1.5 [&>svg]:size-3.5 bg-emerald-50 text-emerald-700 border-emerald-200 hover:bg-emerald-100 dark:bg-emerald-900/20 dark:text-emerald-300 dark:border-emerald-800 dark:hover:bg-emerald-900/30"[39m
                [33mdata-slot[39m=[32m"badge"[39m
              [36m>[39m
                [36m<svg[39m
                  [33maria-hidden[39m=[32m"true"[39m
                  [33mclass[39m=[32m"lucide lucide-activity h-3.5 w-3.5"[39m
                  [33mfill[39m=[32m"none"[39m
                  [33mheight[39m=[32m"24"[39m
                  [33mstroke[39m=[32m"currentColor"[39m
                  [33mstroke-linecap[39m=[32m"round"[39m
                  [33mstroke-linejoin[39m=[32m"round"[39m
                  [33mstroke-width[39m=[32m"2"[39m
                  [33mviewBox[39m=[32m"0 0 24 24"[39m
                  [33mwidth[39m=[32m"24"[39m
                  [33mxmlns[39m=[32m"http://www.w3.org/2000/svg"[39m
                [36m>[39m
                  [36m<path[39m
                    [33md[39m=[32m"M22 12h-2.48a2 2 0 0 0-1.93 1.46l-2.35 8.36a.25.25 0 0 1-.48 0L9.24 2.18a.25.25 0 0 0-.48 0l-2.35 8.36A2 2 0 0 1 4.49 12H2"[39m
                  [36m/>[39m
                [36m</svg>[39m
                [36m<span[39m
                  [33mclass[39m=[32m"font-semibold"[39m
                [36m>[39m
                  [0m0[0m
                [36m</span>[39m
                [36m<span[39m
                  [33mclass[39m=[32m"ml-1 font-normal opacity-70"[39m
                [36m>[39m
                  [0mActive[0m
                [36m</span>[39m
              [36m</span>[39m
              [36m<span[39m
                [33mclass[39m=[32m"inline-flex w-fit shrink-0 items-center justify-center whitespace-nowrap border font-medium overflow-hidden [&>svg]:pointer-events-none [&>svg]:shrink-0 focus-visible:border-ring focus-visible:ring-ring/50 focus-visible:ring-[3px] aria-invalid:ring-destructive/20 dark:aria-invalid:ring-destructive/40 aria-invalid:border-destructive transition-colors rounded-full px-3 py-1.5 text-sm gap-1.5 [&>svg]:size-3.5 bg-blue-50 text-blue-700 border-blue-200 hover:bg-blue-100 dark:bg-blue-900/20 dark:text-blue-300 dark:border-blue-800 dark:hover:bg-blue-900/30"[39m
                [33mdata-slot[39m=[32m"badge"[39m
              [36m>[39m
                [36m<svg[39m
                  [33maria-hidden[39m=[32m"true"[39m
                  [33mclass[39m=[32m"lucide lucide-circle-check h-3.5 w-3.5"[39m
                  [33mfill[39m=[32m"none"[39m
                  [33mheight[39m=[32m"24"[39m
                  [33mstroke[39m=[32m"currentColor"[39m
                  [33mstroke-linecap[39m=[32m"round"[39m
                  [33mstroke-linejoin[39m=[32m"round"[39m
                  [33mstroke-width[39m=[32m"2"[39m
                  [33mviewBox[39m=[32m"0 0 24 24"[39m
                  [33mwidth[39m=[32m"24"[39m
                  [33mxmlns[39m=[32m"http://www.w3.org/2000/svg"[39m
                [36m>[39m
                  [36m<circle[39m
                    [33mcx[39m=[32m"12"[39m
                    [33mcy[39m=[32m"12"[39m
                    [33mr[39m=[32m"10"[39m
                  [36m/>[39m
                  [36m<path[39m
              ...
[36m [2m❯[22m tests/components/AgentsDashboard.test.tsx:[2m124:27[22m[39m
    [90m122| [39m    
    [90m123| [39m    [35mawait[39m [34mwaitFor[39m(() [33m=>[39m {
    [90m124| [39m      [34mexpect[39m(messagesTab)[33m.[39m[34mtoHaveAttribute[39m([32m'data-state'[39m[33m,[39m [32m'active'[39m)[33m;[39m
    [90m   | [39m                          [31m^[39m
    [90m125| [39m    })[33m;[39m
    [90m126| [39m  })[33m;[39m
[90m [2m❯[22m runWithExpensiveErrorDiagnosticsDisabled node_modules/@testing-library/dom/dist/config.js:[2m47:12[22m[39m
[90m [2m❯[22m checkCallback node_modules/@testing-library/dom/dist/wait-for.js:[2m124:77[22m[39m
[90m [2m❯[22m Timeout.checkRealTimersCallback node_modules/@testing-library/dom/dist/wait-for.js:[2m118:16[22m[39m

[31m[2m⎯⎯⎯⎯⎯⎯⎯⎯⎯⎯⎯⎯⎯⎯⎯⎯⎯⎯⎯⎯⎯⎯[26/99]⎯[22m[39m

[41m[1m FAIL [22m[49m tests/components/AgentsDashboard.test.tsx[2m > [22mMyAgentsDashboard[2m > [22mshould filter agents by search query
[31m[1mTestingLibraryElementError[22m[39m: Unable to find an element with the text: Sales Assistant. This could be because the text is broken up by multiple elements. In this case, you can provide a function for your text matcher to make your matcher more flexible.

Ignored nodes: comments, script, style
[36m<body>[39m
  [36m<div>[39m
    [36m<div[39m
      [33mclass[39m=[32m"flex h-full flex-col bg-background"[39m
    [36m>[39m
      [36m<div[39m
        [33mclass[39m=[32m"border-b bg-background px-6 py-4"[39m
      [36m>[39m
        [36m<div[39m
          [33mclass[39m=[32m"flex items-center justify-between pt-4"[39m
        [36m>[39m
          [36m<div[39m
            [33mclass[39m=[32m"flex items-center gap-3"[39m
          [36m>[39m
            [36m<svg[39m
              [33maria-hidden[39m=[32m"true"[39m
              [33mclass[39m=[32m"lucide lucide-zap w-6 h-6 md:w-7 md:h-7 drop-shadow-sm"[39m
              [33mfill[39m=[32m"none"[39m
              [33mheight[39m=[32m"24"[39m
              [33mstroke[39m=[32m"url(#icon-gradient-_r_1a_)"[39m
              [33mstroke-linecap[39m=[32m"round"[39m
              [33mstroke-linejoin[39m=[32m"round"[39m
              [33mstroke-width[39m=[32m"2"[39m
              [33mviewBox[39m=[32m"0 0 24 24"[39m
              [33mwidth[39m=[32m"24"[39m
              [33mxmlns[39m=[32m"http://www.w3.org/2000/svg"[39m
            [36m>[39m
              [36m<path[39m
                [33md[39m=[32m"M4 14a1 1 0 0 1-.78-1.63l9.9-10.2a.5.5 0 0 1 .86.46l-1.92 6.02A1 1 0 0 0 13 10h7a1 1 0 0 1 .78 1.63l-9.9 10.2a.5.5 0 0 1-.86-.46l1.92-6.02A1 1 0 0 0 11 14z"[39m
              [36m/>[39m
            [36m</svg>[39m
            [36m<svg[39m
              [33mclass[39m=[32m"absolute"[39m
              [33mheight[39m=[32m"0"[39m
              [33mwidth[39m=[32m"0"[39m
            [36m>[39m
              [36m<defs>[39m
                [36m<lineargradient[39m
                  [33mid[39m=[32m"icon-gradient-_r_1a_"[39m
                  [33mx1[39m=[32m"0%"[39m
                  [33mx2[39m=[32m"100%"[39m
                  [33my1[39m=[32m"0%"[39m
                  [33my2[39m=[32m"100%"[39m
                [36m>[39m
                  [36m<stop[39m
                    [33moffset[39m=[32m"0%"[39m
                    [33mstop-color[39m=[32m"#8b5cf6"[39m
                  [36m/>[39m
                  [36m<stop[39m
                    [33moffset[39m=[32m"100%"[39m
                    [33mstop-color[39m=[32m"#3b82f6"[39m
                  [36m/>[39m
                [36m</lineargradient>[39m
              [36m</defs>[39m
            [36m</svg>[39m
            [36m<div[39m
              [33mclass[39m=[32m"flex flex-col"[39m
            [36m>[39m
              [36m<h1[39m
                [33mclass[39m=[32m"branded-page-title-compact md:branded-page-title text-xl md:text-2xl uppercase drop-shadow-sm"[39m
              [36m>[39m
                [0mMy Agents[0m
              [36m</h1>[39m
            [36m</div>[39m
          [36m</div>[39m
          [36m<div[39m
            [33mclass[39m=[32m"hidden lg:flex flex-wrap items-center gap-3"[39m
          [36m>[39m
            [36m<span[39m
              [33mclass[39m=[32m"inline-flex w-fit shrink-0 items-center justify-center whitespace-nowrap border font-medium overflow-hidden [&>svg]:pointer-events-none [&>svg]:shrink-0 focus-visible:border-ring focus-visible:ring-ring/50 focus-visible:ring-[3px] aria-invalid:ring-destructive/20 dark:aria-invalid:ring-destructive/40 aria-invalid:border-destructive transition-colors rounded-full px-3 py-1.5 text-sm gap-1.5 [&>svg]:size-3.5 bg-emerald-50 text-emerald-700 border-emerald-200 hover:bg-emerald-100 dark:bg-emerald-900/20 dark:text-emerald-300 dark:border-emerald-800 dark:hover:bg-emerald-900/30"[39m
              [33mdata-slot[39m=[32m"badge"[39m
            [36m>[39m
              [36m<svg[39m
                [33maria-hidden[39m=[32m"true"[39m
                [33mclass[39m=[32m"lucide lucide-activity h-3.5 w-3.5"[39m
                [33mfill[39m=[32m"none"[39m
                [33mheight[39m=[32m"24"[39m
                [33mstroke[39m=[32m"currentColor"[39m
                [33mstroke-linecap[39m=[32m"round"[39m
                [33mstroke-linejoin[39m=[32m"round"[39m
                [33mstroke-width[39m=[32m"2"[39m
                [33mviewBox[39m=[32m"0 0 24 24"[39m
                [33mwidth[39m=[32m"24"[39m
                [33mxmlns[39m=[32m"http://www.w3.org/2000/svg"[39m
              [36m>[39m
                [36m<path[39m
                  [33md[39m=[32m"M22 12h-2.48a2 2 0 0 0-1.93 1.46l-2.35 8.36a.25.25 0 0 1-.48 0L9.24 2.18a.25.25 0 0 0-.48 0l-2.35 8.36A2 2 0 0 1 4.49 12H2"[39m
                [36m/>[39m
              [36m</svg>[39m
              [36m<span[39m
                [33mclass[39m=[32m"font-semibold"[39m
              [36m>[39m
                [0m0[0m
              [36m</span>[39m
              [36m<span[39m
                [33mclass[39m=[32m"ml-1 font-normal opacity-70"[39m
              [36m>[39m
                [0mActive[0m
              [36m</span>[39m
            [36m</span>[39m
            [36m<span[39m
              [33mclass[39m=[32m"inline-flex w-fit shrink-0 items-center justify-center whitespace-nowrap border font-medium overflow-hidden [&>svg]:pointer-events-none [&>svg]:shrink-0 focus-visible:border-ring focus-visible:ring-ring/50 focus-visible:ring-[3px] aria-invalid:ring-destructive/20 dark:aria-invalid:ring-destructive/40 aria-invalid:border-destructive transition-colors rounded-full px-3 py-1.5 text-sm gap-1.5 [&>svg]:size-3.5 bg-blue-50 text-blue-700 border-blue-200 hover:bg-blue-100 dark:bg-blue-900/20 dark:text-blue-300 dark:border-blue-800 dark:hover:bg-blue-900/30"[39m
              [33mdata-slot[39m=[32m"badge"[39m
            [36m>[39m
              [36m<svg[39m
                [33maria-hidden[39m=[32m"true"[39m
                [33mclass[39m=[32m"lucide lucide-circle-check h-3.5 w-3.5"[39m
                [33mfill[39m=[32m"none"[39m
                [33mheight[39m=[32m"24"[39m
                [33mstroke[39m=[32m"currentColor"[39m
                [33mstroke-linecap[39m=[32m"round"[39m
                [33mstroke-linejoin[39m=[32m"round"[39m
                [33mstroke-width[39m=[32m"2"[39m
                [33mviewBox[39m=[32m"0 0 24 24"[39m
                [33mwidth[39m=[32m"24"[39m
                [33mxmlns[39m=[32m"http://www.w3.org/2000/svg"[39m
              [36m>[39m
                [36m<circle[39m
                  [33mcx[39m=[32m"12"[39m
                  [33mcy[39m=[32m"12"[39m
                  [33mr[39m=[32m"10"[39m
                [36m/>[39m
                [36m<path[39m
                  [33md[39m=[32m"m9 12 2 2 4-4"[39m
                [36m/>[39m
              [36m</svg>[39m
              [36m<span[39m
                [33mclass[39m=[32m"font-semibold"[39m
              [36m>[39m
                [0m0[0m
              [36m</span>[39m
        ...

Ignored nodes: comments, script, style
[36m<html>[39m
  [36m<head />[39m
  [36m<body>[39m
    [36m<div>[39m
      [36m<div[39m
        [33mclass[39m=[32m"flex h-full flex-col bg-background"[39m
      [36m>[39m
        [36m<div[39m
          [33mclass[39m=[32m"border-b bg-background px-6 py-4"[39m
        [36m>[39m
          [36m<div[39m
            [33mclass[39m=[32m"flex items-center justify-between pt-4"[39m
          [36m>[39m
            [36m<div[39m
              [33mclass[39m=[32m"flex items-center gap-3"[39m
            [36m>[39m
              [36m<svg[39m
                [33maria-hidden[39m=[32m"true"[39m
                [33mclass[39m=[32m"lucide lucide-zap w-6 h-6 md:w-7 md:h-7 drop-shadow-sm"[39m
                [33mfill[39m=[32m"none"[39m
                [33mheight[39m=[32m"24"[39m
                [33mstroke[39m=[32m"url(#icon-gradient-_r_1a_)"[39m
                [33mstroke-linecap[39m=[32m"round"[39m
                [33mstroke-linejoin[39m=[32m"round"[39m
                [33mstroke-width[39m=[32m"2"[39m
                [33mviewBox[39m=[32m"0 0 24 24"[39m
                [33mwidth[39m=[32m"24"[39m
                [33mxmlns[39m=[32m"http://www.w3.org/2000/svg"[39m
              [36m>[39m
                [36m<path[39m
                  [33md[39m=[32m"M4 14a1 1 0 0 1-.78-1.63l9.9-10.2a.5.5 0 0 1 .86.46l-1.92 6.02A1 1 0 0 0 13 10h7a1 1 0 0 1 .78 1.63l-9.9 10.2a.5.5 0 0 1-.86-.46l1.92-6.02A1 1 0 0 0 11 14z"[39m
                [36m/>[39m
              [36m</svg>[39m
              [36m<svg[39m
                [33mclass[39m=[32m"absolute"[39m
                [33mheight[39m=[32m"0"[39m
                [33mwidth[39m=[32m"0"[39m
              [36m>[39m
                [36m<defs>[39m
                  [36m<lineargradient[39m
                    [33mid[39m=[32m"icon-gradient-_r_1a_"[39m
                    [33mx1[39m=[32m"0%"[39m
                    [33mx2[39m=[32m"100%"[39m
                    [33my1[39m=[32m"0%"[39m
                    [33my2[39m=[32m"100%"[39m
                  [36m>[39m
                    [36m<stop[39m
                      [33moffset[39m=[32m"0%"[39m
                      [33mstop-color[39m=[32m"#8b5cf6"[39m
                    [36m/>[39m
                    [36m<stop[39m
                      [33moffset[39m=[32m"100%"[39m
                      [33mstop-color[39m=[32m"#3b82f6"[39m
                    [36m/>[39m
                  [36m</lineargradient>[39m
                [36m</defs>[39m
              [36m</svg>[39m
              [36m<div[39m
                [33mclass[39m=[32m"flex flex-col"[39m
              [36m>[39m
                [36m<h1[39m
                  [33mclass[39m=[32m"branded-page-title-compact md:branded-page-title text-xl md:text-2xl uppercase drop-shadow-sm"[39m
                [36m>[39m
                  [0mMy Agents[0m
                [36m</h1>[39m
              [36m</div>[39m
            [36m</div>[39m
            [36m<div[39m
              [33mclass[39m=[32m"hidden lg:flex flex-wrap items-center gap-3"[39m
            [36m>[39m
              [36m<span[39m
                [33mclass[39m=[32m"inline-flex w-fit shrink-0 items-center justify-center whitespace-nowrap border font-medium overflow-hidden [&>svg]:pointer-events-none [&>svg]:shrink-0 focus-visible:border-ring focus-visible:ring-ring/50 focus-visible:ring-[3px] aria-invalid:ring-destructive/20 dark:aria-invalid:ring-destructive/40 aria-invalid:border-destructive transition-colors rounded-full px-3 py-1.5 text-sm gap-1.5 [&>svg]:size-3.5 bg-emerald-50 text-emerald-700 border-emerald-200 hover:bg-emerald-100 dark:bg-emerald-900/20 dark:text-emerald-300 dark:border-emerald-800 dark:hover:bg-emerald-900/30"[39m
                [33mdata-slot[39m=[32m"badge"[39m
              [36m>[39m
                [36m<svg[39m
                  [33maria-hidden[39m=[32m"true"[39m
                  [33mclass[39m=[32m"lucide lucide-activity h-3.5 w-3.5"[39m
                  [33mfill[39m=[32m"none"[39m
                  [33mheight[39m=[32m"24"[39m
                  [33mstroke[39m=[32m"currentColor"[39m
                  [33mstroke-linecap[39m=[32m"round"[39m
                  [33mstroke-linejoin[39m=[32m"round"[39m
                  [33mstroke-width[39m=[32m"2"[39m
                  [33mviewBox[39m=[32m"0 0 24 24"[39m
                  [33mwidth[39m=[32m"24"[39m
                  [33mxmlns[39m=[32m"http://www.w3.org/2000/svg"[39m
                [36m>[39m
                  [36m<path[39m
                    [33md[39m=[32m"M22 12h-2.48a2 2 0 0 0-1.93 1.46l-2.35 8.36a.25.25 0 0 1-.48 0L9.24 2.18a.25.25 0 0 0-.48 0l-2.35 8.36A2 2 0 0 1 4.49 12H2"[39m
                  [36m/>[39m
                [36m</svg>[39m
                [36m<span[39m
                  [33mclass[39m=[32m"font-semibold"[39m
                [36m>[39m
                  [0m0[0m
                [36m</span>[39m
                [36m<span[39m
                  [33mclass[39m=[32m"ml-1 font-normal opacity-70"[39m
                [36m>[39m
                  [0mActive[0m
                [36m</span>[39m
              [36m</span>[39m
              [36m<span[39m
                [33mclass[39m=[32m"inline-flex w-fit shrink-0 items-center justify-center whitespace-nowrap border font-medium overflow-hidden [&>svg]:pointer-events-none [&>svg]:shrink-0 focus-visible:border-ring focus-visible:ring-ring/50 focus-visible:ring-[3px] aria-invalid:ring-destructive/20 dark:aria-invalid:ring-destructive/40 aria-invalid:border-destructive transition-colors rounded-full px-3 py-1.5 text-sm gap-1.5 [&>svg]:size-3.5 bg-blue-50 text-blue-700 border-blue-200 hover:bg-blue-100 dark:bg-blue-900/20 dark:text-blue-300 dark:border-blue-800 dark:hover:bg-blue-900/30"[39m
                [33mdata-slot[39m=[32m"badge"[39m
              [36m>[39m
                [36m<svg[39m
                  [33maria-hidden[39m=[32m"true"[39m
                  [33mclass[39m=[32m"lucide lucide-circle-check h-3.5 w-3.5"[39m
                  [33mfill[39m=[32m"none"[39m
                  [33mheight[39m=[32m"24"[39m
                  [33mstroke[39m=[32m"currentColor"[39m
                  [33mstroke-linecap[39m=[32m"round"[39m
                  [33mstroke-linejoin[39m=[32m"round"[39m
                  [33mstroke-width[39m=[32m"2"[39m
                  [33mviewBox[39m=[32m"0 0 24 24"[39m
                  [33mwidth[39m=[32m"24"[39m
                  [33mxmlns[39m=[32m"http://www.w3.org/2000/svg"[39m
                [36m>[39m
                  [36m<circle[39m
                    [33mcx[39m=[32m"12"[39m
                    [33mcy[39m=[32m"12"[39m
                    [33mr[39m=[32m"10"[39m
                  [36m/>[39m
                  [36m<path[39m
            ...
[90m [2m❯[22m Proxy.waitForWrapper node_modules/@testing-library/dom/dist/wait-for.js:[2m163:27[22m[39m
[36m [2m❯[22m tests/components/AgentsDashboard.test.tsx:[2m145:11[22m[39m
    [90m143| [39m    fireEvent[33m.[39m[34mchange[39m(searchInput[33m,[39m { target[33m:[39m { value[33m:[39m [32m'Sales'[39m } })[33m;[39m
    [90m144| [39m    
    [90m145| [39m    [35mawait[39m [34mwaitFor[39m(() [33m=>[39m {
    [90m   | [39m          [31m^[39m
    [90m146| [39m      [34mexpect[39m(searchInput)[33m.[39m[34mtoHaveValue[39m([32m'Sales'[39m)[33m;[39m
    [90m147| [39m      [34mexpect[39m(screen[33m.[39m[34mgetByText[39m([32m'Sales Assistant'[39m))[33m.[39m[34mtoBeInTheDocument[39m()[33m;[39m

[31m[2m⎯⎯⎯⎯⎯⎯⎯⎯⎯⎯⎯⎯⎯⎯⎯⎯⎯⎯⎯⎯⎯⎯[27/99]⎯[22m[39m

[41m[1m FAIL [22m[49m tests/components/AgentsDashboard.test.tsx[2m > [22mMyAgentsDashboard[2m > [22mshould display agent execution counts
[31m[1mTestingLibraryElementError[22m[39m: Unable to find an element with the text: /15/. This could be because the text is broken up by multiple elements. In this case, you can provide a function for your text matcher to make your matcher more flexible.

Ignored nodes: comments, script, style
[36m<body>[39m
  [36m<div>[39m
    [36m<div[39m
      [33mclass[39m=[32m"flex h-full flex-col bg-background"[39m
    [36m>[39m
      [36m<div[39m
        [33mclass[39m=[32m"border-b bg-background px-6 py-4"[39m
      [36m>[39m
        [36m<div[39m
          [33mclass[39m=[32m"flex items-center justify-between pt-4"[39m
        [36m>[39m
          [36m<div[39m
            [33mclass[39m=[32m"flex items-center gap-3"[39m
          [36m>[39m
            [36m<svg[39m
              [33maria-hidden[39m=[32m"true"[39m
              [33mclass[39m=[32m"lucide lucide-zap w-6 h-6 md:w-7 md:h-7 drop-shadow-sm"[39m
              [33mfill[39m=[32m"none"[39m
              [33mheight[39m=[32m"24"[39m
              [33mstroke[39m=[32m"url(#icon-gradient-_r_1h_)"[39m
              [33mstroke-linecap[39m=[32m"round"[39m
              [33mstroke-linejoin[39m=[32m"round"[39m
              [33mstroke-width[39m=[32m"2"[39m
              [33mviewBox[39m=[32m"0 0 24 24"[39m
              [33mwidth[39m=[32m"24"[39m
              [33mxmlns[39m=[32m"http://www.w3.org/2000/svg"[39m
            [36m>[39m
              [36m<path[39m
                [33md[39m=[32m"M4 14a1 1 0 0 1-.78-1.63l9.9-10.2a.5.5 0 0 1 .86.46l-1.92 6.02A1 1 0 0 0 13 10h7a1 1 0 0 1 .78 1.63l-9.9 10.2a.5.5 0 0 1-.86-.46l1.92-6.02A1 1 0 0 0 11 14z"[39m
              [36m/>[39m
            [36m</svg>[39m
            [36m<svg[39m
              [33mclass[39m=[32m"absolute"[39m
              [33mheight[39m=[32m"0"[39m
              [33mwidth[39m=[32m"0"[39m
            [36m>[39m
              [36m<defs>[39m
                [36m<lineargradient[39m
                  [33mid[39m=[32m"icon-gradient-_r_1h_"[39m
                  [33mx1[39m=[32m"0%"[39m
                  [33mx2[39m=[32m"100%"[39m
                  [33my1[39m=[32m"0%"[39m
                  [33my2[39m=[32m"100%"[39m
                [36m>[39m
                  [36m<stop[39m
                    [33moffset[39m=[32m"0%"[39m
                    [33mstop-color[39m=[32m"#8b5cf6"[39m
                  [36m/>[39m
                  [36m<stop[39m
                    [33moffset[39m=[32m"100%"[39m
                    [33mstop-color[39m=[32m"#3b82f6"[39m
                  [36m/>[39m
                [36m</lineargradient>[39m
              [36m</defs>[39m
            [36m</svg>[39m
            [36m<div[39m
              [33mclass[39m=[32m"flex flex-col"[39m
            [36m>[39m
              [36m<h1[39m
                [33mclass[39m=[32m"branded-page-title-compact md:branded-page-title text-xl md:text-2xl uppercase drop-shadow-sm"[39m
              [36m>[39m
                [0mMy Agents[0m
              [36m</h1>[39m
            [36m</div>[39m
          [36m</div>[39m
          [36m<div[39m
            [33mclass[39m=[32m"hidden lg:flex flex-wrap items-center gap-3"[39m
          [36m>[39m
            [36m<span[39m
              [33mclass[39m=[32m"inline-flex w-fit shrink-0 items-center justify-center whitespace-nowrap border font-medium overflow-hidden [&>svg]:pointer-events-none [&>svg]:shrink-0 focus-visible:border-ring focus-visible:ring-ring/50 focus-visible:ring-[3px] aria-invalid:ring-destructive/20 dark:aria-invalid:ring-destructive/40 aria-invalid:border-destructive transition-colors rounded-full px-3 py-1.5 text-sm gap-1.5 [&>svg]:size-3.5 bg-emerald-50 text-emerald-700 border-emerald-200 hover:bg-emerald-100 dark:bg-emerald-900/20 dark:text-emerald-300 dark:border-emerald-800 dark:hover:bg-emerald-900/30"[39m
              [33mdata-slot[39m=[32m"badge"[39m
            [36m>[39m
              [36m<svg[39m
                [33maria-hidden[39m=[32m"true"[39m
                [33mclass[39m=[32m"lucide lucide-activity h-3.5 w-3.5"[39m
                [33mfill[39m=[32m"none"[39m
                [33mheight[39m=[32m"24"[39m
                [33mstroke[39m=[32m"currentColor"[39m
                [33mstroke-linecap[39m=[32m"round"[39m
                [33mstroke-linejoin[39m=[32m"round"[39m
                [33mstroke-width[39m=[32m"2"[39m
                [33mviewBox[39m=[32m"0 0 24 24"[39m
                [33mwidth[39m=[32m"24"[39m
                [33mxmlns[39m=[32m"http://www.w3.org/2000/svg"[39m
              [36m>[39m
                [36m<path[39m
                  [33md[39m=[32m"M22 12h-2.48a2 2 0 0 0-1.93 1.46l-2.35 8.36a.25.25 0 0 1-.48 0L9.24 2.18a.25.25 0 0 0-.48 0l-2.35 8.36A2 2 0 0 1 4.49 12H2"[39m
                [36m/>[39m
              [36m</svg>[39m
              [36m<span[39m
                [33mclass[39m=[32m"font-semibold"[39m
              [36m>[39m
                [0m0[0m
              [36m</span>[39m
              [36m<span[39m
                [33mclass[39m=[32m"ml-1 font-normal opacity-70"[39m
              [36m>[39m
                [0mActive[0m
              [36m</span>[39m
            [36m</span>[39m
            [36m<span[39m
              [33mclass[39m=[32m"inline-flex w-fit shrink-0 items-center justify-center whitespace-nowrap border font-medium overflow-hidden [&>svg]:pointer-events-none [&>svg]:shrink-0 focus-visible:border-ring focus-visible:ring-ring/50 focus-visible:ring-[3px] aria-invalid:ring-destructive/20 dark:aria-invalid:ring-destructive/40 aria-invalid:border-destructive transition-colors rounded-full px-3 py-1.5 text-sm gap-1.5 [&>svg]:size-3.5 bg-blue-50 text-blue-700 border-blue-200 hover:bg-blue-100 dark:bg-blue-900/20 dark:text-blue-300 dark:border-blue-800 dark:hover:bg-blue-900/30"[39m
              [33mdata-slot[39m=[32m"badge"[39m
            [36m>[39m
              [36m<svg[39m
                [33maria-hidden[39m=[32m"true"[39m
                [33mclass[39m=[32m"lucide lucide-circle-check h-3.5 w-3.5"[39m
                [33mfill[39m=[32m"none"[39m
                [33mheight[39m=[32m"24"[39m
                [33mstroke[39m=[32m"currentColor"[39m
                [33mstroke-linecap[39m=[32m"round"[39m
                [33mstroke-linejoin[39m=[32m"round"[39m
                [33mstroke-width[39m=[32m"2"[39m
                [33mviewBox[39m=[32m"0 0 24 24"[39m
                [33mwidth[39m=[32m"24"[39m
                [33mxmlns[39m=[32m"http://www.w3.org/2000/svg"[39m
              [36m>[39m
                [36m<circle[39m
                  [33mcx[39m=[32m"12"[39m
                  [33mcy[39m=[32m"12"[39m
                  [33mr[39m=[32m"10"[39m
                [36m/>[39m
                [36m<path[39m
                  [33md[39m=[32m"m9 12 2 2 4-4"[39m
                [36m/>[39m
              [36m</svg>[39m
              [36m<span[39m
                [33mclass[39m=[32m"font-semibold"[39m
              [36m>[39m
                [0m0[0m
              [36m</span>[39m
        ...
[90m [2m❯[22m Object.getElementError node_modules/@testing-library/dom/dist/config.js:[2m37:19[22m[39m
[90m [2m❯[22m node_modules/@testing-library/dom/dist/query-helpers.js:[2m76:38[22m[39m
[90m [2m❯[22m node_modules/@testing-library/dom/dist/query-helpers.js:[2m52:17[22m[39m
[90m [2m❯[22m node_modules/@testing-library/dom/dist/query-helpers.js:[2m95:19[22m[39m
[36m [2m❯[22m tests/components/AgentsDashboard.test.tsx:[2m155:19[22m[39m
    [90m153| [39m    
    [90m154| [39m    [90m// Should show execution counts[39m
    [90m155| [39m    [34mexpect[39m(screen[33m.[39m[34mgetByText[39m([36m/15/[39m))[33m.[39m[34mtoBeInTheDocument[39m()[33m;[39m
    [90m   | [39m                  [31m^[39m
    [90m156| [39m    [34mexpect[39m(screen[33m.[39m[34mgetByText[39m([36m/8/[39m))[33m.[39m[34mtoBeInTheDocument[39m()[33m;[39m
    [90m157| [39m  })[33m;[39m

[31m[2m⎯⎯⎯⎯⎯⎯⎯⎯⎯⎯⎯⎯⎯⎯⎯⎯⎯⎯⎯⎯⎯⎯[28/99]⎯[22m[39m

[41m[1m FAIL [22m[49m tests/components/AgentsDashboard.test.tsx[2m > [22mMyAgentsDashboard[2m > [22mshould handle agent selection for chat
[31m[1mError[22m[39m: [2mexpect([22m[31melement[39m[2m).toHaveAttribute([22m[32m[32m"data-state"[32m[39m[2m, [22m[32m[32m"active"[32m[39m[2m) // element.getAttribute("data-state") === "active"[22m

Expected the element to have attribute:
[32m  data-state="active"[39m
Received:
[31m  null[39m

Ignored nodes: comments, script, style
[36m<html>[39m
  [36m<head />[39m
  [36m<body>[39m
    [36m<div>[39m
      [36m<div[39m
        [33mclass[39m=[32m"flex h-full flex-col bg-background"[39m
      [36m>[39m
        [36m<div[39m
          [33mclass[39m=[32m"border-b bg-background px-6 py-4"[39m
        [36m>[39m
          [36m<div[39m
            [33mclass[39m=[32m"flex items-center justify-between pt-4"[39m
          [36m>[39m
            [36m<div[39m
              [33mclass[39m=[32m"flex items-center gap-3"[39m
            [36m>[39m
              [36m<svg[39m
                [33maria-hidden[39m=[32m"true"[39m
                [33mclass[39m=[32m"lucide lucide-zap w-6 h-6 md:w-7 md:h-7 drop-shadow-sm"[39m
                [33mfill[39m=[32m"none"[39m
                [33mheight[39m=[32m"24"[39m
                [33mstroke[39m=[32m"url(#icon-gradient-_r_1o_)"[39m
                [33mstroke-linecap[39m=[32m"round"[39m
                [33mstroke-linejoin[39m=[32m"round"[39m
                [33mstroke-width[39m=[32m"2"[39m
                [33mviewBox[39m=[32m"0 0 24 24"[39m
                [33mwidth[39m=[32m"24"[39m
                [33mxmlns[39m=[32m"http://www.w3.org/2000/svg"[39m
              [36m>[39m
                [36m<path[39m
                  [33md[39m=[32m"M4 14a1 1 0 0 1-.78-1.63l9.9-10.2a.5.5 0 0 1 .86.46l-1.92 6.02A1 1 0 0 0 13 10h7a1 1 0 0 1 .78 1.63l-9.9 10.2a.5.5 0 0 1-.86-.46l1.92-6.02A1 1 0 0 0 11 14z"[39m
                [36m/>[39m
              [36m</svg>[39m
              [36m<svg[39m
                [33mclass[39m=[32m"absolute"[39m
                [33mheight[39m=[32m"0"[39m
                [33mwidth[39m=[32m"0"[39m
              [36m>[39m
                [36m<defs>[39m
                  [36m<lineargradient[39m
                    [33mid[39m=[32m"icon-gradient-_r_1o_"[39m
                    [33mx1[39m=[32m"0%"[39m
                    [33mx2[39m=[32m"100%"[39m
                    [33my1[39m=[32m"0%"[39m
                    [33my2[39m=[32m"100%"[39m
                  [36m>[39m
                    [36m<stop[39m
                      [33moffset[39m=[32m"0%"[39m
                      [33mstop-color[39m=[32m"#8b5cf6"[39m
                    [36m/>[39m
                    [36m<stop[39m
                      [33moffset[39m=[32m"100%"[39m
                      [33mstop-color[39m=[32m"#3b82f6"[39m
                    [36m/>[39m
                  [36m</lineargradient>[39m
                [36m</defs>[39m
              [36m</svg>[39m
              [36m<div[39m
                [33mclass[39m=[32m"flex flex-col"[39m
              [36m>[39m
                [36m<h1[39m
                  [33mclass[39m=[32m"branded-page-title-compact md:branded-page-title text-xl md:text-2xl uppercase drop-shadow-sm"[39m
                [36m>[39m
                  [0mMy Agents[0m
                [36m</h1>[39m
              [36m</div>[39m
            [36m</div>[39m
            [36m<div[39m
              [33mclass[39m=[32m"hidden lg:flex flex-wrap items-center gap-3"[39m
            [36m>[39m
              [36m<span[39m
                [33mclass[39m=[32m"inline-flex w-fit shrink-0 items-center justify-center whitespace-nowrap border font-medium overflow-hidden [&>svg]:pointer-events-none [&>svg]:shrink-0 focus-visible:border-ring focus-visible:ring-ring/50 focus-visible:ring-[3px] aria-invalid:ring-destructive/20 dark:aria-invalid:ring-destructive/40 aria-invalid:border-destructive transition-colors rounded-full px-3 py-1.5 text-sm gap-1.5 [&>svg]:size-3.5 bg-emerald-50 text-emerald-700 border-emerald-200 hover:bg-emerald-100 dark:bg-emerald-900/20 dark:text-emerald-300 dark:border-emerald-800 dark:hover:bg-emerald-900/30"[39m
                [33mdata-slot[39m=[32m"badge"[39m
              [36m>[39m
                [36m<svg[39m
                  [33maria-hidden[39m=[32m"true"[39m
                  [33mclass[39m=[32m"lucide lucide-activity h-3.5 w-3.5"[39m
                  [33mfill[39m=[32m"none"[39m
                  [33mheight[39m=[32m"24"[39m
                  [33mstroke[39m=[32m"currentColor"[39m
                  [33mstroke-linecap[39m=[32m"round"[39m
                  [33mstroke-linejoin[39m=[32m"round"[39m
                  [33mstroke-width[39m=[32m"2"[39m
                  [33mviewBox[39m=[32m"0 0 24 24"[39m
                  [33mwidth[39m=[32m"24"[39m
                  [33mxmlns[39m=[32m"http://www.w3.org/2000/svg"[39m
                [36m>[39m
                  [36m<path[39m
                    [33md[39m=[32m"M22 12h-2.48a2 2 0 0 0-1.93 1.46l-2.35 8.36a.25.25 0 0 1-.48 0L9.24 2.18a.25.25 0 0 0-.48 0l-2.35 8.36A2 2 0 0 1 4.49 12H2"[39m
                  [36m/>[39m
                [36m</svg>[39m
                [36m<span[39m
                  [33mclass[39m=[32m"font-semibold"[39m
                [36m>[39m
                  [0m0[0m
                [36m</span>[39m
                [36m<span[39m
                  [33mclass[39m=[32m"ml-1 font-normal opacity-70"[39m
                [36m>[39m
                  [0mActive[0m
                [36m</span>[39m
              [36m</span>[39m
              [36m<span[39m
                [33mclass[39m=[32m"inline-flex w-fit shrink-0 items-center justify-center whitespace-nowrap border font-medium overflow-hidden [&>svg]:pointer-events-none [&>svg]:shrink-0 focus-visible:border-ring focus-visible:ring-ring/50 focus-visible:ring-[3px] aria-invalid:ring-destructive/20 dark:aria-invalid:ring-destructive/40 aria-invalid:border-destructive transition-colors rounded-full px-3 py-1.5 text-sm gap-1.5 [&>svg]:size-3.5 bg-blue-50 text-blue-700 border-blue-200 hover:bg-blue-100 dark:bg-blue-900/20 dark:text-blue-300 dark:border-blue-800 dark:hover:bg-blue-900/30"[39m
                [33mdata-slot[39m=[32m"badge"[39m
              [36m>[39m
                [36m<svg[39m
                  [33maria-hidden[39m=[32m"true"[39m
                  [33mclass[39m=[32m"lucide lucide-circle-check h-3.5 w-3.5"[39m
                  [33mfill[39m=[32m"none"[39m
                  [33mheight[39m=[32m"24"[39m
                  [33mstroke[39m=[32m"currentColor"[39m
                  [33mstroke-linecap[39m=[32m"round"[39m
                  [33mstroke-linejoin[39m=[32m"round"[39m
                  [33mstroke-width[39m=[32m"2"[39m
                  [33mviewBox[39m=[32m"0 0 24 24"[39m
                  [33mwidth[39m=[32m"24"[39m
                  [33mxmlns[39m=[32m"http://www.w3.org/2000/svg"[39m
                [36m>[39m
                  [36m<circle[39m
                    [33mcx[39m=[32m"12"[39m
                    [33mcy[39m=[32m"12"[39m
                    [33mr[39m=[32m"10"[39m
                  [36m/>[39m
                  [36m<path[39m
            ...
[36m [2m❯[22m tests/components/AgentsDashboard.test.tsx:[2m167:27[22m[39m
    [90m165| [39m    
    [90m166| [39m    [35mawait[39m [34mwaitFor[39m(() [33m=>[39m {
    [90m167| [39m      [34mexpect[39m(messagesTab)[33m.[39m[34mtoHaveAttribute[39m([32m'data-state'[39m[33m,[39m [32m'active'[39m)[33m;[39m
    [90m   | [39m                          [31m^[39m
    [90m168| [39m    })[33m;[39m
    [90m169| [39m  })[33m;[39m
[90m [2m❯[22m runWithExpensiveErrorDiagnosticsDisabled node_modules/@testing-library/dom/dist/config.js:[2m47:12[22m[39m
[90m [2m❯[22m checkCallback node_modules/@testing-library/dom/dist/wait-for.js:[2m124:77[22m[39m
[90m [2m❯[22m Timeout.checkRealTimersCallback node_modules/@testing-library/dom/dist/wait-for.js:[2m118:16[22m[39m

[31m[2m⎯⎯⎯⎯⎯⎯⎯⎯⎯⎯⎯⎯⎯⎯⎯⎯⎯⎯⎯⎯⎯⎯[29/99]⎯[22m[39m

[41m[1m FAIL [22m[49m tests/components/AgentsDashboard.test.tsx[2m > [22mMyAgentsDashboard[2m > [22mshould handle agent pause/resume
[31m[1mTestingLibraryElementError[22m[39m: Unable to find an element with the text: Sales Assistant. This could be because the text is broken up by multiple elements. In this case, you can provide a function for your text matcher to make your matcher more flexible.

Ignored nodes: comments, script, style
[36m<body>[39m
  [36m<div>[39m
    [36m<div[39m
      [33mclass[39m=[32m"flex h-full flex-col bg-background"[39m
    [36m>[39m
      [36m<div[39m
        [33mclass[39m=[32m"border-b bg-background px-6 py-4"[39m
      [36m>[39m
        [36m<div[39m
          [33mclass[39m=[32m"flex items-center justify-between pt-4"[39m
        [36m>[39m
          [36m<div[39m
            [33mclass[39m=[32m"flex items-center gap-3"[39m
          [36m>[39m
            [36m<svg[39m
              [33maria-hidden[39m=[32m"true"[39m
              [33mclass[39m=[32m"lucide lucide-zap w-6 h-6 md:w-7 md:h-7 drop-shadow-sm"[39m
              [33mfill[39m=[32m"none"[39m
              [33mheight[39m=[32m"24"[39m
              [33mstroke[39m=[32m"url(#icon-gradient-_r_2k_)"[39m
              [33mstroke-linecap[39m=[32m"round"[39m
              [33mstroke-linejoin[39m=[32m"round"[39m
              [33mstroke-width[39m=[32m"2"[39m
              [33mviewBox[39m=[32m"0 0 24 24"[39m
              [33mwidth[39m=[32m"24"[39m
              [33mxmlns[39m=[32m"http://www.w3.org/2000/svg"[39m
            [36m>[39m
              [36m<path[39m
                [33md[39m=[32m"M4 14a1 1 0 0 1-.78-1.63l9.9-10.2a.5.5 0 0 1 .86.46l-1.92 6.02A1 1 0 0 0 13 10h7a1 1 0 0 1 .78 1.63l-9.9 10.2a.5.5 0 0 1-.86-.46l1.92-6.02A1 1 0 0 0 11 14z"[39m
              [36m/>[39m
            [36m</svg>[39m
            [36m<svg[39m
              [33mclass[39m=[32m"absolute"[39m
              [33mheight[39m=[32m"0"[39m
              [33mwidth[39m=[32m"0"[39m
            [36m>[39m
              [36m<defs>[39m
                [36m<lineargradient[39m
                  [33mid[39m=[32m"icon-gradient-_r_2k_"[39m
                  [33mx1[39m=[32m"0%"[39m
                  [33mx2[39m=[32m"100%"[39m
                  [33my1[39m=[32m"0%"[39m
                  [33my2[39m=[32m"100%"[39m
                [36m>[39m
                  [36m<stop[39m
                    [33moffset[39m=[32m"0%"[39m
                    [33mstop-color[39m=[32m"#8b5cf6"[39m
                  [36m/>[39m
                  [36m<stop[39m
                    [33moffset[39m=[32m"100%"[39m
                    [33mstop-color[39m=[32m"#3b82f6"[39m
                  [36m/>[39m
                [36m</lineargradient>[39m
              [36m</defs>[39m
            [36m</svg>[39m
            [36m<div[39m
              [33mclass[39m=[32m"flex flex-col"[39m
            [36m>[39m
              [36m<h1[39m
                [33mclass[39m=[32m"branded-page-title-compact md:branded-page-title text-xl md:text-2xl uppercase drop-shadow-sm"[39m
              [36m>[39m
                [0mMy Agents[0m
              [36m</h1>[39m
            [36m</div>[39m
          [36m</div>[39m
          [36m<div[39m
            [33mclass[39m=[32m"hidden lg:flex flex-wrap items-center gap-3"[39m
          [36m>[39m
            [36m<span[39m
              [33mclass[39m=[32m"inline-flex w-fit shrink-0 items-center justify-center whitespace-nowrap border font-medium overflow-hidden [&>svg]:pointer-events-none [&>svg]:shrink-0 focus-visible:border-ring focus-visible:ring-ring/50 focus-visible:ring-[3px] aria-invalid:ring-destructive/20 dark:aria-invalid:ring-destructive/40 aria-invalid:border-destructive transition-colors rounded-full px-3 py-1.5 text-sm gap-1.5 [&>svg]:size-3.5 bg-emerald-50 text-emerald-700 border-emerald-200 hover:bg-emerald-100 dark:bg-emerald-900/20 dark:text-emerald-300 dark:border-emerald-800 dark:hover:bg-emerald-900/30"[39m
              [33mdata-slot[39m=[32m"badge"[39m
            [36m>[39m
              [36m<svg[39m
                [33maria-hidden[39m=[32m"true"[39m
                [33mclass[39m=[32m"lucide lucide-activity h-3.5 w-3.5"[39m
                [33mfill[39m=[32m"none"[39m
                [33mheight[39m=[32m"24"[39m
                [33mstroke[39m=[32m"currentColor"[39m
                [33mstroke-linecap[39m=[32m"round"[39m
                [33mstroke-linejoin[39m=[32m"round"[39m
                [33mstroke-width[39m=[32m"2"[39m
                [33mviewBox[39m=[32m"0 0 24 24"[39m
                [33mwidth[39m=[32m"24"[39m
                [33mxmlns[39m=[32m"http://www.w3.org/2000/svg"[39m
              [36m>[39m
                [36m<path[39m
                  [33md[39m=[32m"M22 12h-2.48a2 2 0 0 0-1.93 1.46l-2.35 8.36a.25.25 0 0 1-.48 0L9.24 2.18a.25.25 0 0 0-.48 0l-2.35 8.36A2 2 0 0 1 4.49 12H2"[39m
                [36m/>[39m
              [36m</svg>[39m
              [36m<span[39m
                [33mclass[39m=[32m"font-semibold"[39m
              [36m>[39m
                [0m0[0m
              [36m</span>[39m
              [36m<span[39m
                [33mclass[39m=[32m"ml-1 font-normal opacity-70"[39m
              [36m>[39m
                [0mActive[0m
              [36m</span>[39m
            [36m</span>[39m
            [36m<span[39m
              [33mclass[39m=[32m"inline-flex w-fit shrink-0 items-center justify-center whitespace-nowrap border font-medium overflow-hidden [&>svg]:pointer-events-none [&>svg]:shrink-0 focus-visible:border-ring focus-visible:ring-ring/50 focus-visible:ring-[3px] aria-invalid:ring-destructive/20 dark:aria-invalid:ring-destructive/40 aria-invalid:border-destructive transition-colors rounded-full px-3 py-1.5 text-sm gap-1.5 [&>svg]:size-3.5 bg-blue-50 text-blue-700 border-blue-200 hover:bg-blue-100 dark:bg-blue-900/20 dark:text-blue-300 dark:border-blue-800 dark:hover:bg-blue-900/30"[39m
              [33mdata-slot[39m=[32m"badge"[39m
            [36m>[39m
              [36m<svg[39m
                [33maria-hidden[39m=[32m"true"[39m
                [33mclass[39m=[32m"lucide lucide-circle-check h-3.5 w-3.5"[39m
                [33mfill[39m=[32m"none"[39m
                [33mheight[39m=[32m"24"[39m
                [33mstroke[39m=[32m"currentColor"[39m
                [33mstroke-linecap[39m=[32m"round"[39m
                [33mstroke-linejoin[39m=[32m"round"[39m
                [33mstroke-width[39m=[32m"2"[39m
                [33mviewBox[39m=[32m"0 0 24 24"[39m
                [33mwidth[39m=[32m"24"[39m
                [33mxmlns[39m=[32m"http://www.w3.org/2000/svg"[39m
              [36m>[39m
                [36m<circle[39m
                  [33mcx[39m=[32m"12"[39m
                  [33mcy[39m=[32m"12"[39m
                  [33mr[39m=[32m"10"[39m
                [36m/>[39m
                [36m<path[39m
                  [33md[39m=[32m"m9 12 2 2 4-4"[39m
                [36m/>[39m
              [36m</svg>[39m
              [36m<span[39m
                [33mclass[39m=[32m"font-semibold"[39m
              [36m>[39m
                [0m0[0m
              [36m</span>[39m
        ...
[90m [2m❯[22m Object.getElementError node_modules/@testing-library/dom/dist/config.js:[2m37:19[22m[39m
[90m [2m❯[22m node_modules/@testing-library/dom/dist/query-helpers.js:[2m76:38[22m[39m
[90m [2m❯[22m node_modules/@testing-library/dom/dist/query-helpers.js:[2m52:17[22m[39m
[90m [2m❯[22m node_modules/@testing-library/dom/dist/query-helpers.js:[2m95:19[22m[39m
[36m [2m❯[22m tests/components/AgentsDashboard.test.tsx:[2m213:19[22m[39m
    [90m211| [39m    
    [90m212| [39m    [90m// Component should have pause/resume functionality[39m
    [90m213| [39m    [34mexpect[39m(screen[33m.[39m[34mgetByText[39m([32m'Sales Assistant'[39m))[33m.[39m[34mtoBeInTheDocument[39m()[33m;[39m
    [90m   | [39m                  [31m^[39m
    [90m214| [39m  })[33m;[39m
    [90m215| [39m

[31m[2m⎯⎯⎯⎯⎯⎯⎯⎯⎯⎯⎯⎯⎯⎯⎯⎯⎯⎯⎯⎯⎯⎯[30/99]⎯[22m[39m

[41m[1m FAIL [22m[49m tests/components/AgentsDashboard.test.tsx[2m > [22mMyAgentsDashboard[2m > [22mshould be accessible with proper ARIA labels
[31m[1mError[22m: [2mexpect([22m[31melement[31m[2m).toHaveAttribute([22m[32m[32m"aria-label"[32m[31m[2m) // element.hasAttribute("aria-label")[22m

Expected the element to have attribute:
[32m  aria-label[31m
Received:
[31m  null[31m[39m
[36m [2m❯[22m tests/components/AgentsDashboard.test.tsx:[2m220:25[22m[39m
    [90m218| [39m    
    [90m219| [39m    [35mconst[39m searchInput [33m=[39m screen[33m.[39m[34mgetByPlaceholderText[39m([36m/search/i[39m)[33m;[39m
    [90m220| [39m    [34mexpect[39m(searchInput)[33m.[39m[34mtoHaveAttribute[39m([32m'aria-label'[39m)[33m;[39m
    [90m   | [39m                        [31m^[39m
    [90m221| [39m  })[33m;[39m
    [90m222| [39m

[31m[2m⎯⎯⎯⎯⎯⎯⎯⎯⎯⎯⎯⎯⎯⎯⎯⎯⎯⎯⎯⎯⎯⎯[31/99]⎯[22m[39m

[41m[1m FAIL [22m[49m tests/components/AgentsDashboard.test.tsx[2m > [22mMyAgentsDashboard[2m > [22mshould handle agent deletion
[31m[1mTestingLibraryElementError[22m[39m: Unable to find an element with the text: Sales Assistant. This could be because the text is broken up by multiple elements. In this case, you can provide a function for your text matcher to make your matcher more flexible.

Ignored nodes: comments, script, style
[36m<body>[39m
  [36m<div>[39m
    [36m<div[39m
      [33mclass[39m=[32m"flex h-full flex-col bg-background"[39m
    [36m>[39m
      [36m<div[39m
        [33mclass[39m=[32m"border-b bg-background px-6 py-4"[39m
      [36m>[39m
        [36m<div[39m
          [33mclass[39m=[32m"flex items-center justify-between pt-4"[39m
        [36m>[39m
          [36m<div[39m
            [33mclass[39m=[32m"flex items-center gap-3"[39m
          [36m>[39m
            [36m<svg[39m
              [33maria-hidden[39m=[32m"true"[39m
              [33mclass[39m=[32m"lucide lucide-zap w-6 h-6 md:w-7 md:h-7 drop-shadow-sm"[39m
              [33mfill[39m=[32m"none"[39m
              [33mheight[39m=[32m"24"[39m
              [33mstroke[39m=[32m"url(#icon-gradient-_r_39_)"[39m
              [33mstroke-linecap[39m=[32m"round"[39m
              [33mstroke-linejoin[39m=[32m"round"[39m
              [33mstroke-width[39m=[32m"2"[39m
              [33mviewBox[39m=[32m"0 0 24 24"[39m
              [33mwidth[39m=[32m"24"[39m
              [33mxmlns[39m=[32m"http://www.w3.org/2000/svg"[39m
            [36m>[39m
              [36m<path[39m
                [33md[39m=[32m"M4 14a1 1 0 0 1-.78-1.63l9.9-10.2a.5.5 0 0 1 .86.46l-1.92 6.02A1 1 0 0 0 13 10h7a1 1 0 0 1 .78 1.63l-9.9 10.2a.5.5 0 0 1-.86-.46l1.92-6.02A1 1 0 0 0 11 14z"[39m
              [36m/>[39m
            [36m</svg>[39m
            [36m<svg[39m
              [33mclass[39m=[32m"absolute"[39m
              [33mheight[39m=[32m"0"[39m
              [33mwidth[39m=[32m"0"[39m
            [36m>[39m
              [36m<defs>[39m
                [36m<lineargradient[39m
                  [33mid[39m=[32m"icon-gradient-_r_39_"[39m
                  [33mx1[39m=[32m"0%"[39m
                  [33mx2[39m=[32m"100%"[39m
                  [33my1[39m=[32m"0%"[39m
                  [33my2[39m=[32m"100%"[39m
                [36m>[39m
                  [36m<stop[39m
                    [33moffset[39m=[32m"0%"[39m
                    [33mstop-color[39m=[32m"#8b5cf6"[39m
                  [36m/>[39m
                  [36m<stop[39m
                    [33moffset[39m=[32m"100%"[39m
                    [33mstop-color[39m=[32m"#3b82f6"[39m
                  [36m/>[39m
                [36m</lineargradient>[39m
              [36m</defs>[39m
            [36m</svg>[39m
            [36m<div[39m
              [33mclass[39m=[32m"flex flex-col"[39m
            [36m>[39m
              [36m<h1[39m
                [33mclass[39m=[32m"branded-page-title-compact md:branded-page-title text-xl md:text-2xl uppercase drop-shadow-sm"[39m
              [36m>[39m
                [0mMy Agents[0m
              [36m</h1>[39m
            [36m</div>[39m
          [36m</div>[39m
          [36m<div[39m
            [33mclass[39m=[32m"hidden lg:flex flex-wrap items-center gap-3"[39m
          [36m>[39m
            [36m<span[39m
              [33mclass[39m=[32m"inline-flex w-fit shrink-0 items-center justify-center whitespace-nowrap border font-medium overflow-hidden [&>svg]:pointer-events-none [&>svg]:shrink-0 focus-visible:border-ring focus-visible:ring-ring/50 focus-visible:ring-[3px] aria-invalid:ring-destructive/20 dark:aria-invalid:ring-destructive/40 aria-invalid:border-destructive transition-colors rounded-full px-3 py-1.5 text-sm gap-1.5 [&>svg]:size-3.5 bg-emerald-50 text-emerald-700 border-emerald-200 hover:bg-emerald-100 dark:bg-emerald-900/20 dark:text-emerald-300 dark:border-emerald-800 dark:hover:bg-emerald-900/30"[39m
              [33mdata-slot[39m=[32m"badge"[39m
            [36m>[39m
              [36m<svg[39m
                [33maria-hidden[39m=[32m"true"[39m
                [33mclass[39m=[32m"lucide lucide-activity h-3.5 w-3.5"[39m
                [33mfill[39m=[32m"none"[39m
                [33mheight[39m=[32m"24"[39m
                [33mstroke[39m=[32m"currentColor"[39m
                [33mstroke-linecap[39m=[32m"round"[39m
                [33mstroke-linejoin[39m=[32m"round"[39m
                [33mstroke-width[39m=[32m"2"[39m
                [33mviewBox[39m=[32m"0 0 24 24"[39m
                [33mwidth[39m=[32m"24"[39m
                [33mxmlns[39m=[32m"http://www.w3.org/2000/svg"[39m
              [36m>[39m
                [36m<path[39m
                  [33md[39m=[32m"M22 12h-2.48a2 2 0 0 0-1.93 1.46l-2.35 8.36a.25.25 0 0 1-.48 0L9.24 2.18a.25.25 0 0 0-.48 0l-2.35 8.36A2 2 0 0 1 4.49 12H2"[39m
                [36m/>[39m
              [36m</svg>[39m
              [36m<span[39m
                [33mclass[39m=[32m"font-semibold"[39m
              [36m>[39m
                [0m0[0m
              [36m</span>[39m
              [36m<span[39m
                [33mclass[39m=[32m"ml-1 font-normal opacity-70"[39m
              [36m>[39m
                [0mActive[0m
              [36m</span>[39m
            [36m</span>[39m
            [36m<span[39m
              [33mclass[39m=[32m"inline-flex w-fit shrink-0 items-center justify-center whitespace-nowrap border font-medium overflow-hidden [&>svg]:pointer-events-none [&>svg]:shrink-0 focus-visible:border-ring focus-visible:ring-ring/50 focus-visible:ring-[3px] aria-invalid:ring-destructive/20 dark:aria-invalid:ring-destructive/40 aria-invalid:border-destructive transition-colors rounded-full px-3 py-1.5 text-sm gap-1.5 [&>svg]:size-3.5 bg-blue-50 text-blue-700 border-blue-200 hover:bg-blue-100 dark:bg-blue-900/20 dark:text-blue-300 dark:border-blue-800 dark:hover:bg-blue-900/30"[39m
              [33mdata-slot[39m=[32m"badge"[39m
            [36m>[39m
              [36m<svg[39m
                [33maria-hidden[39m=[32m"true"[39m
                [33mclass[39m=[32m"lucide lucide-circle-check h-3.5 w-3.5"[39m
                [33mfill[39m=[32m"none"[39m
                [33mheight[39m=[32m"24"[39m
                [33mstroke[39m=[32m"currentColor"[39m
                [33mstroke-linecap[39m=[32m"round"[39m
                [33mstroke-linejoin[39m=[32m"round"[39m
                [33mstroke-width[39m=[32m"2"[39m
                [33mviewBox[39m=[32m"0 0 24 24"[39m
                [33mwidth[39m=[32m"24"[39m
                [33mxmlns[39m=[32m"http://www.w3.org/2000/svg"[39m
              [36m>[39m
                [36m<circle[39m
                  [33mcx[39m=[32m"12"[39m
                  [33mcy[39m=[32m"12"[39m
                  [33mr[39m=[32m"10"[39m
                [36m/>[39m
                [36m<path[39m
                  [33md[39m=[32m"m9 12 2 2 4-4"[39m
                [36m/>[39m
              [36m</svg>[39m
              [36m<span[39m
                [33mclass[39m=[32m"font-semibold"[39m
              [36m>[39m
                [0m0[0m
              [36m</span>[39m
        ...
[90m [2m❯[22m Object.getElementError node_modules/@testing-library/dom/dist/config.js:[2m37:19[22m[39m
[90m [2m❯[22m node_modules/@testing-library/dom/dist/query-helpers.js:[2m76:38[22m[39m
[90m [2m❯[22m node_modules/@testing-library/dom/dist/query-helpers.js:[2m52:17[22m[39m
[90m [2m❯[22m node_modules/@testing-library/dom/dist/query-helpers.js:[2m95:19[22m[39m
[36m [2m❯[22m tests/components/AgentsDashboard.test.tsx:[2m241:19[22m[39m
    [90m239| [39m    
    [90m240| [39m    [90m// Should have delete functionality[39m
    [90m241| [39m    [34mexpect[39m(screen[33m.[39m[34mgetByText[39m([32m'Sales Assistant'[39m))[33m.[39m[34mtoBeInTheDocument[39m()[33m;[39m
    [90m   | [39m                  [31m^[39m
    [90m242| [39m  })[33m;[39m
    [90m243| [39m})[33m;[39m

[31m[2m⎯⎯⎯⎯⎯⎯⎯⎯⎯⎯⎯⎯⎯⎯⎯⎯⎯⎯⎯⎯⎯⎯[32/99]⎯[22m[39m

[41m[1m FAIL [22m[49m tests/components/AgentsDashboard.test.tsx[2m > [22mMyAgentsDashboard - Laboratory[2m > [22mshould show Laboratory wizard on Laboratory tab
[31m[1mReferenceError[22m: defaultProps is not defined[39m
[36m [2m❯[22m tests/components/AgentsDashboard.test.tsx:[2m251:35[22m[39m
    [90m249| [39m
    [90m250| [39m  [34mit[39m([32m'should show Laboratory wizard on Laboratory tab'[39m[33m,[39m [35masync[39m () [33m=>[39m {
    [90m251| [39m    [34mrender[39m([33m<[39m[33mMyAgentsDashboard[39m [33m{[39m[33m...[39mdefaultProps[33m}[39m [33m/[39m[33m>[39m)[33m;[39m
    [90m   | [39m                                  [31m^[39m
    [90m252| [39m    
    [90m253| [39m    const laboratoryTab = screen.getByRole('tab', { name: /laboratory/…

[31m[2m⎯⎯⎯⎯⎯⎯⎯⎯⎯⎯⎯⎯⎯⎯⎯⎯⎯⎯⎯⎯⎯⎯[33/99]⎯[22m[39m

[41m[1m FAIL [22m[49m tests/components/AgentsDashboard.test.tsx[2m > [22mMyAgentsDashboard - Laboratory[2m > [22mshould handle agent creation in Laboratory
[31m[1mReferenceError[22m: defaultProps is not defined[39m
[36m [2m❯[22m tests/components/AgentsDashboard.test.tsx:[2m273:35[22m[39m
    [90m271| [39m    ) [35mas[39m any[33m;[39m
    [90m272| [39m
    [90m273| [39m    [34mrender[39m([33m<[39m[33mMyAgentsDashboard[39m [33m{[39m[33m...[39mdefaultProps[33m}[39m [33m/[39m[33m>[39m)[33m;[39m
    [90m   | [39m                                  [31m^[39m
    [90m274| [39m    
    [90m275| [39m    const laboratoryTab = screen.getByRole('tab', { name: /laboratory/…

[31m[2m⎯⎯⎯⎯⎯⎯⎯⎯⎯⎯⎯⎯⎯⎯⎯⎯⎯⎯⎯⎯⎯⎯[34/99]⎯[22m[39m

[41m[1m FAIL [22m[49m tests/components/AgentsDashboard.test.tsx[2m > [22mMyAgentsDashboard - Laboratory[2m > [22mshould show agent templates in Laboratory
[31m[1mReferenceError[22m: defaultProps is not defined[39m
[36m [2m❯[22m tests/components/AgentsDashboard.test.tsx:[2m284:35[22m[39m
    [90m282| [39m
    [90m283| [39m  [34mit[39m([32m'should show agent templates in Laboratory'[39m[33m,[39m [35masync[39m () [33m=>[39m {
    [90m284| [39m    [34mrender[39m([33m<[39m[33mMyAgentsDashboard[39m [33m{[39m[33m...[39mdefaultProps[33m}[39m [33m/[39m[33m>[39m)[33m;[39m
    [90m   | [39m                                  [31m^[39m
    [90m285| [39m    
    [90m286| [39m    const laboratoryTab = screen.getByRole('tab', { name: /laboratory/…

[31m[2m⎯⎯⎯⎯⎯⎯⎯⎯⎯⎯⎯⎯⎯⎯⎯⎯⎯⎯⎯⎯⎯⎯[35/99]⎯[22m[39m

[41m[1m FAIL [22m[49m tests/components/AgentsDashboard.test.tsx[2m > [22mMyAgentsDashboard - Messages[2m > [22mshould show agent chat interface in Messages tab
[31m[1mReferenceError[22m: defaultProps is not defined[39m
[36m [2m❯[22m tests/components/AgentsDashboard.test.tsx:[2m301:35[22m[39m
    [90m299| [39m
    [90m300| [39m  [34mit[39m([32m'should show agent chat interface in Messages tab'[39m[33m,[39m [35masync[39m () [33m=>[39m {
    [90m301| [39m    [34mrender[39m([33m<[39m[33mMyAgentsDashboard[39m [33m{[39m[33m...[39mdefaultProps[33m}[39m [33m/[39m[33m>[39m)[33m;[39m
    [90m   | [39m                                  [31m^[39m
    [90m302| [39m    
    [90m303| [39m    [35mconst[39m messagesTab [33m=[39m screen[33m.[39m[34mgetByRole[39m([32m'tab'[39m[33m,[39m { name[33m:[39m [36m/messages/i[39m })[33m;[39m

[31m[2m⎯⎯⎯⎯⎯⎯⎯⎯⎯⎯⎯⎯⎯⎯⎯⎯⎯⎯⎯⎯⎯⎯[36/99]⎯[22m[39m

[41m[1m FAIL [22m[49m tests/components/AgentsDashboard.test.tsx[2m > [22mMyAgentsDashboard - Messages[2m > [22mshould handle sending messages to agents
[31m[1mReferenceError[22m: defaultProps is not defined[39m
[36m [2m❯[22m tests/components/AgentsDashboard.test.tsx:[2m322:35[22m[39m
    [90m320| [39m    ) [35mas[39m any[33m;[39m
    [90m321| [39m
    [90m322| [39m    [34mrender[39m([33m<[39m[33mMyAgentsDashboard[39m [33m{[39m[33m...[39mdefaultProps[33m}[39m [33m/[39m[33m>[39m)[33m;[39m
    [90m   | [39m                                  [31m^[39m
    [90m323| [39m    
    [90m324| [39m    [35mconst[39m messagesTab [33m=[39m screen[33m.[39m[34mgetByRole[39m([32m'tab'[39m[33m,[39m { name[33m:[39m [36m/messages/i[39m })[33m;[39m

[31m[2m⎯⎯⎯⎯⎯⎯⎯⎯⎯⎯⎯⎯⎯⎯⎯⎯⎯⎯⎯⎯⎯⎯[37/99]⎯[22m[39m

[41m[1m FAIL [22m[49m tests/components/AgentsDashboard.test.tsx[2m > [22mMyAgentsDashboard - Messages[2m > [22mshould display conversation history
[31m[1mReferenceError[22m: defaultProps is not defined[39m
[36m [2m❯[22m tests/components/AgentsDashboard.test.tsx:[2m333:35[22m[39m
    [90m331| [39m
    [90m332| [39m  [34mit[39m([32m'should display conversation history'[39m[33m,[39m [35masync[39m () [33m=>[39m {
    [90m333| [39m    [34mrender[39m([33m<[39m[33mMyAgentsDashboard[39m [33m{[39m[33m...[39mdefaultProps[33m}[39m [33m/[39m[33m>[39m)[33m;[39m
    [90m   | [39m                                  [31m^[39m
    [90m334| [39m    
    [90m335| [39m    [35mconst[39m messagesTab [33m=[39m screen[33m.[39m[34mgetByRole[39m([32m'tab'[39m[33m,[39m { name[33m:[39m [36m/messages/i[39m })[33m;[39m

[31m[2m⎯⎯⎯⎯⎯⎯⎯⎯⎯⎯⎯⎯⎯⎯⎯⎯⎯⎯⎯⎯⎯⎯[38/99]⎯[22m[39m

[41m[1m FAIL [22m[49m tests/components/ConversationsDashboard.test.tsx[2m > [22mConversationsDashboard[2m > [22mshould render the conversations dashboard
[41m[1m FAIL [22m[49m tests/components/ConversationsDashboard.test.tsx[2m > [22mConversationsDashboard[2m > [22mshould display conversation statistics
[41m[1m FAIL [22m[49m tests/components/ConversationsDashboard.test.tsx[2m > [22mConversationsDashboard[2m > [22mshould render conversations list
[41m[1m FAIL [22m[49m tests/components/ConversationsDashboard.test.tsx[2m > [22mConversationsDashboard[2m > [22mshould display unread message count
[41m[1m FAIL [22m[49m tests/components/ConversationsDashboard.test.tsx[2m > [22mConversationsDashboard[2m > [22mshould switch between channels (All, SMS, WhatsApp, Team)
[41m[1m FAIL [22m[49m tests/components/ConversationsDashboard.test.tsx[2m > [22mConversationsDashboard[2m > [22mshould filter conversations by search query
[41m[1m FAIL [22m[49m tests/components/ConversationsDashboard.test.tsx[2m > [22mConversationsDashboard[2m > [22mshould display conversation channel badges
[41m[1m FAIL [22m[49m tests/components/ConversationsDashboard.test.tsx[2m > [22mConversationsDashboard[2m > [22mshould handle conversation selection
[41m[1m FAIL [22m[49m tests/components/ConversationsDashboard.test.tsx[2m > [22mConversationsDashboard[2m > [22mshould show Team Chat when Team tab is clicked
[41m[1m FAIL [22m[49m tests/components/ConversationsDashboard.test.tsx[2m > [22mConversationsDashboard[2m > [22mshould display last message preview
[41m[1m FAIL [22m[49m tests/components/ConversationsDashboard.test.tsx[2m > [22mConversationsDashboard[2m > [22mshould format message timestamps correctly
[41m[1m FAIL [22m[49m tests/components/ConversationsDashboard.test.tsx[2m > [22mConversationsDashboard[2m > [22mshould handle sending messages
[41m[1m FAIL [22m[49m tests/components/ConversationsDashboard.test.tsx[2m > [22mConversationsDashboard[2m > [22mshould open Neptune panel for assistance
[41m[1m FAIL [22m[49m tests/components/ConversationsDashboard.test.tsx[2m > [22mConversationsDashboard[2m > [22mshould handle API errors gracefully
[41m[1m FAIL [22m[49m tests/components/ConversationsDashboard.test.tsx[2m > [22mConversationsDashboard[2m > [22mshould be accessible with proper ARIA labels
[41m[1m FAIL [22m[49m tests/components/ConversationsDashboard.test.tsx[2m > [22mConversationsDashboard[2m > [22mshould display conversation status
[41m[1m FAIL [22m[49m tests/components/ConversationsDashboard.test.tsx[2m > [22mConversationsDashboard[2m > [22mshould handle real-time message updates
[31m[1mTypeError[22m: Cannot read properties of undefined (reading 'includes')[39m
[36m [2m❯[22m src/components/conversations/ConversationsDashboard.tsx:[2m151:19[22m[39m
    [90m149| [39m    (['primary', 'sales', 'support', 'custom'] as const).forEach(dept …
    [90m150| [39m      counts[dept] [33m=[39m conversations[33m.[39m[34mfilter[39m(conv [33m=>[39m 
    [90m151| [39m        conv[33m.[39mtags[33m.[39m[34mincludes[39m([32m`department:[39m[36m${[39mdept[36m}[39m[32m`[39m)
    [90m   | [39m                  [31m^[39m
    [90m152| [39m      )[33m.[39mlength[33m;[39m
    [90m153| [39m    })[33m;[39m
[90m [2m❯[22m src/components/conversations/ConversationsDashboard.tsx:[2m150:36[22m[39m
[90m [2m❯[22m src/components/conversations/ConversationsDashboard.tsx:[2m149:58[22m[39m
[90m [2m❯[22m mountMemo node_modules/react-dom/cjs/react-dom-client.development.js:[2m8777:23[22m[39m
[90m [2m❯[22m Object.useMemo node_modules/react-dom/cjs/react-dom-client.development.js:[2m26216:18[22m[39m
[90m [2m❯[22m process.env.NODE_ENV.exports.useMemo node_modules/react/cjs/react.development.js:[2m1251:34[22m[39m
[90m [2m❯[22m ConversationsDashboard src/components/conversations/ConversationsDashboard.tsx:[2m144:28[22m[39m
[90m [2m❯[22m Object.react_stack_bottom_frame node_modules/react-dom/cjs/react-dom-client.development.js:[2m25904:20[22m[39m

[31m[2m⎯⎯⎯⎯⎯⎯⎯⎯⎯⎯⎯⎯⎯⎯⎯⎯⎯⎯⎯⎯⎯⎯[39/99]⎯[22m[39m

[41m[1m FAIL [22m[49m tests/components/ConversationsDashboard.test.tsx[2m > [22mConversationsDashboard[2m > [22mshould show empty state when no conversations exist
[31m[1mTypeError[22m: Cannot read properties of undefined (reading 'length')[39m
[36m [2m❯[22m ConversationsDashboard src/components/conversations/ConversationsDashboard.tsx:[2m172:27[22m[39m
    [90m170| [39m          [33m<[39m[33mdiv[39m [33mclassName[39m[33m=[39m[32m"flex flex-wrap items-center gap-3"[39m[33m>[39m
    [90m171| [39m            [33m{[39m[90m/* Phone Number Badge */[39m[33m}[39m
    [90m172| [39m            [33m{[39mphoneNumbers[33m.[39mlength [33m>[39m [34m0[39m [33m&&[39m (
    [90m   | [39m                          [31m^[39m
    [90m173| [39m              [33m<[39m[33mBadge[39m [33mvariant[39m[33m=[39m[32m"soft"[39m [33mtone[39m[33m=[39m[32m"success"[39m [33msize[39m[33m=[39m[32m"pill"[39m[33m>[39m
    [90m174| [39m                [33m<[39m[33mPhone[39m [33mclassName[39m[33m=[39m[32m"h-3.5 w-3.5"[39m [33maria-hidden[39m[33m=[39m[32m"true"[39m [33m/[39m[33m>[39m
[90m [2m❯[22m Object.react_stack_bottom_frame node_modules/react-dom/cjs/react-dom-client.development.js:[2m25904:20[22m[39m
[90m [2m❯[22m renderWithHooks node_modules/react-dom/cjs/react-dom-client.development.js:[2m7662:22[22m[39m
[90m [2m❯[22m updateFunctionComponent node_modules/react-dom/cjs/react-dom-client.development.js:[2m10166:19[22m[39m
[90m [2m❯[22m beginWork node_modules/react-dom/cjs/react-dom-client.development.js:[2m11778:18[22m[39m
[90m [2m❯[22m runWithFiberInDEV node_modules/react-dom/cjs/react-dom-client.development.js:[2m874:13[22m[39m
[90m [2m❯[22m performUnitOfWork node_modules/react-dom/cjs/react-dom-client.development.js:[2m17641:22[22m[39m
[90m [2m❯[22m workLoopSync node_modules/react-dom/cjs/react-dom-client.development.js:[2m17469:41[22m[39m
[90m [2m❯[22m renderRootSync node_modules/react-dom/cjs/react-dom-client.development.js:[2m17450:11[22m[39m
[90m [2m❯[22m performWorkOnRoot node_modules/react-dom/cjs/react-dom-client.development.js:[2m16583:35[22m[39m

[31m[2m⎯⎯⎯⎯⎯⎯⎯⎯⎯⎯⎯⎯⎯⎯⎯⎯⎯⎯⎯⎯⎯⎯[40/99]⎯[22m[39m

[41m[1m FAIL [22m[49m tests/components/ConversationsDashboard.test.tsx[2m > [22mConversationsDashboard - Team Chat[2m > [22mshould render Team Chat component
[31m[1mReferenceError[22m: defaultProps is not defined[39m
[36m [2m❯[22m tests/components/ConversationsDashboard.test.tsx:[2m259:40[22m[39m
    [90m257| [39m
    [90m258| [39m  [34mit[39m([32m'should render Team Chat component'[39m[33m,[39m [35masync[39m () [33m=>[39m {
    [90m259| [39m    [34mrender[39m([33m<[39m[33mConversationsDashboard[39m [33m{[39m[33m...[39mdefaultProps[33m}[39m [33m/[39m[33m>[39m)[33m;[39m
    [90m   | [39m                                       [31m^[39m
    [90m260| [39m    
    [90m261| [39m    [35mconst[39m teamTab [33m=[39m screen[33m.[39m[34mgetByRole[39m([32m'tab'[39m[33m,[39m { name[33m:[39m [36m/team/i[39m })[33m;[39m

[31m[2m⎯⎯⎯⎯⎯⎯⎯⎯⎯⎯⎯⎯⎯⎯⎯⎯⎯⎯⎯⎯⎯⎯[41/99]⎯[22m[39m

[41m[1m FAIL [22m[49m tests/components/ConversationsDashboard.test.tsx[2m > [22mConversationsDashboard - Team Chat[2m > [22mshould handle channel switching in Team Chat
[31m[1mReferenceError[22m: defaultProps is not defined[39m
[36m [2m❯[22m tests/components/ConversationsDashboard.test.tsx:[2m270:40[22m[39m
    [90m268| [39m
    [90m269| [39m  [34mit[39m([32m'should handle channel switching in Team Chat'[39m[33m,[39m [35masync[39m () [33m=>[39m {
    [90m270| [39m    [34mrender[39m([33m<[39m[33mConversationsDashboard[39m [33m{[39m[33m...[39mdefaultProps[33m}[39m [33m/[39m[33m>[39m)[33m;[39m
    [90m   | [39m                                       [31m^[39m
    [90m271| [39m    
    [90m272| [39m    [35mconst[39m teamTab [33m=[39m screen[33m.[39m[34mgetByRole[39m([32m'tab'[39m[33m,[39m { name[33m:[39m [36m/team/i[39m })[33m;[39m

[31m[2m⎯⎯⎯⎯⎯⎯⎯⎯⎯⎯⎯⎯⎯⎯⎯⎯⎯⎯⎯⎯⎯⎯[42/99]⎯[22m[39m

[41m[1m FAIL [22m[49m tests/components/ConversationsDashboard.test.tsx[2m > [22mConversationsDashboard - Team Chat[2m > [22mshould support file uploads in Team Chat
[31m[1mReferenceError[22m: defaultProps is not defined[39m
[36m [2m❯[22m tests/components/ConversationsDashboard.test.tsx:[2m281:40[22m[39m
    [90m279| [39m
    [90m280| [39m  [34mit[39m([32m'should support file uploads in Team Chat'[39m[33m,[39m [35masync[39m () [33m=>[39m {
    [90m281| [39m    [34mrender[39m([33m<[39m[33mConversationsDashboard[39m [33m{[39m[33m...[39mdefaultProps[33m}[39m [33m/[39m[33m>[39m)[33m;[39m
    [90m   | [39m                                       [31m^[39m
    [90m282| [39m    
    [90m283| [39m    [35mconst[39m teamTab [33m=[39m screen[33m.[39m[34mgetByRole[39m([32m'tab'[39m[33m,[39m { name[33m:[39m [36m/team/i[39m })[33m;[39m

[31m[2m⎯⎯⎯⎯⎯⎯⎯⎯⎯⎯⎯⎯⎯⎯⎯⎯⎯⎯⎯⎯⎯⎯[43/99]⎯[22m[39m

[41m[1m FAIL [22m[49m tests/components/ConversationsDashboard.test.tsx[2m > [22mConversationsDashboard - Message Threading[2m > [22mshould display message thread when conversation is selected
[31m[1mReferenceError[22m: defaultProps is not defined[39m
[36m [2m❯[22m tests/components/ConversationsDashboard.test.tsx:[2m298:40[22m[39m
    [90m296| [39m
    [90m297| [39m  it('should display message thread when conversation is selected', as…
    [90m298| [39m    [34mrender[39m([33m<[39m[33mConversationsDashboard[39m [33m{[39m[33m...[39mdefaultProps[33m}[39m [33m/[39m[33m>[39m)[33m;[39m
    [90m   | [39m                                       [31m^[39m
    [90m299| [39m    
    [90m300| [39m    [35mconst[39m conversation [33m=[39m screen[33m.[39m[34mgetByText[39m([32m'John Doe'[39m)[33m;[39m

[31m[2m⎯⎯⎯⎯⎯⎯⎯⎯⎯⎯⎯⎯⎯⎯⎯⎯⎯⎯⎯⎯⎯⎯[44/99]⎯[22m[39m

[41m[1m FAIL [22m[49m tests/components/ConversationsDashboard.test.tsx[2m > [22mConversationsDashboard - Message Threading[2m > [22mshould show typing indicator
[31m[1mReferenceError[22m: defaultProps is not defined[39m
[36m [2m❯[22m tests/components/ConversationsDashboard.test.tsx:[2m310:40[22m[39m
    [90m308| [39m
    [90m309| [39m  [34mit[39m([32m'should show typing indicator'[39m[33m,[39m [35masync[39m () [33m=>[39m {
    [90m310| [39m    [34mrender[39m([33m<[39m[33mConversationsDashboard[39m [33m{[39m[33m...[39mdefaultProps[33m}[39m [33m/[39m[33m>[39m)[33m;[39m
    [90m   | [39m                                       [31m^[39m
    [90m311| [39m    
    [90m312| [39m    [90m// Should support typing indicators in active conversations[39m

[31m[2m⎯⎯⎯⎯⎯⎯⎯⎯⎯⎯⎯⎯⎯⎯⎯⎯⎯⎯⎯⎯⎯⎯[45/99]⎯[22m[39m

[41m[1m FAIL [22m[49m tests/components/ConversationsDashboard.test.tsx[2m > [22mConversationsDashboard - Message Threading[2m > [22mshould mark messages as read when viewed
[31m[1mReferenceError[22m: defaultProps is not defined[39m
[36m [2m❯[22m tests/components/ConversationsDashboard.test.tsx:[2m324:40[22m[39m
    [90m322| [39m    ) [35mas[39m any[33m;[39m
    [90m323| [39m
    [90m324| [39m    [34mrender[39m([33m<[39m[33mConversationsDashboard[39m [33m{[39m[33m...[39mdefaultProps[33m}[39m [33m/[39m[33m>[39m)[33m;[39m
    [90m   | [39m                                       [31m^[39m
    [90m325| [39m    
    [90m326| [39m    [35mconst[39m conversation [33m=[39m screen[33m.[39m[34mgetByText[39m([32m'John Doe'[39m)[33m;[39m

[31m[2m⎯⎯⎯⎯⎯⎯⎯⎯⎯⎯⎯⎯⎯⎯⎯⎯⎯⎯⎯⎯⎯⎯[46/99]⎯[22m[39m

[41m[1m FAIL [22m[49m tests/components/CRMDashboard.test.tsx[2m > [22mCRMDashboard Component[2m > [22mshould display correct stats badges
[31m[1mTestingLibraryElementError[22m[39m: Unable to find an element with the text: /10 Total Leads/i. This could be because the text is broken up by multiple elements. In this case, you can provide a function for your text matcher to make your matcher more flexible.

Ignored nodes: comments, script, style
[36m<body>[39m
  [36m<div>[39m
    [36m<div[39m
      [33mclass[39m=[32m"flex h-full flex-col bg-gray-50/50"[39m
    [36m>[39m
      [36m<div[39m
        [33mclass[39m=[32m"max-w-7xl mx-auto px-4 sm:px-6 py-4 space-y-4 w-full"[39m
      [36m>[39m
        [36m<div[39m
          [33mclass[39m=[32m"flex items-center justify-between pt-4"[39m
        [36m>[39m
          [36m<div[39m
            [33mclass[39m=[32m"flex items-center gap-3"[39m
          [36m>[39m
            [36m<svg[39m
              [33maria-hidden[39m=[32m"true"[39m
              [33mclass[39m=[32m"lucide lucide-users w-6 h-6 md:w-7 md:h-7 drop-shadow-sm"[39m
              [33mfill[39m=[32m"none"[39m
              [33mheight[39m=[32m"24"[39m
              [33mstroke[39m=[32m"url(#icon-gradient-_r_1e_)"[39m
              [33mstroke-linecap[39m=[32m"round"[39m
              [33mstroke-linejoin[39m=[32m"round"[39m
              [33mstroke-width[39m=[32m"2"[39m
              [33mviewBox[39m=[32m"0 0 24 24"[39m
              [33mwidth[39m=[32m"24"[39m
              [33mxmlns[39m=[32m"http://www.w3.org/2000/svg"[39m
            [36m>[39m
              [36m<path[39m
                [33md[39m=[32m"M16 21v-2a4 4 0 0 0-4-4H6a4 4 0 0 0-4 4v2"[39m
              [36m/>[39m
              [36m<circle[39m
                [33mcx[39m=[32m"9"[39m
                [33mcy[39m=[32m"7"[39m
                [33mr[39m=[32m"4"[39m
              [36m/>[39m
              [36m<path[39m
                [33md[39m=[32m"M22 21v-2a4 4 0 0 0-3-3.87"[39m
              [36m/>[39m
              [36m<path[39m
                [33md[39m=[32m"M16 3.13a4 4 0 0 1 0 7.75"[39m
              [36m/>[39m
            [36m</svg>[39m
            [36m<svg[39m
              [33mclass[39m=[32m"absolute"[39m
              [33mheight[39m=[32m"0"[39m
              [33mwidth[39m=[32m"0"[39m
            [36m>[39m
              [36m<defs>[39m
                [36m<lineargradient[39m
                  [33mid[39m=[32m"icon-gradient-_r_1e_"[39m
                  [33mx1[39m=[32m"0%"[39m
                  [33mx2[39m=[32m"100%"[39m
                  [33my1[39m=[32m"0%"[39m
                  [33my2[39m=[32m"100%"[39m
                [36m>[39m
                  [36m<stop[39m
                    [33moffset[39m=[32m"0%"[39m
                    [33mstop-color[39m=[32m"#8b5cf6"[39m
                  [36m/>[39m
                  [36m<stop[39m
                    [33moffset[39m=[32m"100%"[39m
                    [33mstop-color[39m=[32m"#3b82f6"[39m
                  [36m/>[39m
                [36m</lineargradient>[39m
              [36m</defs>[39m
            [36m</svg>[39m
            [36m<div[39m
              [33mclass[39m=[32m"flex flex-col"[39m
            [36m>[39m
              [36m<h1[39m
                [33mclass[39m=[32m"branded-page-title-compact md:branded-page-title text-xl md:text-2xl uppercase drop-shadow-sm"[39m
              [36m>[39m
                [0mCRM[0m
              [36m</h1>[39m
            [36m</div>[39m
          [36m</div>[39m
          [36m<div[39m
            [33mclass[39m=[32m"hidden lg:flex flex-wrap items-center gap-3"[39m
          [36m>[39m
            [36m<span[39m
              [33mclass[39m=[32m"inline-flex w-fit shrink-0 items-center justify-center whitespace-nowrap border font-medium overflow-hidden [&>svg]:pointer-events-none [&>svg]:shrink-0 focus-visible:border-ring focus-visible:ring-ring/50 focus-visible:ring-[3px] aria-invalid:ring-destructive/20 dark:aria-invalid:ring-destructive/40 aria-invalid:border-destructive transition-colors rounded-full px-3 py-1.5 text-sm gap-1.5 [&>svg]:size-3.5 bg-blue-50 text-blue-700 border-blue-200 hover:bg-blue-100 dark:bg-blue-900/20 dark:text-blue-300 dark:border-blue-800 dark:hover:bg-blue-900/30"[39m
              [33mdata-slot[39m=[32m"badge"[39m
            [36m>[39m
              [36m<svg[39m
                [33maria-hidden[39m=[32m"true"[39m
                [33mclass[39m=[32m"lucide lucide-users h-3.5 w-3.5"[39m
                [33mfill[39m=[32m"none"[39m
                [33mheight[39m=[32m"24"[39m
                [33mstroke[39m=[32m"currentColor"[39m
                [33mstroke-linecap[39m=[32m"round"[39m
                [33mstroke-linejoin[39m=[32m"round"[39m
                [33mstroke-width[39m=[32m"2"[39m
                [33mviewBox[39m=[32m"0 0 24 24"[39m
                [33mwidth[39m=[32m"24"[39m
                [33mxmlns[39m=[32m"http://www.w3.org/2000/svg"[39m
              [36m>[39m
                [36m<path[39m
                  [33md[39m=[32m"M16 21v-2a4 4 0 0 0-4-4H6a4 4 0 0 0-4 4v2"[39m
                [36m/>[39m
                [36m<circle[39m
                  [33mcx[39m=[32m"9"[39m
                  [33mcy[39m=[32m"7"[39m
                  [33mr[39m=[32m"4"[39m
                [36m/>[39m
                [36m<path[39m
                  [33md[39m=[32m"M22 21v-2a4 4 0 0 0-3-3.87"[39m
                [36m/>[39m
                [36m<path[39m
                  [33md[39m=[32m"M16 3.13a4 4 0 0 1 0 7.75"[39m
                [36m/>[39m
              [36m</svg>[39m
              [36m<span[39m
                [33mclass[39m=[32m"font-semibold"[39m
              [36m>[39m
                [0m10[0m
              [36m</span>[39m
              [36m<span[39m
                [33mclass[39m=[32m"ml-1 font-normal opacity-70"[39m
              [36m>[39m
                [0mLeads[0m
              [36m</span>[39m
            [36m</span>[39m
            [36m<span[39m
              [33mclass[39m=[32m"inline-flex w-fit shrink-0 items-center justify-center whitespace-nowrap border font-medium overflow-hidden [&>svg]:pointer-events-none [&>svg]:shrink-0 focus-visible:border-ring focus-visible:ring-ring/50 focus-visible:ring-[3px] aria-invalid:ring-destructive/20 dark:aria-invalid:ring-destructive/40 aria-invalid:border-destructive transition-colors rounded-full px-3 py-1.5 text-sm gap-1.5 [&>svg]:size-3.5 bg-violet-50 text-violet-700 border-violet-200 hover:bg-violet-100 dark:bg-violet-900/20 dark:text-violet-300 dark:border-violet-800 dark:hover:bg-violet-900/30"[39m
              [33mdata-slot[39m=[32m"badge"[39m
            [36m>[39m
              [36m<svg[39m
                [33maria-hidden[39m=[32m"true"[39m
                [33mclass[39m=[32m"lucide lucide-target h-3.5 w-3.5"[39m
                [33mfill[39m=[32m"none"[39m
                [33mheight[39m=[32m"24"[39m
                [33mstroke[39m=[32m"currentColor"[39m
                [33mstroke-linecap[39m=[32m"round"[39m
                [33mstroke-linejoin[39m=[32m"round"[39m
                [33mstroke-width[39m=[32m"2"[39m
                [33mviewBox[39m=...
[90m [2m❯[22m Object.getElementError node_modules/@testing-library/dom/dist/config.js:[2m37:19[22m[39m
[90m [2m❯[22m node_modules/@testing-library/dom/dist/query-helpers.js:[2m76:38[22m[39m
[90m [2m❯[22m node_modules/@testing-library/dom/dist/query-helpers.js:[2m52:17[22m[39m
[90m [2m❯[22m node_modules/@testing-library/dom/dist/query-helpers.js:[2m95:19[22m[39m
[36m [2m❯[22m tests/components/CRMDashboard.test.tsx:[2m124:19[22m[39m
    [90m122| [39m    )[33m;[39m
    [90m123| [39m
    [90m124| [39m    [34mexpect[39m(screen[33m.[39m[34mgetByText[39m([36m/10 Total Leads/i[39m))[33m.[39m[34mtoBeInTheDocument[39m()[33m;[39m
    [90m   | [39m                  [31m^[39m
    [90m125| [39m    [34mexpect[39m(screen[33m.[39m[34mgetByText[39m([36m/3 Hot Leads/i[39m))[33m.[39m[34mtoBeInTheDocument[39m()[33m;[39m
    [90m126| [39m    [34mexpect[39m(screen[33m.[39m[34mgetByText[39m([36m/5 Organizations/i[39m))[33m.[39m[34mtoBeInTheDocument[39m()[33m;[39m

[31m[2m⎯⎯⎯⎯⎯⎯⎯⎯⎯⎯⎯⎯⎯⎯⎯⎯⎯⎯⎯⎯⎯⎯[47/99]⎯[22m[39m

[41m[1m FAIL [22m[49m tests/components/CRMDashboard.test.tsx[2m > [22mCRMDashboard Component[2m > [22mshould switch to contacts tab
[31m[1mTestingLibraryElementError[22m[39m: Unable to find an accessible element with the role "button" and name `/contacts/i`

Here are the accessible roles:

  heading:

  Name "CRM":
  [36m<h1[39m
    [33mclass[39m=[32m"branded-page-title-compact md:branded-page-title text-xl md:text-2xl uppercase drop-shadow-sm"[39m
  [36m/>[39m

  Name "Leads":
  [36m<h3[39m
    [33mclass[39m=[32m"text-sm font-semibold text-gray-900"[39m
  [36m/>[39m

  --------------------------------------------------
  tablist:

  Name "Section tabs":
  [36m<div[39m
    [33maria-label[39m=[32m"Section tabs"[39m
    [33mclass[39m=[32m"bg-background/80 backdrop-blur-lg rounded-full shadow-[0_8px_30px_rgb(0,0,0,0.12)] p-1 inline-flex gap-1 flex-nowrap"[39m
    [33mrole[39m=[32m"tablist"[39m
  [36m/>[39m

  Name "":
  [36m<div[39m
    [33maria-orientation[39m=[32m"horizontal"[39m
    [33mclass[39m=[32m"text-muted-foreground items-center flex bg-background/80 backdrop-blur-sm border border-gray-200/50 rounded-full shadow-sm p-0.5 h-6 w-full justify-start"[39m
    [33mdata-orientation[39m=[32m"horizontal"[39m
    [33mdata-slot[39m=[32m"tabs-list"[39m
    [33mrole[39m=[32m"tablist"[39m
    [33mstyle[39m=[32m"outline-color: none; outline-style: none; outline-width: initial;"[39m
    [33mtabindex[39m=[32m"0"[39m
  [36m/>[39m

  --------------------------------------------------
  tab:

  Name "Switch to Leads tab":
  [36m<button[39m
    [33maria-label[39m=[32m"Switch to Leads tab"[39m
    [33maria-selected[39m=[32m"true"[39m
    [33mclass[39m=[32m"relative h-8 px-3.5 rounded-full text-sm font-medium transition-all duration-200 flex items-center gap-2 bg-blue-100 text-blue-700 shadow-sm"[39m
    [33mrole[39m=[32m"tab"[39m
    [33mtype[39m=[32m"button"[39m
  [36m/>[39m

  Name "Switch to Companies tab":
  [36m<button[39m
    [33maria-label[39m=[32m"Switch to Companies tab"[39m
    [33maria-selected[39m=[32m"false"[39m
    [33mclass[39m=[32m"relative h-8 px-3.5 rounded-full text-sm font-medium transition-all duration-200 flex items-center gap-2 text-muted-foreground hover:bg-muted/60 hover:text-foreground"[39m
    [33mrole[39m=[32m"tab"[39m
    [33mtype[39m=[32m"button"[39m
  [36m/>[39m

  Name "Switch to Contacts tab":
  [36m<button[39m
    [33maria-label[39m=[32m"Switch to Contacts tab"[39m
    [33maria-selected[39m=[32m"false"[39m
    [33mclass[39m=[32m"relative h-8 px-3.5 rounded-full text-sm font-medium transition-all duration-200 flex items-center gap-2 text-muted-foreground hover:bg-muted/60 hover:text-foreground"[39m
    [33mrole[39m=[32m"tab"[39m
    [33mtype[39m=[32m"button"[39m
  [36m/>[39m

  Name "Switch to Deals tab":
  [36m<button[39m
    [33maria-label[39m=[32m"Switch to Deals tab"[39m
    [33maria-selected[39m=[32m"false"[39m
    [33mclass[39m=[32m"relative h-8 px-3.5 rounded-full text-sm font-medium transition-all duration-200 flex items-center gap-2 text-muted-foreground hover:bg-muted/60 hover:text-foreground"[39m
    [33mrole[39m=[32m"tab"[39m
    [33mtype[39m=[32m"button"[39m
  [36m/>[39m

  Name "Switch to Insights tab":
  [36m<button[39m
    [33maria-label[39m=[32m"Switch to Insights tab"[39m
    [33maria-selected[39m=[32m"false"[39m
    [33mclass[39m=[32m"relative h-8 px-3.5 rounded-full text-sm font-medium transition-all duration-200 flex items-center gap-2 text-muted-foreground hover:bg-muted/60 hover:text-foreground"[39m
    [33mrole[39m=[32m"tab"[39m
    [33mtype[39m=[32m"button"[39m
  [36m/>[39m

  Name "All":
  [36m<button[39m
    [33maria-controls[39m=[32m"radix-_r_4c_-content-all"[39m
    [33maria-selected[39m=[32m"true"[39m
    [33mclass[39m=[32m"dark:data-[state=active]:text-foreground focus-visible:border-ring focus-visible:ring-ring/50 focus-visible:outline-ring dark:data-[state=active]:border-input dark:data-[state=active]:bg-input/30 text-foreground dark:text-muted-foreground inline-flex items-center justify-center gap-1.5 border border-transparent font-medium whitespace-nowrap transition-[color,box-shadow] focus-visible:ring-[3px] focus-visible:outline-1 disabled:pointer-events-none disabled:opacity-50 [&_svg]:pointer-events-none [&_svg]:shrink-0 [&_svg:not([class*='size-'])]:size-4 text-xs px-2.5 py-0 h-5 rounded-full leading-none flex-none data-[state=active]:bg-blue-100 data-[state=active]:text-blue-700 data-[state=active]:shadow-sm data-[state=active]:h-5"[39m
    [33mdata-orientation[39m=[32m"horizontal"[39m
    [33mdata-radix-collection-item[39m=[32m""[39m
    [33mdata-slot[39m=[32m"tabs-trigger"[39m
    [33mdata-state[39m=[32m"active"[39m
    [33mid[39m=[32m"radix-_r_4c_-trigger-all"[39m
    [33mrole[39m=[32m"tab"[39m
    [33mtabindex[39m=[32m"-1"[39m
    [33mtype[39m=[32m"button"[39m
  [36m/>[39m

  Name "New":
  [36m<button[39m
    [33maria-controls[39m=[32m"radix-_r_4c_-content-new"[39m
    [33maria-selected[39m=[32m"false"[39m
    [33mclass[39m=[32m"dark:data-[state=active]:text-foreground focus-visible:border-ring focus-visible:ring-ring/50 focus-visible:outline-ring dark:data-[state=active]:border-input dark:data-[state=active]:bg-input/30 text-foreground dark:text-muted-foreground inline-flex items-center justify-center gap-1.5 border border-transparent font-medium whitespace-nowrap transition-[color,box-shadow] focus-visible:ring-[3px] focus-visible:outline-1 disabled:pointer-events-none disabled:opacity-50 [&_svg]:pointer-events-none [&_svg]:shrink-0 [&_svg:not([class*='size-'])]:size-4 text-xs px-2.5 py-0 h-5 rounded-full leading-none flex-none data-[state=active]:bg-blue-100 data-[state=active]:text-blue-700 data-[state=active]:shadow-sm data-[state=active]:h-5"[39m
    [33mdata-orientation[39m=[32m"horizontal"[39m
    [33mdata-radix-collection-item[39m=[32m""[39m
    [33mdata-slot[39m=[32m"tabs-trigger"[39m
    [33mdata-state[39m=[32m"inactive"[39m
    [33mid[39m=[32m"radix-_r_4c_-trigger-new"[39m
    [33mrole[39m=[32m"tab"[39m
    [33mtabindex[39m=[32m"-1"[39m
    [33mtype[39m=[32m"button"[39m
  [36m/>[39m

  Name "Cold":
  [36m<button[39m
    [33maria-controls[39m=[32m"radix-_r_4c_-content-cold"[39m
    [33maria-selected[39m=[32m"false"[39m
    [33mclass[39m=[32m"dark:data-[state=active]:text-foreground focus-visible:border-ring focus-visible:ring-ring/50 focus-visible:outline-ring dark:data-[state=active]:border-input dark:data-[state=active]:bg-input/30 text-foreground dark:text-muted-foreground inline-flex items-center justify-center gap-1.5 border border-transparent font-medium whitespace-nowrap transition-[color,box-shadow] focus-visible:ring-[3px] focus-visible:outline-1 disabled:pointer-events-none disabled:opacity-50 [&_svg]:pointer-events-none [&_svg]:shrink-0 [&_svg:not([class*='size-'])]:size-4 text-xs px-2.5 py-0 h-5 rounded-full leading-none flex-none data-[state=active]:bg-blue-100 data-[state=active]:text-blue-700 data-[state=active]:shadow-sm data-[state=active]:h-5"[39m
    [33mdata-orientation[39m=[32m"horizontal"[39m
    [33mdata-radix-collection-item[39m=[32m""[39m
    [33mdata-slot[39m=[32m"tabs-trigger"[39m
    [33mdata-state[39m=[32m"inactive"[39m
    [33mid[39m=[32m"radix-_r_4c_-trigger-cold"[39m
    [33mrole[39m=[32m"tab"[39m
    [33mtabindex[39m=[32m"-1"[39m
    [33mtype[39m=[32m"button"[39m
  [36m/>[39m

  Name "Warm":
  [36m<button[39m
    [33maria-controls[39m=[32m"radix-_r_4c_-content-warm"[39m
    [33maria-selected[39m=[32m"false"[39m
    [33mclass[39m=[32m"dark:data-[state=active]:text-foreground focus-visible:border-ring focus-visible:ring-ring/50 focus-visible:outline-ring dark:data-[state=active]:border-input dark:data-[state=active]:bg-input/30 text-foreground dark:text-muted-foreground inline-flex items-center justify-center gap-1.5 border border-transparent font-medium whitespace-nowrap transition-[color,box-shadow] focus-visible:ring-[3px] focus-visible:outline-1 disabled:pointer-events-none disabled:opacity-50 [&_svg]:pointer-events-none [&_svg]:shrink-0 [&_svg:not([class*='size-'])]:size-4 text-xs px-2.5 py-0 h-5 rounded-full leading-none flex-none data-[state=active]:bg-blue-100 data-[state=active]:text-blue-700 data-[state=active]:shadow-sm data-[state=active]:h-5"[39m
    [33mdata-orientation[39m=[32m"horizontal"[39m
    [33mdata-radix-collection-item[39m=[32m""[39m
    [33mdata-slot[39m=[32m"tabs-trigger"[39m
    [33mdata-state[39m=[32m"inactive"[39m
    [33mid[39m=[32m"radix-_r_4c_-trigger-warm"[39m
    [33mrole[39m=[32m"tab"[39m
    [33mtabindex[39m=[32m"-1"[39m
    [33mtype[39m=[32m"button"[39m
  [36m/>[39m

  Name "Hot":
  [36m<button[39m
    [33maria-controls[39m=[32m"radix-_r_4c_-content-hot"[39m
    [33maria-selected[39m=[32m"false"[39m
    [33mclass[39m=[32m"dark:data-[state=active]:text-foreground focus-visible:border-ring focus-visible:ring-ring/50 focus-visible:outline-ring dark:data-[state=active]:border-input dark:data-[state=active]:bg-input/30 text-foreground dark:text-muted-foreground inline-flex items-center justify-center gap-1.5 border border-transparent font-medium whitespace-nowrap transition-[color,box-shadow] focus-visible:ring-[3px] focus-visible:outline-1 disabled:pointer-events-none disabled:opacity-50 [&_svg]:pointer-events-none [&_svg]:shrink-0 [&_svg:not([class*='size-'])]:size-4 text-xs px-2.5 py-0 h-5 rounded-full leading-none flex-none data-[state=active]:bg-blue-100 data-[state=active]:text-blue-700 data-[state=active]:shadow-sm data-[state=active]:h-5"[39m
    [33mdata-orientation[39m=[32m"horizontal"[39m
    [33mdata-radix-collection-item[39m=[32m""[39m
    [33mdata-slot[39m=[32m"tabs-trigger"[39m
    [33mdata-state[39m=[32m"inactive"[39m
    [33mid[39m=[32m"radix-_r_4c_-trigger-hot"[39m
    [33mrole[39m=[32m"tab"[39m
    [33mtabindex[39m=[32m"-1"[39m
    [33mtype[39m=[32m"button"[39m
  [36m/>[39m

  Name "Closed":
  [36m<button[39m
    [33maria-controls[39m=[32m"radix-_r_4c_-content-closed"[39m
    [33maria-selected[39m=[32m"false"[39m
    [33mclass[39m=[32m"dark:data-[state=active]:text-foreground focus-visible:border-ring focus-visible:ring-ring/50 focus-visible:outline-ring dark:data-[state=active]:border-input dark:data-[state=active]:bg-input/30 text-foreground dark:text-muted-foreground inline-flex items-center justify-center gap-1.5 border border-transparent font-medium whitespace-nowrap transition-[color,box-shadow] focus-visible:ring-[3px] focus-visible:outline-1 disabled:pointer-events-none disabled:opacity-50 [&_svg]:pointer-events-none [&_svg]:shrink-0 [&_svg:not([class*='size-'])]:size-4 text-xs px-2.5 py-0 h-5 rounded-full leading-none flex-none data-[state=active]:bg-blue-100 data-[state=active]:text-blue-700 data-[state=active]:shadow-sm data-[state=active]:h-5"[39m
    [33mdata-orientation[39m=[32m"horizontal"[39m
    [33mdata-radix-collection-item[39m=[32m""[39m
    [33mdata-slot[39m=[32m"tabs-trigger"[39m
    [33mdata-state[39m=[32m"inactive"[39m
    [33mid[39m=[32m"radix-_r_4c_-trigger-closed"[39m
    [33mrole[39m=[32m"tab"[39m
    [33mtabindex[39m=[32m"-1"[39m
    [33mtype[39m=[32m"button"[39m
  [36m/>[39m

  Name "Lost":
  [36m<button[39m
    [33maria-controls[39m=[32m"radix-_r_4c_-content-lost"[39m
    [33maria-selected[39m=[32m"false"[39m
    [33mclass[39m=[32m"dark:data-[state=active]:text-foreground focus-visible:border-ring focus-visible:ring-ring/50 focus-visible:outline-ring dark:data-[state=active]:border-input dark:data-[state=active]:bg-input/30 text-foreground dark:text-muted-foreground inline-flex items-center justify-center gap-1.5 border border-transparent font-medium whitespace-nowrap transition-[color,box-shadow] focus-visible:ring-[3px] focus-visible:outline-1 disabled:pointer-events-none disabled:opacity-50 [&_svg]:pointer-events-none [&_svg]:shrink-0 [&_svg:not([class*='size-'])]:size-4 text-xs px-2.5 py-0 h-5 rounded-full leading-none flex-none data-[state=active]:bg-blue-100 data-[state=active]:text-blue-700 data-[state=active]:shadow-sm data-[state=active]:h-5"[39m
    [33mdata-orientation[39m=[32m"horizontal"[39m
    [33mdata-radix-collection-item[39m=[32m""[39m
    [33mdata-slot[39m=[32m"tabs-trigger"[39m
    [33mdata-state[39m=[32m"inactive"[39m
    [33mid[39m=[32m"radix-_r_4c_-trigger-lost"[39m
    [33mrole[39m=[32m"tab"[39m
    [33mtabindex[39m=[32m"-1"[39m
    [33mtype[39m=[32m"button"[39m
  [36m/>[39m

  --------------------------------------------------
  button:

  Name "Toggle Neptune AI assistant":
  [36m<button[39m
    [33maria-label[39m=[32m"Toggle Neptune AI assistant"[39m
    [33mclass[39m=[32m"inline-flex items-center justify-center whitespace-nowrap text-sm font-medium transition-all duration-150 disabled:pointer-events-none disabled:opacity-40 [&_svg]:pointer-events-none [&_svg:not([class*='size-'])]:size-4 shrink-0 [&_svg]:shrink-0 outline-none focus-visible:ring-2 focus-visible:ring-ring/40 focus-visible:ring-offset-2 focus-visible:ring-offset-background active:scale-[0.98] hover:-translate-y-px bg-background hover:bg-background text-foreground/80 hover:text-foreground shadow-soft hover:shadow-soft-hover border border-border h-8 rounded-lg gap-1.5 px-3 has-[>svg]:px-2.5"[39m
    [33mdata-slot[39m=[32m"button"[39m
  [36m/>[39m

  Name "Configure lead scoring":
  [36m<button[39m
    [33maria-label[39m=[32m"Configure lead scoring"[39m
    [33mclass[39m=[32m"inline-flex items-center justify-center whitespace-nowrap text-sm font-medium transition-all duration-150 disabled:pointer-events-none disabled:opacity-40 [&_svg]:pointer-events-none [&_svg:not([class*='size-'])]:size-4 shrink-0 [&_svg]:shrink-0 outline-none focus-visible:ring-2 focus-visible:ring-ring/40 focus-visible:ring-offset-2 focus-visible:ring-offset-background active:scale-[0.98] hover:-translate-y-px bg-transparent border border-transparent shadow-none rounded-lg gap-1.5 has-[>svg]:px-2.5 h-8 px-2 text-blue-600 hover:text-blue-700 hover:bg-blue-50"[39m
    [33mdata-slot[39m=[32m"button"[39m
  [36m/>[39m

  Name "Configure lead routing":
  [36m<button[39m
    [33maria-label[39m=[32m"Configure lead routing"[39m
    [33mclass[39m=[32m"inline-flex items-center justify-center whitespace-nowrap text-sm font-medium transition-all duration-150 disabled:pointer-events-none disabled:opacity-40 [&_svg]:pointer-events-none [&_svg:not([class*='size-'])]:size-4 shrink-0 [&_svg]:shrink-0 outline-none focus-visible:ring-2 focus-visible:ring-ring/40 focus-visible:ring-offset-2 focus-visible:ring-offset-background active:scale-[0.98] hover:-translate-y-px bg-transparent border border-transparent shadow-none rounded-lg gap-1.5 has-[>svg]:px-2.5 h-8 px-2 text-blue-600 hover:text-blue-700 hover:bg-blue-50"[39m
    [33mdata-slot[39m=[32m"button"[39m
  [36m/>[39m

  Name "Add lead":
  [36m<button[39m
    [33maria-label[39m=[32m"Add lead"[39m
    [33mclass[39m=[32m"inline-flex items-center justify-center gap-2 whitespace-nowrap text-sm font-medium transition-all duration-150 disabled:pointer-events-none disabled:opacity-40 [&_svg]:pointer-events-none [&_svg:not([class*='size-'])]:size-4 shrink-0 [&_svg]:shrink-0 outline-none focus-visible:ring-2 focus-visible:ring-ring/40 focus-visible:ring-offset-2 focus-visible:ring-offset-background active:scale-[0.98] hover:-translate-y-px shadow-soft hover:shadow-soft-hover hover:border-accent-cyan/30 size-9 h-8 w-8 rounded-full bg-white/80 backdrop-blur-sm border border-gray-200/50 hover:bg-white/90 text-blue-600 hover:text-blue-700 shadow-sm"[39m
    [33mdata-slot[39m=[32m"button"[39m
  [36m/>[39m

  Name "Select lead John Doe":
  [36m<button[39m
    [33maria-label[39m=[32m"Select lead John Doe"[39m
    [33mclass[39m=[32m"w-full p-4 text-left hover:bg-muted/50 transition-colors focus:outline-none focus:ring-2 focus:ring-ring focus:ring-offset-2"[39m
  [36m/>[39m

  Name "Delete John Doe":
  [36m<div[39m
    [33maria-label[39m=[32m"Delete John Doe"[39m
    [33mclass[39m=[32m"ml-auto p-1.5 rounded-md hover:bg-red-50 text-gray-400 hover:text-red-600 transition-colors cursor-pointer"[39m
    [33mrole[39m=[32m"button"[39m
    [33mtabindex[39m=[32m"0"[39m
  [36m/>[39m

  Name "Select lead Jane Smith":
  [36m<button[39m
    [33maria-label[39m=[32m"Select lead Jane Smith"[39m
    [33mclass[39m=[32m"w-full p-4 text-left hover:bg-muted/50 transition-colors focus:outline-none focus:ring-2 focus:ring-ring focus:ring-offset-2"[39m
  [36m/>[39m

  Name "Delete Jane Smith":
  [36m<div[39m
    [33maria-label[39m=[32m"Delete Jane Smith"[39m
    [33mclass[39m=[32m"ml-auto p-1.5 rounded-md hover:bg-red-50 text-gray-400 hover:text-red-600 transition-colors cursor-pointer"[39m
    [33mrole[39m=[32m"button"[39m
    [33mtabindex[39m=[32m"0"[39m
  [36m/>[39m

  --------------------------------------------------
  paragraph:

  Name "":
  [36m<p[39m
    [33mclass[39m=[32m"text-xs text-blue-600 flex items-center gap-1"[39m
  [36m/>[39m

  Name "":
  [36m<p[39m
    [33mclass[39m=[32m"text-sm font-medium truncate"[39m
  [36m/>[39m

  Name "":
  [36m<p[39m
    [33mclass[39m=[32m"text-xs text-muted-foreground truncate mt-0.5"[39m
  [36m/>[39m

  Name "":
  [36m<p[39m
    [33mclass[39m=[32m"text-sm font-medium truncate"[39m
  [36m/>[39m

  Name "":
  [36m<p[39m
    [33mclass[39m=[32m"text-xs text-muted-foreground truncate mt-0.5"[39m
  [36m/>[39m

  --------------------------------------------------
  textbox:

  Name "Search leads":
  [36m<input[39m
    [33maria-label[39m=[32m"Search leads"[39m
    [33mclass[39m=[32m"file:text-foreground placeholder:text-muted-foreground selection:bg-primary selection:text-primary-foreground border-input flex w-full min-w-0 rounded-md border px-3 py-1 transition-[color,box-shadow] outline-none file:inline-flex file:h-7 file:border-0 file:bg-transparent file:text-sm file:font-medium disabled:pointer-events-none disabled:cursor-not-allowed disabled:opacity-50 md:text-sm focus-visible:border-ring focus-visible:ring-ring/50 focus-visible:ring-[3px] aria-invalid:ring-destructive/20 dark:aria-invalid:ring-destructive/40 aria-invalid:border-destructive pl-9 h-9 text-sm bg-white dark:bg-card"[39m
    [33mdata-slot[39m=[32m"input"[39m
    [33mplaceholder[39m=[32m"Search leads..."[39m
    [33mvalue[39m=[32m""[39m
  [36m/>[39m

  --------------------------------------------------

Ignored nodes: comments, script, style
[36m<body>[39m
  [36m<div>[39m
    [36m<div[39m
      [33mclass[39m=[32m"flex h-full flex-col bg-gray-50/50"[39m
    [36m>[39m
      [36m<div[39m
        [33mclass[39m=[32m"max-w-7xl mx-auto px-4 sm:px-6 py-4 space-y-4 w-full"[39m
      [36m>[39m
        [36m<div[39m
          [33mclass[39m=[32m"flex items-center justify-between pt-4"[39m
        [36m>[39m
          [36m<div[39m
            [33mclass[39m=[32m"flex items-center gap-3"[39m
          [36m>[39m
            [36m<svg[39m
              [33maria-hidden[39m=[32m"true"[39m
              [33mclass[39m=[32m"lucide lucide-users w-6 h-6 md:w-7 md:h-7 drop-shadow-sm"[39m
              [33mfill[39m=[32m"none"[39m
              [33mheight[39m=[32m"24"[39m
              [33mstroke[39m=[32m"url(#icon-gradient-_r_4a_)"[39m
              [33mstroke-linecap[39m=[32m"round"[39m
              [33mstroke-linejoin[39m=[32m"round"[39m
              [33mstroke-width[39m=[32m"2"[39m
              [33mviewBox[39m=[32m"0 0 24 24"[39m
              [33mwidth[39m=[32m"24"[39m
              [33mxmlns[39m=[32m"http://www.w3.org/2000/svg"[39m
            [36m>[39m
              [36m<path[39m
                [33md[39m=[32m"M16 21v-2a4 4 0 0 0-4-4H6a4 4 0 0 0-4 4v2"[39m
              [36m/>[39m
              [36m<circle[39m
                [33mcx[39m=[32m"9"[39m
                [33mcy[39m=[32m"7"[39m
                [33mr[39m=[32m"4"[39m
              [36m/>[39m
              [36m<path[39m
                [33md[39m=[32m"M22 21v-2a4 4 0 0 0-3-3.87"[39m
              [36m/>[39m
              [36m<path[39m
                [33md[39m=[32m"M16 3.13a4 4 0 0 1 0 7.75"[39m
              [36m/>[39m
            [36m</svg>[39m
            [36m<svg[39m
              [33mclass[39m=[32m"absolute"[39m
              [33mheight[39m=[32m"0"[39m
              [33mwidth[39m=[32m"0"[39m
            [36m>[39m
              [36m<defs>[39m
                [36m<lineargradient[39m
                  [33mid[39m=[32m"icon-gradient-_r_4a_"[39m
                  [33mx1[39m=[32m"0%"[39m
                  [33mx2[39m=[32m"100%"[39m
                  [33my1[39m=[32m"0%"[39m
                  [33my2[39m=[32m"100%"[39m
                [36m>[39m
                  [36m<stop[39m
                    [33moffset[39m=[32m"0%"[39m
                    [33mstop-color[39m=[32m"#8b5cf6"[39m
                  [36m/>[39m
                  [36m<stop[39m
                    [33moffset[39m=[32m"100%"[39m
                    [33mstop-color[39m=[32m"#3b82f6"[39m
                  [36m/>[39m
                [36m</lineargradient>[39m
              [36m</defs>[39m
            [36m</svg>[39m
            [36m<div[39m
              [33mclass[39m=[32m"flex flex-col"[39m
            [36m>[39m
              [36m<h1[39m
                [33mclass[39m=[32m"branded-page-title-compact md:branded-page-title text-xl md:text-2xl uppercase drop-shadow-sm"[39m
              [36m>[39m
                [0mCRM[0m
              [36m</h1>[39m
            [36m</div>[39m
          [36m</div>[39m
          [36m<div[39m
            [33mclass[39m=[32m"hidden lg:flex flex-wrap items-center gap-3"[39m
          [36m>[39m
            [36m<span[39m
              [33mclass[39m=[32m"inline-flex w-fit shrink-0 items-center justify-center whitespace-nowrap border font-medium overflow-hidden [&>svg]:pointer-events-none [&>svg]:shrink-0 focus-visible:border-ring focus-visible:ring-ring/50 focus-visible:ring-[3px] aria-invalid:ring-destructive/20 dark:aria-invalid:ring-destructive/40 aria-invalid:border-destructive transition-colors rounded-full px-3 py-1.5 text-sm gap-1.5 [&>svg]:size-3.5 bg-blue-50 text-blue-700 border-blue-200 hover:bg-blue-100 dark:bg-blue-900/20 dark:text-blue-300 dark:border-blue-800 dark:hover:bg-blue-900/30"[39m
              [33mdata-slot[39m=[32m"badge"[39m
            [36m>[39m
              [36m<svg[39m
                [33maria-hidden[39m=[32m"true"[39m
                [33mclass[39m=[32m"lucide lucide-users h-3.5 w-3.5"[39m
                [33mfill[39m=[32m"none"[39m
                [33mheight[39m=[32m"24"[39m
                [33mstroke[39m=[32m"currentColor"[39m
                [33mstroke-linecap[39m=[32m"round"[39m
                [33mstroke-linejoin[39m=[32m"round"[39m
                [33mstroke-width[39m=[32m"2"[39m
                [33mviewBox[39m=[32m"0 0 24 24"[39m
                [33mwidth[39m=[32m"24"[39m
                [33mxmlns[39m=[32m"http://www.w3.org/2000/svg"[39m
              [36m>[39m
                [36m<path[39m
                  [33md[39m=[32m"M16 21v-2a4 4 0 0 0-4-4H6a4 4 0 0 0-4 4v2"[39m
                [36m/>[39m
                [36m<circle[39m
                  [33mcx[39m=[32m"9"[39m
                  [33mcy[39m=[32m"7"[39m
                  [33mr[39m=[32m"4"[39m
                [36m/>[39m
                [36m<path[39m
                  [33md[39m=[32m"M22 21v-2a4 4 0 0 0-3-3.87"[39m
                [36m/>[39m
                [36m<path[39m
                  [33md[39m=[32m"M16 3.13a4 4 0 0 1 0 7.75"[39m
                [36m/>[39m
              [36m</svg>[39m
              [36m<span[39m
                [33mclass[39m=[32m"font-semibold"[39m
              [36m>[39m
                [0m10[0m
              [36m</span>[39m
              [36m<span[39m
                [33mclass[39m=[32m"ml-1 font-normal opacity-70"[39m
              [36m>[39m
                [0mLeads[0m
              [36m</span>[39m
            [36m</span>[39m
            [36m<span[39m
              [33mclass[39m=[32m"inline-flex w-fit shrink-0 items-center justify-center whitespace-nowrap border font-medium overflow-hidden [&>svg]:pointer-events-none [&>svg]:shrink-0 focus-visible:border-ring focus-visible:ring-ring/50 focus-visible:ring-[3px] aria-invalid:ring-destructive/20 dark:aria-invalid:ring-destructive/40 aria-invalid:border-destructive transition-colors rounded-full px-3 py-1.5 text-sm gap-1.5 [&>svg]:size-3.5 bg-violet-50 text-violet-700 border-violet-200 hover:bg-violet-100 dark:bg-violet-900/20 dark:text-violet-300 dark:border-violet-800 dark:hover:bg-violet-900/30"[39m
              [33mdata-slot[39m=[32m"badge"[39m
            [36m>[39m
              [36m<svg[39m
                [33maria-hidden[39m=[32m"true"[39m
                [33mclass[39m=[32m"lucide lucide-target h-3.5 w-3.5"[39m
                [33mfill[39m=[32m"none"[39m
                [33mheight[39m=[32m"24"[39m
                [33mstroke[39m=[32m"currentColor"[39m
                [33mstroke-linecap[39m=[32m"round"[39m
                [33mstroke-linejoin[39m=[32m"round"[39m
                [33mstroke-width[39m=[32m"2"[39m
                [33mviewBox[39m=...
[90m [2m❯[22m Object.getElementError node_modules/@testing-library/dom/dist/config.js:[2m37:19[22m[39m
[90m [2m❯[22m node_modules/@testing-library/dom/dist/query-helpers.js:[2m76:38[22m[39m
[90m [2m❯[22m node_modules/@testing-library/dom/dist/query-helpers.js:[2m52:17[22m[39m
[90m [2m❯[22m node_modules/@testing-library/dom/dist/query-helpers.js:[2m95:19[22m[39m
[36m [2m❯[22m tests/components/CRMDashboard.test.tsx:[2m160:32[22m[39m
    [90m158| [39m    )[33m;[39m
    [90m159| [39m
    [90m160| [39m    const contactsTab = screen.getByRole('button', { name: /contacts/i…
    [90m   | [39m                               [31m^[39m
    [90m161| [39m    fireEvent[33m.[39m[34mclick[39m(contactsTab)[33m;[39m
    [90m162| [39m

[31m[2m⎯⎯⎯⎯⎯⎯⎯⎯⎯⎯⎯⎯⎯⎯⎯⎯⎯⎯⎯⎯⎯⎯[48/99]⎯[22m[39m

[41m[1m FAIL [22m[49m tests/components/KnowledgeBaseDashboard.test.tsx[2m > [22mKnowledgeBaseDashboard[2m > [22mshould render the knowledge base dashboard
[41m[1m FAIL [22m[49m tests/components/KnowledgeBaseDashboard.test.tsx[2m > [22mKnowledgeBaseDashboard[2m > [22mshould display document statistics
[41m[1m FAIL [22m[49m tests/components/KnowledgeBaseDashboard.test.tsx[2m > [22mKnowledgeBaseDashboard[2m > [22mshould render documents list
[41m[1m FAIL [22m[49m tests/components/KnowledgeBaseDashboard.test.tsx[2m > [22mKnowledgeBaseDashboard[2m > [22mshould switch between tabs
[41m[1m FAIL [22m[49m tests/components/KnowledgeBaseDashboard.test.tsx[2m > [22mKnowledgeBaseDashboard[2m > [22mshould filter documents by search query
[41m[1m FAIL [22m[49m tests/components/KnowledgeBaseDashboard.test.tsx[2m > [22mKnowledgeBaseDashboard[2m > [22mshould handle file upload
[41m[1m FAIL [22m[49m tests/components/KnowledgeBaseDashboard.test.tsx[2m > [22mKnowledgeBaseDashboard[2m > [22mshould display document types correctly
[41m[1m FAIL [22m[49m tests/components/KnowledgeBaseDashboard.test.tsx[2m > [22mKnowledgeBaseDashboard[2m > [22mshould show processing status for documents
[41m[1m FAIL [22m[49m tests/components/KnowledgeBaseDashboard.test.tsx[2m > [22mKnowledgeBaseDashboard[2m > [22mshould handle document search functionality
[41m[1m FAIL [22m[49m tests/components/KnowledgeBaseDashboard.test.tsx[2m > [22mKnowledgeBaseDashboard[2m > [22mshould display file sizes correctly
[41m[1m FAIL [22m[49m tests/components/KnowledgeBaseDashboard.test.tsx[2m > [22mKnowledgeBaseDashboard[2m > [22mshould handle document deletion
[41m[1m FAIL [22m[49m tests/components/KnowledgeBaseDashboard.test.tsx[2m > [22mKnowledgeBaseDashboard[2m > [22mshould show upload progress
[41m[1m FAIL [22m[49m tests/components/KnowledgeBaseDashboard.test.tsx[2m > [22mKnowledgeBaseDashboard[2m > [22mshould validate file types on upload
[41m[1m FAIL [22m[49m tests/components/KnowledgeBaseDashboard.test.tsx[2m > [22mKnowledgeBaseDashboard[2m > [22mshould handle API errors gracefully
[41m[1m FAIL [22m[49m tests/components/KnowledgeBaseDashboard.test.tsx[2m > [22mKnowledgeBaseDashboard[2m > [22mshould display document tags
[41m[1m FAIL [22m[49m tests/components/KnowledgeBaseDashboard.test.tsx[2m > [22mKnowledgeBaseDashboard[2m > [22mshould handle empty documents list
[41m[1m FAIL [22m[49m tests/components/KnowledgeBaseDashboard.test.tsx[2m > [22mKnowledgeBaseDashboard[2m > [22mshould open Neptune panel for assistance
[41m[1m FAIL [22m[49m tests/components/KnowledgeBaseDashboard.test.tsx[2m > [22mKnowledgeBaseDashboard[2m > [22mshould handle favorites functionality
[41m[1m FAIL [22m[49m tests/components/KnowledgeBaseDashboard.test.tsx[2m > [22mKnowledgeBaseDashboard[2m > [22mshould be accessible with proper ARIA labels
[41m[1m FAIL [22m[49m tests/components/KnowledgeBaseDashboard.test.tsx[2m > [22mKnowledgeBaseDashboard[2m > [22mshould display upload date for documents
[41m[1m FAIL [22m[49m tests/components/KnowledgeBaseDashboard.test.tsx[2m > [22mKnowledgeBaseDashboard[2m > [22mshould handle document preview
[31m[1mTypeError[22m: Cannot read properties of undefined (reading 'length')[39m
[36m [2m❯[22m KnowledgeBaseDashboard src/components/knowledge-base/KnowledgeBaseDashboard.tsx:[2m305:30[22m[39m
    [90m303| [39m  [90m// Calculate stats[39m
    [90m304| [39m  [35mconst[39m stats [33m=[39m {
    [90m305| [39m    totalItems[33m:[39m currentItems[33m.[39mlength[33m,[39m
    [90m   | [39m                             [31m^[39m
    [90m306| [39m    totalCollections[33m:[39m currentCollections[33m.[39mlength[33m,[39m
    [90m307| [39m    recentItems[33m:[39m currentItems[33m.[39m[34mfilter[39m((item) [33m=>[39m {
[90m [2m❯[22m Object.react_stack_bottom_frame node_modules/react-dom/cjs/react-dom-client.development.js:[2m25904:20[22m[39m
[90m [2m❯[22m renderWithHooks node_modules/react-dom/cjs/react-dom-client.development.js:[2m7662:22[22m[39m
[90m [2m❯[22m updateFunctionComponent node_modules/react-dom/cjs/react-dom-client.development.js:[2m10166:19[22m[39m
[90m [2m❯[22m beginWork node_modules/react-dom/cjs/react-dom-client.development.js:[2m11778:18[22m[39m
[90m [2m❯[22m runWithFiberInDEV node_modules/react-dom/cjs/react-dom-client.development.js:[2m874:13[22m[39m
[90m [2m❯[22m performUnitOfWork node_modules/react-dom/cjs/react-dom-client.development.js:[2m17641:22[22m[39m
[90m [2m❯[22m workLoopSync node_modules/react-dom/cjs/react-dom-client.development.js:[2m17469:41[22m[39m
[90m [2m❯[22m renderRootSync node_modules/react-dom/cjs/react-dom-client.development.js:[2m17450:11[22m[39m
[90m [2m❯[22m performWorkOnRoot node_modules/react-dom/cjs/react-dom-client.development.js:[2m16583:35[22m[39m

[31m[2m⎯⎯⎯⎯⎯⎯⎯⎯⎯⎯⎯⎯⎯⎯⎯⎯⎯⎯⎯⎯⎯⎯[49/99]⎯[22m[39m

[41m[1m FAIL [22m[49m tests/components/KnowledgeBaseDashboard.test.tsx[2m > [22mKnowledgeBaseDashboard - File Upload[2m > [22mshould accept valid file types
[31m[1mReferenceError[22m: defaultProps is not defined[39m
[36m [2m❯[22m tests/components/KnowledgeBaseDashboard.test.tsx:[2m329:40[22m[39m
    [90m327| [39m    ) [35mas[39m any[33m;[39m
    [90m328| [39m
    [90m329| [39m    [34mrender[39m([33m<[39m[33mKnowledgeBaseDashboard[39m [33m{[39m[33m...[39mdefaultProps[33m}[39m [33m/[39m[33m>[39m)[33m;[39m
    [90m   | [39m                                       [31m^[39m
    [90m330| [39m    
    [90m331| [39m    [35mconst[39m uploadTab [33m=[39m screen[33m.[39m[34mgetByRole[39m([32m'tab'[39m[33m,[39m { name[33m:[39m [36m/upload/i[39m })[33m;[39m

[31m[2m⎯⎯⎯⎯⎯⎯⎯⎯⎯⎯⎯⎯⎯⎯⎯⎯⎯⎯⎯⎯⎯⎯[50/99]⎯[22m[39m

[41m[1m FAIL [22m[49m tests/components/KnowledgeBaseDashboard.test.tsx[2m > [22mKnowledgeBaseDashboard - File Upload[2m > [22mshould reject files over size limit
[31m[1mReferenceError[22m: defaultProps is not defined[39m
[36m [2m❯[22m tests/components/KnowledgeBaseDashboard.test.tsx:[2m347:40[22m[39m
    [90m345| [39m    )[33m;[39m
    [90m346| [39m
    [90m347| [39m    [34mrender[39m([33m<[39m[33mKnowledgeBaseDashboard[39m [33m{[39m[33m...[39mdefaultProps[33m}[39m [33m/[39m[33m>[39m)[33m;[39m
    [90m   | [39m                                       [31m^[39m
    [90m348| [39m    
    [90m349| [39m    [35mconst[39m uploadTab [33m=[39m screen[33m.[39m[34mgetByRole[39m([32m'tab'[39m[33m,[39m { name[33m:[39m [36m/upload/i[39m })[33m;[39m

[31m[2m⎯⎯⎯⎯⎯⎯⎯⎯⎯⎯⎯⎯⎯⎯⎯⎯⎯⎯⎯⎯⎯⎯[51/99]⎯[22m[39m

[41m[1m FAIL [22m[49m tests/components/KnowledgeBaseDashboard.test.tsx[2m > [22mKnowledgeBaseDashboard - File Upload[2m > [22mshould show upload progress bar
[31m[1mReferenceError[22m: defaultProps is not defined[39m
[36m [2m❯[22m tests/components/KnowledgeBaseDashboard.test.tsx:[2m359:40[22m[39m
    [90m357| [39m
    [90m358| [39m  [34mit[39m([32m'should show upload progress bar'[39m[33m,[39m [35masync[39m () [33m=>[39m {
    [90m359| [39m    [34mrender[39m([33m<[39m[33mKnowledgeBaseDashboard[39m [33m{[39m[33m...[39mdefaultProps[33m}[39m [33m/[39m[33m>[39m)[33m;[39m
    [90m   | [39m                                       [31m^[39m
    [90m360| [39m    
    [90m361| [39m    [35mconst[39m uploadTab [33m=[39m screen[33m.[39m[34mgetByRole[39m([32m'tab'[39m[33m,[39m { name[33m:[39m [36m/upload/i[39m })[33m;[39m

[31m[2m⎯⎯⎯⎯⎯⎯⎯⎯⎯⎯⎯⎯⎯⎯⎯⎯⎯⎯⎯⎯⎯⎯[52/99]⎯[22m[39m

[41m[1m FAIL [22m[49m tests/components/MarketingDashboard.test.tsx[2m > [22mMarketingDashboard[2m > [22mshould switch between tabs
[31m[1mTestingLibraryElementError[22m[39m: Unable to find an accessible element with the role "tab" and name `/channels/i`

Here are the accessible roles:

  heading:

  Name "Marketing":
  [36m<h1[39m
    [33mclass[39m=[32m"branded-page-title-compact md:branded-page-title text-xl md:text-2xl uppercase drop-shadow-sm"[39m
  [36m/>[39m

  Name "Your Campaigns":
  [36m<h2[39m
    [33mclass[39m=[32m"text-lg font-semibold"[39m
  [36m/>[39m

  Name "Test Campaign":
  [36m<h3[39m
    [33mclass[39m=[32m"font-semibold text-gray-900 mb-1"[39m
  [36m/>[39m

  --------------------------------------------------
  tablist:

  Name "Section tabs":
  [36m<div[39m
    [33maria-label[39m=[32m"Section tabs"[39m
    [33mclass[39m=[32m"bg-background/80 backdrop-blur-lg rounded-full shadow-[0_8px_30px_rgb(0,0,0,0.12)] p-1 inline-flex gap-1"[39m
    [33mrole[39m=[32m"tablist"[39m
  [36m/>[39m

  --------------------------------------------------
  tab:

  Name "Switch to Campaigns tab":
  [36m<button[39m
    [33maria-label[39m=[32m"Switch to Campaigns tab"[39m
    [33maria-selected[39m=[32m"true"[39m
    [33mclass[39m=[32m"relative h-8 px-3.5 rounded-full text-sm font-medium transition-all duration-200 flex items-center gap-2 bg-pink-100 text-pink-700 shadow-sm"[39m
    [33mrole[39m=[32m"tab"[39m
    [33mtype[39m=[32m"button"[39m
  [36m/>[39m

  Name "Switch to Templates tab":
  [36m<button[39m
    [33maria-label[39m=[32m"Switch to Templates tab"[39m
    [33maria-selected[39m=[32m"false"[39m
    [33mclass[39m=[32m"relative h-8 px-3.5 rounded-full text-sm font-medium transition-all duration-200 flex items-center gap-2 text-muted-foreground hover:bg-muted/60 hover:text-foreground"[39m
    [33mrole[39m=[32m"tab"[39m
    [33mtype[39m=[32m"button"[39m
  [36m/>[39m

  Name "Switch to Create tab":
  [36m<button[39m
    [33maria-label[39m=[32m"Switch to Create tab"[39m
    [33maria-selected[39m=[32m"false"[39m
    [33mclass[39m=[32m"relative h-8 px-3.5 rounded-full text-sm font-medium transition-all duration-200 flex items-center gap-2 text-muted-foreground hover:bg-muted/60 hover:text-foreground"[39m
    [33mrole[39m=[32m"tab"[39m
    [33mtype[39m=[32m"button"[39m
  [36m/>[39m

  --------------------------------------------------
  button:

  Name "Toggle Neptune AI assistant":
  [36m<button[39m
    [33maria-label[39m=[32m"Toggle Neptune AI assistant"[39m
    [33mclass[39m=[32m"inline-flex items-center justify-center whitespace-nowrap text-sm font-medium transition-all duration-150 disabled:pointer-events-none disabled:opacity-40 [&_svg]:pointer-events-none [&_svg:not([class*='size-'])]:size-4 shrink-0 [&_svg]:shrink-0 outline-none focus-visible:ring-2 focus-visible:ring-ring/40 focus-visible:ring-offset-2 focus-visible:ring-offset-background active:scale-[0.98] hover:-translate-y-px bg-background hover:bg-background text-foreground/80 hover:text-foreground shadow-soft hover:shadow-soft-hover border border-border h-8 rounded-lg gap-1.5 px-3 has-[>svg]:px-2.5"[39m
    [33mdata-slot[39m=[32m"button"[39m
  [36m/>[39m

  Name "LinkedIn B2B Outreach":
  [36m<button[39m
    [33mclass[39m=[32m"inline-flex items-center justify-center whitespace-nowrap font-medium transition-all duration-150 disabled:pointer-events-none disabled:opacity-40 [&_svg]:pointer-events-none [&_svg:not([class*='size-'])]:size-4 shrink-0 [&_svg]:shrink-0 outline-none focus-visible:ring-2 focus-visible:ring-ring/40 focus-visible:ring-offset-2 focus-visible:ring-offset-background active:scale-[0.98] hover:-translate-y-px bg-primary text-primary-foreground hover:bg-primary/90 shadow-soft hover:shadow-soft-hover border border-accent-cyan/20 hover:border-accent-cyan/30 gap-1.5 px-3 has-[>svg]:px-2.5 h-7 text-xs rounded-full"[39m
    [33mdata-slot[39m=[32m"button"[39m
  [36m/>[39m

  Name "Dismiss recommendation":
  [36m<button[39m
    [33maria-label[39m=[32m"Dismiss recommendation"[39m
    [33mclass[39m=[32m"p-1 rounded-md text-gray-400 hover:text-gray-600 hover:bg-gray-100 transition-colors"[39m
  [36m/>[39m

  Name "Holiday Flash Sale":
  [36m<button[39m
    [33mclass[39m=[32m"inline-flex items-center justify-center whitespace-nowrap font-medium transition-all duration-150 disabled:pointer-events-none disabled:opacity-40 [&_svg]:pointer-events-none [&_svg:not([class*='size-'])]:size-4 shrink-0 [&_svg]:shrink-0 outline-none focus-visible:ring-2 focus-visible:ring-ring/40 focus-visible:ring-offset-2 focus-visible:ring-offset-background active:scale-[0.98] hover:-translate-y-px bg-primary text-primary-foreground hover:bg-primary/90 shadow-soft hover:shadow-soft-hover border border-accent-cyan/20 hover:border-accent-cyan/30 gap-1.5 px-3 has-[>svg]:px-2.5 h-7 text-xs rounded-full"[39m
    [33mdata-slot[39m=[32m"button"[39m
  [36m/>[39m

  Name "Dismiss recommendation":
  [36m<button[39m
    [33maria-label[39m=[32m"Dismiss recommendation"[39m
    [33mclass[39m=[32m"p-1 rounded-md text-gray-400 hover:text-gray-600 hover:bg-gray-100 transition-colors"[39m
  [36m/>[39m

  Name "all":
  [36m<button[39m
    [33mclass[39m=[32m"inline-flex items-center justify-center whitespace-nowrap text-sm font-medium transition-all duration-150 disabled:pointer-events-none disabled:opacity-40 [&_svg]:pointer-events-none [&_svg:not([class*='size-'])]:size-4 shrink-0 [&_svg]:shrink-0 outline-none focus-visible:ring-2 focus-visible:ring-ring/40 focus-visible:ring-offset-2 focus-visible:ring-offset-background active:scale-[0.98] hover:-translate-y-px bg-primary text-primary-foreground hover:bg-primary/90 shadow-soft hover:shadow-soft-hover border border-accent-cyan/20 hover:border-accent-cyan/30 h-8 gap-1.5 px-3 has-[>svg]:px-2.5 rounded-full capitalize"[39m
    [33mdata-slot[39m=[32m"button"[39m
  [36m/>[39m

  Name "active":
  [36m<button[39m
    [33mclass[39m=[32m"inline-flex items-center justify-center whitespace-nowrap text-sm font-medium transition-all duration-150 disabled:pointer-events-none disabled:opacity-40 [&_svg]:pointer-events-none [&_svg:not([class*='size-'])]:size-4 shrink-0 [&_svg]:shrink-0 outline-none focus-visible:ring-2 focus-visible:ring-ring/40 focus-visible:ring-offset-2 focus-visible:ring-offset-background active:scale-[0.98] hover:-translate-y-px border border-border bg-background text-foreground hover:bg-accent/50 hover:border-border/60 h-8 gap-1.5 px-3 has-[>svg]:px-2.5 rounded-full capitalize"[39m
    [33mdata-slot[39m=[32m"button"[39m
  [36m/>[39m

  Name "paused":
  [36m<button[39m
    [33mclass[39m=[32m"inline-flex items-center justify-center whitespace-nowrap text-sm font-medium transition-all duration-150 disabled:pointer-events-none disabled:opacity-40 [&_svg]:pointer-events-none [&_svg:not([class*='size-'])]:size-4 shrink-0 [&_svg]:shrink-0 outline-none focus-visible:ring-2 focus-visible:ring-ring/40 focus-visible:ring-offset-2 focus-visible:ring-offset-background active:scale-[0.98] hover:-translate-y-px border border-border bg-background text-foreground hover:bg-accent/50 hover:border-border/60 h-8 gap-1.5 px-3 has-[>svg]:px-2.5 rounded-full capitalize"[39m
    [33mdata-slot[39m=[32m"button"[39m
  [36m/>[39m

  Name "draft":
  [36m<button[39m
    [33mclass[39m=[32m"inline-flex items-center justify-center whitespace-nowrap text-sm font-medium transition-all duration-150 disabled:pointer-events-none disabled:opacity-40 [&_svg]:pointer-events-none [&_svg:not([class*='size-'])]:size-4 shrink-0 [&_svg]:shrink-0 outline-none focus-visible:ring-2 focus-visible:ring-ring/40 focus-visible:ring-offset-2 focus-visible:ring-offset-background active:scale-[0.98] hover:-translate-y-px border border-border bg-background text-foreground hover:bg-accent/50 hover:border-border/60 h-8 gap-1.5 px-3 has-[>svg]:px-2.5 rounded-full capitalize"[39m
    [33mdata-slot[39m=[32m"button"[39m
  [36m/>[39m

  Name "completed":
  [36m<button[39m
    [33mclass[39m=[32m"inline-flex items-center justify-center whitespace-nowrap text-sm font-medium transition-all duration-150 disabled:pointer-events-none disabled:opacity-40 [&_svg]:pointer-events-none [&_svg:not([class*='size-'])]:size-4 shrink-0 [&_svg]:shrink-0 outline-none focus-visible:ring-2 focus-visible:ring-ring/40 focus-visible:ring-offset-2 focus-visible:ring-offset-background active:scale-[0.98] hover:-translate-y-px border border-border bg-background text-foreground hover:bg-accent/50 hover:border-border/60 h-8 gap-1.5 px-3 has-[>svg]:px-2.5 rounded-full capitalize"[39m
    [33mdata-slot[39m=[32m"button"[39m
  [36m/>[39m

  Name "View Details":
  [36m<button[39m
    [33mclass[39m=[32m"inline-flex items-center justify-center whitespace-nowrap text-sm font-medium transition-all duration-150 disabled:pointer-events-none disabled:opacity-40 [&_svg]:pointer-events-none [&_svg:not([class*='size-'])]:size-4 shrink-0 [&_svg]:shrink-0 outline-none focus-visible:ring-2 focus-visible:ring-ring/40 focus-visible:ring-offset-2 focus-visible:ring-offset-background active:scale-[0.98] hover:-translate-y-px border border-border bg-background text-foreground hover:bg-accent/50 hover:border-border/60 h-8 gap-1.5 px-3 has-[>svg]:px-2.5 w-full rounded-full"[39m
    [33mdata-slot[39m=[32m"button"[39m
  [36m/>[39m

  --------------------------------------------------
  paragraph:

  Name "":
  [36m<p[39m
    [33mclass[39m=[32m"text-sm font-medium text-gray-900 truncate"[39m
  [36m/>[39m

  Name "":
  [36m<p[39m
    [33mclass[39m=[32m"text-xs text-gray-500 truncate"[39m
  [36m/>[39m

  Name "":
  [36m<p[39m
    [33mclass[39m=[32m"text-sm font-medium text-gray-900 truncate"[39m
  [36m/>[39m

  Name "":
  [36m<p[39m
    [33mclass[39m=[32m"text-xs text-gray-500 truncate"[39m
  [36m/>[39m

  Name "":
  [36m<p[39m
    [33mclass[39m=[32m"text-xs text-gray-500"[39m
  [36m/>[39m

  Name "":
  [36m<p[39m
    [33mclass[39m=[32m"font-semibold"[39m
  [36m/>[39m

  Name "":
  [36m<p[39m
    [33mclass[39m=[32m"text-xs text-gray-500"[39m
  [36m/>[39m

  Name "":
  [36m<p[39m
    [33mclass[39m=[32m"font-semibold"[39m
  [36m/>[39m

  Name "":
  [36m<p[39m
    [33mclass[39m=[32m"text-xs text-gray-500"[39m
  [36m/>[39m

  Name "":
  [36m<p[39m
    [33mclass[39m=[32m"font-semibold"[39m
  [36m/>[39m

  Name "":
  [36m<p[39m
    [33mclass[39m=[32m"text-xs text-gray-500"[39m
  [36m/>[39m

  Name "":
  [36m<p[39m
    [33mclass[39m=[32m"font-semibold text-green-600"[39m
  [36m/>[39m

  --------------------------------------------------
  textbox:

  Name "":
  [36m<input[39m
    [33mclass[39m=[32m"file:text-foreground placeholder:text-muted-foreground selection:bg-primary selection:text-primary-foreground dark:bg-input/30 border-input flex h-9 min-w-0 rounded-md border px-3 py-1 text-base bg-input-background transition-[color,box-shadow] outline-none file:inline-flex file:h-7 file:border-0 file:bg-transparent file:text-sm file:font-medium disabled:pointer-events-none disabled:cursor-not-allowed disabled:opacity-50 md:text-sm focus-visible:border-ring focus-visible:ring-ring/50 focus-visible:ring-[3px] aria-invalid:ring-destructive/20 dark:aria-invalid:ring-destructive/40 aria-invalid:border-destructive pl-9 w-64"[39m
    [33mdata-slot[39m=[32m"input"[39m
    [33mplaceholder[39m=[32m"Search campaigns..."[39m
    [33mvalue[39m=[32m""[39m
  [36m/>[39m

  --------------------------------------------------

Ignored nodes: comments, script, style
[36m<body>[39m
  [36m<div>[39m
    [36m<div[39m
      [33mclass[39m=[32m"h-full bg-gray-50/50 overflow-hidden flex flex-col"[39m
    [36m>[39m
      [36m<div[39m
        [33mclass[39m=[32m"px-6 py-4 space-y-4 shrink-0"[39m
      [36m>[39m
        [36m<div[39m
          [33mclass[39m=[32m"flex items-center justify-between pt-4"[39m
        [36m>[39m
          [36m<div[39m
            [33mclass[39m=[32m"flex items-center gap-3"[39m
          [36m>[39m
            [36m<svg[39m
              [33maria-hidden[39m=[32m"true"[39m
              [33mclass[39m=[32m"lucide lucide-megaphone w-6 h-6 md:w-7 md:h-7 drop-shadow-sm"[39m
              [33mfill[39m=[32m"none"[39m
              [33mheight[39m=[32m"24"[39m
              [33mstroke[39m=[32m"url(#icon-gradient-_r_c_)"[39m
              [33mstroke-linecap[39m=[32m"round"[39m
              [33mstroke-linejoin[39m=[32m"round"[39m
              [33mstroke-width[39m=[32m"2"[39m
              [33mviewBox[39m=[32m"0 0 24 24"[39m
              [33mwidth[39m=[32m"24"[39m
              [33mxmlns[39m=[32m"http://www.w3.org/2000/svg"[39m
            [36m>[39m
              [36m<path[39m
                [33md[39m=[32m"m3 11 18-5v12L3 14v-3z"[39m
              [36m/>[39m
              [36m<path[39m
                [33md[39m=[32m"M11.6 16.8a3 3 0 1 1-5.8-1.6"[39m
              [36m/>[39m
            [36m</svg>[39m
            [36m<svg[39m
              [33mclass[39m=[32m"absolute"[39m
              [33mheight[39m=[32m"0"[39m
              [33mwidth[39m=[32m"0"[39m
            [36m>[39m
              [36m<defs>[39m
                [36m<lineargradient[39m
                  [33mid[39m=[32m"icon-gradient-_r_c_"[39m
                  [33mx1[39m=[32m"0%"[39m
                  [33mx2[39m=[32m"100%"[39m
                  [33my1[39m=[32m"0%"[39m
                  [33my2[39m=[32m"100%"[39m
                [36m>[39m
                  [36m<stop[39m
                    [33moffset[39m=[32m"0%"[39m
                    [33mstop-color[39m=[32m"#8b5cf6"[39m
                  [36m/>[39m
                  [36m<stop[39m
                    [33moffset[39m=[32m"100%"[39m
                    [33mstop-color[39m=[32m"#3b82f6"[39m
                  [36m/>[39m
                [36m</lineargradient>[39m
              [36m</defs>[39m
            [36m</svg>[39m
            [36m<div[39m
              [33mclass[39m=[32m"flex flex-col"[39m
            [36m>[39m
              [36m<h1[39m
                [33mclass[39m=[32m"branded-page-title-compact md:branded-page-title text-xl md:text-2xl uppercase drop-shadow-sm"[39m
              [36m>[39m
                [0mMarketing[0m
              [36m</h1>[39m
            [36m</div>[39m
          [36m</div>[39m
          [36m<div[39m
            [33mclass[39m=[32m"hidden lg:flex flex-wrap items-center gap-3"[39m
          [36m>[39m
            [36m<span[39m
              [33mclass[39m=[32m"inline-flex w-fit shrink-0 items-center justify-center whitespace-nowrap border font-medium overflow-hidden [&>svg]:pointer-events-none [&>svg]:shrink-0 focus-visible:border-ring focus-visible:ring-ring/50 focus-visible:ring-[3px] aria-invalid:ring-destructive/20 dark:aria-invalid:ring-destructive/40 aria-invalid:border-destructive transition-colors rounded-full px-3 py-1.5 text-sm gap-1.5 [&>svg]:size-3.5 bg-pink-50 text-pink-700 border-pink-200 hover:bg-pink-100 dark:bg-pink-900/20 dark:text-pink-300 dark:border-pink-800 dark:hover:bg-pink-900/30"[39m
              [33mdata-slot[39m=[32m"badge"[39m
            [36m>[39m
              [36m<svg[39m
                [33maria-hidden[39m=[32m"true"[39m
                [33mclass[39m=[32m"lucide lucide-megaphone h-3.5 w-3.5"[39m
                [33mfill[39m=[32m"none"[39m
                [33mheight[39m=[32m"24"[39m
                [33mstroke[39m=[32m"currentColor"[39m
                [33mstroke-linecap[39m=[32m"round"[39m
                [33mstroke-linejoin[39m=[32m"round"[39m
                [33mstroke-width[39m=[32m"2"[39m
                [33mviewBox[39m=[32m"0 0 24 24"[39m
                [33mwidth[39m=[32m"24"[39m
                [33mxmlns[39m=[32m"http://www.w3.org/2000/svg"[39m
              [36m>[39m
                [36m<path[39m
                  [33md[39m=[32m"m3 11 18-5v12L3 14v-3z"[39m
                [36m/>[39m
                [36m<path[39m
                  [33md[39m=[32m"M11.6 16.8a3 3 0 1 1-5.8-1.6"[39m
                [36m/>[39m
              [36m</svg>[39m
              [36m<span[39m
                [33mclass[39m=[32m"font-semibold"[39m
              [36m>[39m
                [0m5[0m
              [36m</span>[39m
              [36m<span[39m
                [33mclass[39m=[32m"ml-1 font-normal opacity-70"[39m
              [36m>[39m
                [0mActive Campaigns[0m
              [36m</span>[39m
            [36m</span>[39m
            [36m<span[39m
              [33mclass[39m=[32m"inline-flex w-fit shrink-0 items-center justify-center whitespace-nowrap border font-medium overflow-hidden [&>svg]:pointer-events-none [&>svg]:shrink-0 focus-visible:border-ring focus-visible:ring-ring/50 focus-visible:ring-[3px] aria-invalid:ring-destructive/20 dark:aria-invalid:ring-destructive/40 aria-invalid:border-destructive transition-colors rounded-full px-3 py-1.5 text-sm gap-1.5 [&>svg]:size-3.5 bg-violet-50 text-violet-700 border-violet-200 hover:bg-violet-100 dark:bg-violet-900/20 dark:text-violet-300 dark:border-violet-800 dark:hover:bg-violet-900/30"[39m
              [33mdata-slot[39m=[32m"badge"[39m
            [36m>[39m
              [36m<svg[39m
                [33maria-hidden[39m=[32m"true"[39m
                [33mclass[39m=[32m"lucide lucide-chart-column h-3.5 w-3.5"[39m
                [33mfill[39m=[32m"none"[39m
                [33mheight[39m=[32m"24"[39m
                [33mstroke[39m=[32m"currentColor"[39m
                [33mstroke-linecap[39m=[32m"round"[39m
                [33mstroke-linejoin[39m=[32m"round"[39m
                [33mstroke-width[39m=[32m"2"[39m
                [33mviewBox[39m=[32m"0 0 24 24"[39m
                [33mwidth[39m=[32m"24"[39m
                [33mxmlns[39m=[32m"http://www.w3.org/2000/svg"[39m
              [36m>[39m
                [36m<path[39m
                  [33md[39m=[32m"M3 3v16a2 2 0 0 0 2 2h16"[39m
                [36m/>[39m
                [36m<path[39m
                  [33md[39m=[32m"M18 17V9"[39m
                [36m/>[39m
                [36m<path[39m
                  [33md[39m=[32m"M13 17V5"[39m
                [36m/>[39m
                [36m<path[39m
                  [33md[39m=[32m"M8 17v-3"[39m
                [36m/>[39m
              [36m<...
[90m [2m❯[22m Object.getElementError node_modules/@testing-library/dom/dist/config.js:[2m37:19[22m[39m
[90m [2m❯[22m node_modules/@testing-library/dom/dist/query-helpers.js:[2m76:38[22m[39m
[90m [2m❯[22m node_modules/@testing-library/dom/dist/query-helpers.js:[2m52:17[22m[39m
[90m [2m❯[22m node_modules/@testing-library/dom/dist/query-helpers.js:[2m95:19[22m[39m
[36m [2m❯[22m tests/components/MarketingDashboard.test.tsx:[2m130:32[22m[39m
    [90m128| [39m    
    [90m129| [39m    [90m// Find and click channels tab[39m
    [90m130| [39m    [35mconst[39m channelsTab [33m=[39m screen[33m.[39m[34mgetByRole[39m([32m'tab'[39m[33m,[39m { name[33m:[39m [36m/channels/i[39m })[33m;[39m
    [90m   | [39m                               [31m^[39m
    [90m131| [39m    fireEvent[33m.[39m[34mclick[39m(channelsTab)[33m;[39m
    [90m132| [39m    

[31m[2m⎯⎯⎯⎯⎯⎯⎯⎯⎯⎯⎯⎯⎯⎯⎯⎯⎯⎯⎯⎯⎯⎯[53/99]⎯[22m[39m

[41m[1m FAIL [22m[49m tests/components/MarketingDashboard.test.tsx[2m > [22mMarketingDashboard[2m > [22mshould display campaign templates
[31m[1mTestingLibraryElementError[22m[39m: Unable to find an element with the text: /campaign templates/i. This could be because the text is broken up by multiple elements. In this case, you can provide a function for your text matcher to make your matcher more flexible.

Ignored nodes: comments, script, style
[36m<body>[39m
  [36m<div>[39m
    [36m<div[39m
      [33mclass[39m=[32m"h-full bg-gray-50/50 overflow-hidden flex flex-col"[39m
    [36m>[39m
      [36m<div[39m
        [33mclass[39m=[32m"px-6 py-4 space-y-4 shrink-0"[39m
      [36m>[39m
        [36m<div[39m
          [33mclass[39m=[32m"flex items-center justify-between pt-4"[39m
        [36m>[39m
          [36m<div[39m
            [33mclass[39m=[32m"flex items-center gap-3"[39m
          [36m>[39m
            [36m<svg[39m
              [33maria-hidden[39m=[32m"true"[39m
              [33mclass[39m=[32m"lucide lucide-megaphone w-6 h-6 md:w-7 md:h-7 drop-shadow-sm"[39m
              [33mfill[39m=[32m"none"[39m
              [33mheight[39m=[32m"24"[39m
              [33mstroke[39m=[32m"url(#icon-gradient-_r_o_)"[39m
              [33mstroke-linecap[39m=[32m"round"[39m
              [33mstroke-linejoin[39m=[32m"round"[39m
              [33mstroke-width[39m=[32m"2"[39m
              [33mviewBox[39m=[32m"0 0 24 24"[39m
              [33mwidth[39m=[32m"24"[39m
              [33mxmlns[39m=[32m"http://www.w3.org/2000/svg"[39m
            [36m>[39m
              [36m<path[39m
                [33md[39m=[32m"m3 11 18-5v12L3 14v-3z"[39m
              [36m/>[39m
              [36m<path[39m
                [33md[39m=[32m"M11.6 16.8a3 3 0 1 1-5.8-1.6"[39m
              [36m/>[39m
            [36m</svg>[39m
            [36m<svg[39m
              [33mclass[39m=[32m"absolute"[39m
              [33mheight[39m=[32m"0"[39m
              [33mwidth[39m=[32m"0"[39m
            [36m>[39m
              [36m<defs>[39m
                [36m<lineargradient[39m
                  [33mid[39m=[32m"icon-gradient-_r_o_"[39m
                  [33mx1[39m=[32m"0%"[39m
                  [33mx2[39m=[32m"100%"[39m
                  [33my1[39m=[32m"0%"[39m
                  [33my2[39m=[32m"100%"[39m
                [36m>[39m
                  [36m<stop[39m
                    [33moffset[39m=[32m"0%"[39m
                    [33mstop-color[39m=[32m"#8b5cf6"[39m
                  [36m/>[39m
                  [36m<stop[39m
                    [33moffset[39m=[32m"100%"[39m
                    [33mstop-color[39m=[32m"#3b82f6"[39m
                  [36m/>[39m
                [36m</lineargradient>[39m
              [36m</defs>[39m
            [36m</svg>[39m
            [36m<div[39m
              [33mclass[39m=[32m"flex flex-col"[39m
            [36m>[39m
              [36m<h1[39m
                [33mclass[39m=[32m"branded-page-title-compact md:branded-page-title text-xl md:text-2xl uppercase drop-shadow-sm"[39m
              [36m>[39m
                [0mMarketing[0m
              [36m</h1>[39m
            [36m</div>[39m
          [36m</div>[39m
          [36m<div[39m
            [33mclass[39m=[32m"hidden lg:flex flex-wrap items-center gap-3"[39m
          [36m>[39m
            [36m<span[39m
              [33mclass[39m=[32m"inline-flex w-fit shrink-0 items-center justify-center whitespace-nowrap border font-medium overflow-hidden [&>svg]:pointer-events-none [&>svg]:shrink-0 focus-visible:border-ring focus-visible:ring-ring/50 focus-visible:ring-[3px] aria-invalid:ring-destructive/20 dark:aria-invalid:ring-destructive/40 aria-invalid:border-destructive transition-colors rounded-full px-3 py-1.5 text-sm gap-1.5 [&>svg]:size-3.5 bg-pink-50 text-pink-700 border-pink-200 hover:bg-pink-100 dark:bg-pink-900/20 dark:text-pink-300 dark:border-pink-800 dark:hover:bg-pink-900/30"[39m
              [33mdata-slot[39m=[32m"badge"[39m
            [36m>[39m
              [36m<svg[39m
                [33maria-hidden[39m=[32m"true"[39m
                [33mclass[39m=[32m"lucide lucide-megaphone h-3.5 w-3.5"[39m
                [33mfill[39m=[32m"none"[39m
                [33mheight[39m=[32m"24"[39m
                [33mstroke[39m=[32m"currentColor"[39m
                [33mstroke-linecap[39m=[32m"round"[39m
                [33mstroke-linejoin[39m=[32m"round"[39m
                [33mstroke-width[39m=[32m"2"[39m
                [33mviewBox[39m=[32m"0 0 24 24"[39m
                [33mwidth[39m=[32m"24"[39m
                [33mxmlns[39m=[32m"http://www.w3.org/2000/svg"[39m
              [36m>[39m
                [36m<path[39m
                  [33md[39m=[32m"m3 11 18-5v12L3 14v-3z"[39m
                [36m/>[39m
                [36m<path[39m
                  [33md[39m=[32m"M11.6 16.8a3 3 0 1 1-5.8-1.6"[39m
                [36m/>[39m
              [36m</svg>[39m
              [36m<span[39m
                [33mclass[39m=[32m"font-semibold"[39m
              [36m>[39m
                [0m5[0m
              [36m</span>[39m
              [36m<span[39m
                [33mclass[39m=[32m"ml-1 font-normal opacity-70"[39m
              [36m>[39m
                [0mActive Campaigns[0m
              [36m</span>[39m
            [36m</span>[39m
            [36m<span[39m
              [33mclass[39m=[32m"inline-flex w-fit shrink-0 items-center justify-center whitespace-nowrap border font-medium overflow-hidden [&>svg]:pointer-events-none [&>svg]:shrink-0 focus-visible:border-ring focus-visible:ring-ring/50 focus-visible:ring-[3px] aria-invalid:ring-destructive/20 dark:aria-invalid:ring-destructive/40 aria-invalid:border-destructive transition-colors rounded-full px-3 py-1.5 text-sm gap-1.5 [&>svg]:size-3.5 bg-violet-50 text-violet-700 border-violet-200 hover:bg-violet-100 dark:bg-violet-900/20 dark:text-violet-300 dark:border-violet-800 dark:hover:bg-violet-900/30"[39m
              [33mdata-slot[39m=[32m"badge"[39m
            [36m>[39m
              [36m<svg[39m
                [33maria-hidden[39m=[32m"true"[39m
                [33mclass[39m=[32m"lucide lucide-chart-column h-3.5 w-3.5"[39m
                [33mfill[39m=[32m"none"[39m
                [33mheight[39m=[32m"24"[39m
                [33mstroke[39m=[32m"currentColor"[39m
                [33mstroke-linecap[39m=[32m"round"[39m
                [33mstroke-linejoin[39m=[32m"round"[39m
                [33mstroke-width[39m=[32m"2"[39m
                [33mviewBox[39m=[32m"0 0 24 24"[39m
                [33mwidth[39m=[32m"24"[39m
                [33mxmlns[39m=[32m"http://www.w3.org/2000/svg"[39m
              [36m>[39m
                [36m<path[39m
                  [33md[39m=[32m"M3 3v16a2 2 0 0 0 2 2h16"[39m
                [36m/>[39m
                [36m<path[39m
                  [33md[39m=[32m"M18 17V9"[39m
                [36m/>[39m
                [36m<path[39m
                  [33md[39m=[32m"M13 17V5"[39m
                [36m/>[39m
                [36m<path[39m
                  [33md[39m=[32m"M8 17v-3"[39m
                [36m/>[39m
              [36m<...
[90m [2m❯[22m Object.getElementError node_modules/@testing-library/dom/dist/config.js:[2m37:19[22m[39m
[90m [2m❯[22m node_modules/@testing-library/dom/dist/query-helpers.js:[2m76:38[22m[39m
[90m [2m❯[22m node_modules/@testing-library/dom/dist/query-helpers.js:[2m52:17[22m[39m
[90m [2m❯[22m node_modules/@testing-library/dom/dist/query-helpers.js:[2m95:19[22m[39m
[36m [2m❯[22m tests/components/MarketingDashboard.test.tsx:[2m173:37[22m[39m
    [90m171| [39m    
    [90m172| [39m    [90m// Check for template section[39m
    [90m173| [39m    [35mconst[39m templatesHeading [33m=[39m screen[33m.[39m[34mgetByText[39m([36m/campaign templates/i[39m)[33m;[39m
    [90m   | [39m                                    [31m^[39m
    [90m174| [39m    [34mexpect[39m(templatesHeading)[33m.[39m[34mtoBeInTheDocument[39m()[33m;[39m
    [90m175| [39m  })[33m;[39m

[31m[2m⎯⎯⎯⎯⎯⎯⎯⎯⎯⎯⎯⎯⎯⎯⎯⎯⎯⎯⎯⎯⎯⎯[54/99]⎯[22m[39m

[41m[1m FAIL [22m[49m tests/components/MarketingDashboard.test.tsx[2m > [22mMarketingDashboard[2m > [22mshould display loading state while fetching campaigns
[31m[1mTypeError[22m: __vite_ssr_import_0__.vi.mocked(...).mockImplementation is not a function[39m
[36m [2m❯[22m tests/components/MarketingDashboard.test.tsx:[2m209:39[22m[39m
    [90m207| [39m    }))[33m;[39m
    [90m208| [39m    
    [90m209| [39m    vi[33m.[39m[34mmocked[39m([34mrequire[39m([32m'swr'[39m)[33m.[39m[35mdefault[39m)[33m.[39m[34mmockImplementation[39m(swrMock)[33m;[39m
    [90m   | [39m                                      [31m^[39m
    [90m210| [39m    
    [90m211| [39m    [90m// Component should handle loading state[39m

[31m[2m⎯⎯⎯⎯⎯⎯⎯⎯⎯⎯⎯⎯⎯⎯⎯⎯⎯⎯⎯⎯⎯⎯[55/99]⎯[22m[39m

[41m[1m FAIL [22m[49m tests/components/MarketingDashboard.test.tsx[2m > [22mMarketingDashboard[2m > [22mshould use SWR for real-time data
[31m[1mTypeError[22m: [Function useSWRArgs] is not a spy or a call to a spy![39m
[36m [2m❯[22m tests/components/MarketingDashboard.test.tsx:[2m221:20[22m[39m
    [90m219| [39m    [90m// Verify SWR was called[39m
    [90m220| [39m    [35mconst[39m useSWR [33m=[39m [34mrequire[39m([32m'swr'[39m)[33m.[39m[35mdefault[39m[33m;[39m
    [90m221| [39m    [34mexpect[39m(useSWR)[33m.[39m[34mtoHaveBeenCalledWith[39m(
    [90m   | [39m                   [31m^[39m
    [90m222| [39m      [32m'/api/campaigns'[39m[33m,[39m
    [90m223| [39m      expect[33m.[39m[34many[39m([33mFunction[39m)[33m,[39m

[31m[2m⎯⎯⎯⎯⎯⎯⎯⎯⎯⎯⎯⎯⎯⎯⎯⎯⎯⎯⎯⎯⎯⎯[56/99]⎯[22m[39m

[41m[1m FAIL [22m[49m tests/components/MarketingDashboard.test.tsx[2m > [22mMarketingDashboard[2m > [22mshould handle empty campaigns list
[31m[1mTypeError[22m: __vite_ssr_import_0__.vi.mocked(...).mockImplementation is not a function[39m
[36m [2m❯[22m tests/components/MarketingDashboard.test.tsx:[2m243:39[22m[39m
    [90m241| [39m    }))[33m;[39m
    [90m242| [39m    
    [90m243| [39m    vi[33m.[39m[34mmocked[39m([34mrequire[39m([32m'swr'[39m)[33m.[39m[35mdefault[39m)[33m.[39m[34mmockImplementation[39m(swrMock)[33m;[39m
    [90m   | [39m                                      [31m^[39m
    [90m244| [39m    
    [90m245| [39m    [34mrender[39m([33m<[39m[33mMarketingDashboard[39m [33m{[39m[33m...[39memptyProps[33m}[39m [33m/[39m[33m>[39m)[33m;[39m

[31m[2m⎯⎯⎯⎯⎯⎯⎯⎯⎯⎯⎯⎯⎯⎯⎯⎯⎯⎯⎯⎯⎯⎯[57/99]⎯[22m[39m

[41m[1m FAIL [22m[49m tests/components/MarketingDashboard.test.tsx[2m > [22mMarketingDashboard[2m > [22mshould display channel filter dropdown
[31m[1mTestingLibraryElementError[22m[39m: Unable to find an accessible element with the role "button" and name `/template types/i`

Here are the accessible roles:

  heading:

  Name "Marketing":
  [36m<h1[39m
    [33mclass[39m=[32m"branded-page-title-compact md:branded-page-title text-xl md:text-2xl uppercase drop-shadow-sm"[39m
  [36m/>[39m

  Name "Your Campaigns":
  [36m<h2[39m
    [33mclass[39m=[32m"text-lg font-semibold"[39m
  [36m/>[39m

  Name "Test Campaign":
  [36m<h3[39m
    [33mclass[39m=[32m"font-semibold text-gray-900 mb-1"[39m
  [36m/>[39m

  --------------------------------------------------
  tablist:

  Name "Section tabs":
  [36m<div[39m
    [33maria-label[39m=[32m"Section tabs"[39m
    [33mclass[39m=[32m"bg-background/80 backdrop-blur-lg rounded-full shadow-[0_8px_30px_rgb(0,0,0,0.12)] p-1 inline-flex gap-1"[39m
    [33mrole[39m=[32m"tablist"[39m
  [36m/>[39m

  --------------------------------------------------
  tab:

  Name "Switch to Campaigns tab":
  [36m<button[39m
    [33maria-label[39m=[32m"Switch to Campaigns tab"[39m
    [33maria-selected[39m=[32m"true"[39m
    [33mclass[39m=[32m"relative h-8 px-3.5 rounded-full text-sm font-medium transition-all duration-200 flex items-center gap-2 bg-pink-100 text-pink-700 shadow-sm"[39m
    [33mrole[39m=[32m"tab"[39m
    [33mtype[39m=[32m"button"[39m
  [36m/>[39m

  Name "Switch to Templates tab":
  [36m<button[39m
    [33maria-label[39m=[32m"Switch to Templates tab"[39m
    [33maria-selected[39m=[32m"false"[39m
    [33mclass[39m=[32m"relative h-8 px-3.5 rounded-full text-sm font-medium transition-all duration-200 flex items-center gap-2 text-muted-foreground hover:bg-muted/60 hover:text-foreground"[39m
    [33mrole[39m=[32m"tab"[39m
    [33mtype[39m=[32m"button"[39m
  [36m/>[39m

  Name "Switch to Create tab":
  [36m<button[39m
    [33maria-label[39m=[32m"Switch to Create tab"[39m
    [33maria-selected[39m=[32m"false"[39m
    [33mclass[39m=[32m"relative h-8 px-3.5 rounded-full text-sm font-medium transition-all duration-200 flex items-center gap-2 text-muted-foreground hover:bg-muted/60 hover:text-foreground"[39m
    [33mrole[39m=[32m"tab"[39m
    [33mtype[39m=[32m"button"[39m
  [36m/>[39m

  --------------------------------------------------
  button:

  Name "Toggle Neptune AI assistant":
  [36m<button[39m
    [33maria-label[39m=[32m"Toggle Neptune AI assistant"[39m
    [33mclass[39m=[32m"inline-flex items-center justify-center whitespace-nowrap text-sm font-medium transition-all duration-150 disabled:pointer-events-none disabled:opacity-40 [&_svg]:pointer-events-none [&_svg:not([class*='size-'])]:size-4 shrink-0 [&_svg]:shrink-0 outline-none focus-visible:ring-2 focus-visible:ring-ring/40 focus-visible:ring-offset-2 focus-visible:ring-offset-background active:scale-[0.98] hover:-translate-y-px bg-background hover:bg-background text-foreground/80 hover:text-foreground shadow-soft hover:shadow-soft-hover border border-border h-8 rounded-lg gap-1.5 px-3 has-[>svg]:px-2.5"[39m
    [33mdata-slot[39m=[32m"button"[39m
  [36m/>[39m

  Name "LinkedIn B2B Outreach":
  [36m<button[39m
    [33mclass[39m=[32m"inline-flex items-center justify-center whitespace-nowrap font-medium transition-all duration-150 disabled:pointer-events-none disabled:opacity-40 [&_svg]:pointer-events-none [&_svg:not([class*='size-'])]:size-4 shrink-0 [&_svg]:shrink-0 outline-none focus-visible:ring-2 focus-visible:ring-ring/40 focus-visible:ring-offset-2 focus-visible:ring-offset-background active:scale-[0.98] hover:-translate-y-px bg-primary text-primary-foreground hover:bg-primary/90 shadow-soft hover:shadow-soft-hover border border-accent-cyan/20 hover:border-accent-cyan/30 gap-1.5 px-3 has-[>svg]:px-2.5 h-7 text-xs rounded-full"[39m
    [33mdata-slot[39m=[32m"button"[39m
  [36m/>[39m

  Name "Dismiss recommendation":
  [36m<button[39m
    [33maria-label[39m=[32m"Dismiss recommendation"[39m
    [33mclass[39m=[32m"p-1 rounded-md text-gray-400 hover:text-gray-600 hover:bg-gray-100 transition-colors"[39m
  [36m/>[39m

  Name "Holiday Flash Sale":
  [36m<button[39m
    [33mclass[39m=[32m"inline-flex items-center justify-center whitespace-nowrap font-medium transition-all duration-150 disabled:pointer-events-none disabled:opacity-40 [&_svg]:pointer-events-none [&_svg:not([class*='size-'])]:size-4 shrink-0 [&_svg]:shrink-0 outline-none focus-visible:ring-2 focus-visible:ring-ring/40 focus-visible:ring-offset-2 focus-visible:ring-offset-background active:scale-[0.98] hover:-translate-y-px bg-primary text-primary-foreground hover:bg-primary/90 shadow-soft hover:shadow-soft-hover border border-accent-cyan/20 hover:border-accent-cyan/30 gap-1.5 px-3 has-[>svg]:px-2.5 h-7 text-xs rounded-full"[39m
    [33mdata-slot[39m=[32m"button"[39m
  [36m/>[39m

  Name "Dismiss recommendation":
  [36m<button[39m
    [33maria-label[39m=[32m"Dismiss recommendation"[39m
    [33mclass[39m=[32m"p-1 rounded-md text-gray-400 hover:text-gray-600 hover:bg-gray-100 transition-colors"[39m
  [36m/>[39m

  Name "all":
  [36m<button[39m
    [33mclass[39m=[32m"inline-flex items-center justify-center whitespace-nowrap text-sm font-medium transition-all duration-150 disabled:pointer-events-none disabled:opacity-40 [&_svg]:pointer-events-none [&_svg:not([class*='size-'])]:size-4 shrink-0 [&_svg]:shrink-0 outline-none focus-visible:ring-2 focus-visible:ring-ring/40 focus-visible:ring-offset-2 focus-visible:ring-offset-background active:scale-[0.98] hover:-translate-y-px bg-primary text-primary-foreground hover:bg-primary/90 shadow-soft hover:shadow-soft-hover border border-accent-cyan/20 hover:border-accent-cyan/30 h-8 gap-1.5 px-3 has-[>svg]:px-2.5 rounded-full capitalize"[39m
    [33mdata-slot[39m=[32m"button"[39m
  [36m/>[39m

  Name "active":
  [36m<button[39m
    [33mclass[39m=[32m"inline-flex items-center justify-center whitespace-nowrap text-sm font-medium transition-all duration-150 disabled:pointer-events-none disabled:opacity-40 [&_svg]:pointer-events-none [&_svg:not([class*='size-'])]:size-4 shrink-0 [&_svg]:shrink-0 outline-none focus-visible:ring-2 focus-visible:ring-ring/40 focus-visible:ring-offset-2 focus-visible:ring-offset-background active:scale-[0.98] hover:-translate-y-px border border-border bg-background text-foreground hover:bg-accent/50 hover:border-border/60 h-8 gap-1.5 px-3 has-[>svg]:px-2.5 rounded-full capitalize"[39m
    [33mdata-slot[39m=[32m"button"[39m
  [36m/>[39m

  Name "paused":
  [36m<button[39m
    [33mclass[39m=[32m"inline-flex items-center justify-center whitespace-nowrap text-sm font-medium transition-all duration-150 disabled:pointer-events-none disabled:opacity-40 [&_svg]:pointer-events-none [&_svg:not([class*='size-'])]:size-4 shrink-0 [&_svg]:shrink-0 outline-none focus-visible:ring-2 focus-visible:ring-ring/40 focus-visible:ring-offset-2 focus-visible:ring-offset-background active:scale-[0.98] hover:-translate-y-px border border-border bg-background text-foreground hover:bg-accent/50 hover:border-border/60 h-8 gap-1.5 px-3 has-[>svg]:px-2.5 rounded-full capitalize"[39m
    [33mdata-slot[39m=[32m"button"[39m
  [36m/>[39m

  Name "draft":
  [36m<button[39m
    [33mclass[39m=[32m"inline-flex items-center justify-center whitespace-nowrap text-sm font-medium transition-all duration-150 disabled:pointer-events-none disabled:opacity-40 [&_svg]:pointer-events-none [&_svg:not([class*='size-'])]:size-4 shrink-0 [&_svg]:shrink-0 outline-none focus-visible:ring-2 focus-visible:ring-ring/40 focus-visible:ring-offset-2 focus-visible:ring-offset-background active:scale-[0.98] hover:-translate-y-px border border-border bg-background text-foreground hover:bg-accent/50 hover:border-border/60 h-8 gap-1.5 px-3 has-[>svg]:px-2.5 rounded-full capitalize"[39m
    [33mdata-slot[39m=[32m"button"[39m
  [36m/>[39m

  Name "completed":
  [36m<button[39m
    [33mclass[39m=[32m"inline-flex items-center justify-center whitespace-nowrap text-sm font-medium transition-all duration-150 disabled:pointer-events-none disabled:opacity-40 [&_svg]:pointer-events-none [&_svg:not([class*='size-'])]:size-4 shrink-0 [&_svg]:shrink-0 outline-none focus-visible:ring-2 focus-visible:ring-ring/40 focus-visible:ring-offset-2 focus-visible:ring-offset-background active:scale-[0.98] hover:-translate-y-px border border-border bg-background text-foreground hover:bg-accent/50 hover:border-border/60 h-8 gap-1.5 px-3 has-[>svg]:px-2.5 rounded-full capitalize"[39m
    [33mdata-slot[39m=[32m"button"[39m
  [36m/>[39m

  Name "View Details":
  [36m<button[39m
    [33mclass[39m=[32m"inline-flex items-center justify-center whitespace-nowrap text-sm font-medium transition-all duration-150 disabled:pointer-events-none disabled:opacity-40 [&_svg]:pointer-events-none [&_svg:not([class*='size-'])]:size-4 shrink-0 [&_svg]:shrink-0 outline-none focus-visible:ring-2 focus-visible:ring-ring/40 focus-visible:ring-offset-2 focus-visible:ring-offset-background active:scale-[0.98] hover:-translate-y-px border border-border bg-background text-foreground hover:bg-accent/50 hover:border-border/60 h-8 gap-1.5 px-3 has-[>svg]:px-2.5 w-full rounded-full"[39m
    [33mdata-slot[39m=[32m"button"[39m
  [36m/>[39m

  --------------------------------------------------
  paragraph:

  Name "":
  [36m<p[39m
    [33mclass[39m=[32m"text-sm font-medium text-gray-900 truncate"[39m
  [36m/>[39m

  Name "":
  [36m<p[39m
    [33mclass[39m=[32m"text-xs text-gray-500 truncate"[39m
  [36m/>[39m

  Name "":
  [36m<p[39m
    [33mclass[39m=[32m"text-sm font-medium text-gray-900 truncate"[39m
  [36m/>[39m

  Name "":
  [36m<p[39m
    [33mclass[39m=[32m"text-xs text-gray-500 truncate"[39m
  [36m/>[39m

  Name "":
  [36m<p[39m
    [33mclass[39m=[32m"text-xs text-gray-500"[39m
  [36m/>[39m

  Name "":
  [36m<p[39m
    [33mclass[39m=[32m"font-semibold"[39m
  [36m/>[39m

  Name "":
  [36m<p[39m
    [33mclass[39m=[32m"text-xs text-gray-500"[39m
  [36m/>[39m

  Name "":
  [36m<p[39m
    [33mclass[39m=[32m"font-semibold"[39m
  [36m/>[39m

  Name "":
  [36m<p[39m
    [33mclass[39m=[32m"text-xs text-gray-500"[39m
  [36m/>[39m

  Name "":
  [36m<p[39m
    [33mclass[39m=[32m"font-semibold"[39m
  [36m/>[39m

  Name "":
  [36m<p[39m
    [33mclass[39m=[32m"text-xs text-gray-500"[39m
  [36m/>[39m

  Name "":
  [36m<p[39m
    [33mclass[39m=[32m"font-semibold text-green-600"[39m
  [36m/>[39m

  --------------------------------------------------
  textbox:

  Name "":
  [36m<input[39m
    [33mclass[39m=[32m"file:text-foreground placeholder:text-muted-foreground selection:bg-primary selection:text-primary-foreground dark:bg-input/30 border-input flex h-9 min-w-0 rounded-md border px-3 py-1 text-base bg-input-background transition-[color,box-shadow] outline-none file:inline-flex file:h-7 file:border-0 file:bg-transparent file:text-sm file:font-medium disabled:pointer-events-none disabled:cursor-not-allowed disabled:opacity-50 md:text-sm focus-visible:border-ring focus-visible:ring-ring/50 focus-visible:ring-[3px] aria-invalid:ring-destructive/20 dark:aria-invalid:ring-destructive/40 aria-invalid:border-destructive pl-9 w-64"[39m
    [33mdata-slot[39m=[32m"input"[39m
    [33mplaceholder[39m=[32m"Search campaigns..."[39m
    [33mvalue[39m=[32m""[39m
  [36m/>[39m

  --------------------------------------------------

Ignored nodes: comments, script, style
[36m<body>[39m
  [36m<div>[39m
    [36m<div[39m
      [33mclass[39m=[32m"h-full bg-gray-50/50 overflow-hidden flex flex-col"[39m
    [36m>[39m
      [36m<div[39m
        [33mclass[39m=[32m"px-6 py-4 space-y-4 shrink-0"[39m
      [36m>[39m
        [36m<div[39m
          [33mclass[39m=[32m"flex items-center justify-between pt-4"[39m
        [36m>[39m
          [36m<div[39m
            [33mclass[39m=[32m"flex items-center gap-3"[39m
          [36m>[39m
            [36m<svg[39m
              [33maria-hidden[39m=[32m"true"[39m
              [33mclass[39m=[32m"lucide lucide-megaphone w-6 h-6 md:w-7 md:h-7 drop-shadow-sm"[39m
              [33mfill[39m=[32m"none"[39m
              [33mheight[39m=[32m"24"[39m
              [33mstroke[39m=[32m"url(#icon-gradient-_r_18_)"[39m
              [33mstroke-linecap[39m=[32m"round"[39m
              [33mstroke-linejoin[39m=[32m"round"[39m
              [33mstroke-width[39m=[32m"2"[39m
              [33mviewBox[39m=[32m"0 0 24 24"[39m
              [33mwidth[39m=[32m"24"[39m
              [33mxmlns[39m=[32m"http://www.w3.org/2000/svg"[39m
            [36m>[39m
              [36m<path[39m
                [33md[39m=[32m"m3 11 18-5v12L3 14v-3z"[39m
              [36m/>[39m
              [36m<path[39m
                [33md[39m=[32m"M11.6 16.8a3 3 0 1 1-5.8-1.6"[39m
              [36m/>[39m
            [36m</svg>[39m
            [36m<svg[39m
              [33mclass[39m=[32m"absolute"[39m
              [33mheight[39m=[32m"0"[39m
              [33mwidth[39m=[32m"0"[39m
            [36m>[39m
              [36m<defs>[39m
                [36m<lineargradient[39m
                  [33mid[39m=[32m"icon-gradient-_r_18_"[39m
                  [33mx1[39m=[32m"0%"[39m
                  [33mx2[39m=[32m"100%"[39m
                  [33my1[39m=[32m"0%"[39m
                  [33my2[39m=[32m"100%"[39m
                [36m>[39m
                  [36m<stop[39m
                    [33moffset[39m=[32m"0%"[39m
                    [33mstop-color[39m=[32m"#8b5cf6"[39m
                  [36m/>[39m
                  [36m<stop[39m
                    [33moffset[39m=[32m"100%"[39m
                    [33mstop-color[39m=[32m"#3b82f6"[39m
                  [36m/>[39m
                [36m</lineargradient>[39m
              [36m</defs>[39m
            [36m</svg>[39m
            [36m<div[39m
              [33mclass[39m=[32m"flex flex-col"[39m
            [36m>[39m
              [36m<h1[39m
                [33mclass[39m=[32m"branded-page-title-compact md:branded-page-title text-xl md:text-2xl uppercase drop-shadow-sm"[39m
              [36m>[39m
                [0mMarketing[0m
              [36m</h1>[39m
            [36m</div>[39m
          [36m</div>[39m
          [36m<div[39m
            [33mclass[39m=[32m"hidden lg:flex flex-wrap items-center gap-3"[39m
          [36m>[39m
            [36m<span[39m
              [33mclass[39m=[32m"inline-flex w-fit shrink-0 items-center justify-center whitespace-nowrap border font-medium overflow-hidden [&>svg]:pointer-events-none [&>svg]:shrink-0 focus-visible:border-ring focus-visible:ring-ring/50 focus-visible:ring-[3px] aria-invalid:ring-destructive/20 dark:aria-invalid:ring-destructive/40 aria-invalid:border-destructive transition-colors rounded-full px-3 py-1.5 text-sm gap-1.5 [&>svg]:size-3.5 bg-pink-50 text-pink-700 border-pink-200 hover:bg-pink-100 dark:bg-pink-900/20 dark:text-pink-300 dark:border-pink-800 dark:hover:bg-pink-900/30"[39m
              [33mdata-slot[39m=[32m"badge"[39m
            [36m>[39m
              [36m<svg[39m
                [33maria-hidden[39m=[32m"true"[39m
                [33mclass[39m=[32m"lucide lucide-megaphone h-3.5 w-3.5"[39m
                [33mfill[39m=[32m"none"[39m
                [33mheight[39m=[32m"24"[39m
                [33mstroke[39m=[32m"currentColor"[39m
                [33mstroke-linecap[39m=[32m"round"[39m
                [33mstroke-linejoin[39m=[32m"round"[39m
                [33mstroke-width[39m=[32m"2"[39m
                [33mviewBox[39m=[32m"0 0 24 24"[39m
                [33mwidth[39m=[32m"24"[39m
                [33mxmlns[39m=[32m"http://www.w3.org/2000/svg"[39m
              [36m>[39m
                [36m<path[39m
                  [33md[39m=[32m"m3 11 18-5v12L3 14v-3z"[39m
                [36m/>[39m
                [36m<path[39m
                  [33md[39m=[32m"M11.6 16.8a3 3 0 1 1-5.8-1.6"[39m
                [36m/>[39m
              [36m</svg>[39m
              [36m<span[39m
                [33mclass[39m=[32m"font-semibold"[39m
              [36m>[39m
                [0m5[0m
              [36m</span>[39m
              [36m<span[39m
                [33mclass[39m=[32m"ml-1 font-normal opacity-70"[39m
              [36m>[39m
                [0mActive Campaigns[0m
              [36m</span>[39m
            [36m</span>[39m
            [36m<span[39m
              [33mclass[39m=[32m"inline-flex w-fit shrink-0 items-center justify-center whitespace-nowrap border font-medium overflow-hidden [&>svg]:pointer-events-none [&>svg]:shrink-0 focus-visible:border-ring focus-visible:ring-ring/50 focus-visible:ring-[3px] aria-invalid:ring-destructive/20 dark:aria-invalid:ring-destructive/40 aria-invalid:border-destructive transition-colors rounded-full px-3 py-1.5 text-sm gap-1.5 [&>svg]:size-3.5 bg-violet-50 text-violet-700 border-violet-200 hover:bg-violet-100 dark:bg-violet-900/20 dark:text-violet-300 dark:border-violet-800 dark:hover:bg-violet-900/30"[39m
              [33mdata-slot[39m=[32m"badge"[39m
            [36m>[39m
              [36m<svg[39m
                [33maria-hidden[39m=[32m"true"[39m
                [33mclass[39m=[32m"lucide lucide-chart-column h-3.5 w-3.5"[39m
                [33mfill[39m=[32m"none"[39m
                [33mheight[39m=[32m"24"[39m
                [33mstroke[39m=[32m"currentColor"[39m
                [33mstroke-linecap[39m=[32m"round"[39m
                [33mstroke-linejoin[39m=[32m"round"[39m
                [33mstroke-width[39m=[32m"2"[39m
                [33mviewBox[39m=[32m"0 0 24 24"[39m
                [33mwidth[39m=[32m"24"[39m
                [33mxmlns[39m=[32m"http://www.w3.org/2000/svg"[39m
              [36m>[39m
                [36m<path[39m
                  [33md[39m=[32m"M3 3v16a2 2 0 0 0 2 2h16"[39m
                [36m/>[39m
                [36m<path[39m
                  [33md[39m=[32m"M18 17V9"[39m
                [36m/>[39m
                [36m<path[39m
                  [33md[39m=[32m"M13 17V5"[39m
                [36m/>[39m
                [36m<path[39m
                  [33md[39m=[32m"M8 17v-3"[39m
                [36m/>[39m
              [36...
[90m [2m❯[22m Object.getElementError node_modules/@testing-library/dom/dist/config.js:[2m37:19[22m[39m
[90m [2m❯[22m node_modules/@testing-library/dom/dist/query-helpers.js:[2m76:38[22m[39m
[90m [2m❯[22m node_modules/@testing-library/dom/dist/query-helpers.js:[2m52:17[22m[39m
[90m [2m❯[22m node_modules/@testing-library/dom/dist/query-helpers.js:[2m95:19[22m[39m
[36m [2m❯[22m tests/components/MarketingDashboard.test.tsx:[2m253:33[22m[39m
    [90m251| [39m    
    [90m252| [39m    [90m// Look for filter dropdown[39m
    [90m253| [39m    const filterButton = screen.getByRole('button', { name: /template …
    [90m   | [39m                                [31m^[39m
    [90m254| [39m    [34mexpect[39m(filterButton)[33m.[39m[34mtoBeInTheDocument[39m()[33m;[39m
    [90m255| [39m  })[33m;[39m

[31m[2m⎯⎯⎯⎯⎯⎯⎯⎯⎯⎯⎯⎯⎯⎯⎯⎯⎯⎯⎯⎯⎯⎯[58/99]⎯[22m[39m

[41m[1m FAIL [22m[49m tests/components/MarketingDashboard.test.tsx[2m > [22mMarketingDashboard[2m > [22mshould display analytics when switching to analytics tab
[31m[1mTestingLibraryElementError[22m[39m: Unable to find an accessible element with the role "tab" and name `/analytics/i`

Here are the accessible roles:

  heading:

  Name "Marketing":
  [36m<h1[39m
    [33mclass[39m=[32m"branded-page-title-compact md:branded-page-title text-xl md:text-2xl uppercase drop-shadow-sm"[39m
  [36m/>[39m

  Name "Your Campaigns":
  [36m<h2[39m
    [33mclass[39m=[32m"text-lg font-semibold"[39m
  [36m/>[39m

  Name "Test Campaign":
  [36m<h3[39m
    [33mclass[39m=[32m"font-semibold text-gray-900 mb-1"[39m
  [36m/>[39m

  --------------------------------------------------
  tablist:

  Name "Section tabs":
  [36m<div[39m
    [33maria-label[39m=[32m"Section tabs"[39m
    [33mclass[39m=[32m"bg-background/80 backdrop-blur-lg rounded-full shadow-[0_8px_30px_rgb(0,0,0,0.12)] p-1 inline-flex gap-1"[39m
    [33mrole[39m=[32m"tablist"[39m
  [36m/>[39m

  --------------------------------------------------
  tab:

  Name "Switch to Campaigns tab":
  [36m<button[39m
    [33maria-label[39m=[32m"Switch to Campaigns tab"[39m
    [33maria-selected[39m=[32m"true"[39m
    [33mclass[39m=[32m"relative h-8 px-3.5 rounded-full text-sm font-medium transition-all duration-200 flex items-center gap-2 bg-pink-100 text-pink-700 shadow-sm"[39m
    [33mrole[39m=[32m"tab"[39m
    [33mtype[39m=[32m"button"[39m
  [36m/>[39m

  Name "Switch to Templates tab":
  [36m<button[39m
    [33maria-label[39m=[32m"Switch to Templates tab"[39m
    [33maria-selected[39m=[32m"false"[39m
    [33mclass[39m=[32m"relative h-8 px-3.5 rounded-full text-sm font-medium transition-all duration-200 flex items-center gap-2 text-muted-foreground hover:bg-muted/60 hover:text-foreground"[39m
    [33mrole[39m=[32m"tab"[39m
    [33mtype[39m=[32m"button"[39m
  [36m/>[39m

  Name "Switch to Create tab":
  [36m<button[39m
    [33maria-label[39m=[32m"Switch to Create tab"[39m
    [33maria-selected[39m=[32m"false"[39m
    [33mclass[39m=[32m"relative h-8 px-3.5 rounded-full text-sm font-medium transition-all duration-200 flex items-center gap-2 text-muted-foreground hover:bg-muted/60 hover:text-foreground"[39m
    [33mrole[39m=[32m"tab"[39m
    [33mtype[39m=[32m"button"[39m
  [36m/>[39m

  --------------------------------------------------
  button:

  Name "Toggle Neptune AI assistant":
  [36m<button[39m
    [33maria-label[39m=[32m"Toggle Neptune AI assistant"[39m
    [33mclass[39m=[32m"inline-flex items-center justify-center whitespace-nowrap text-sm font-medium transition-all duration-150 disabled:pointer-events-none disabled:opacity-40 [&_svg]:pointer-events-none [&_svg:not([class*='size-'])]:size-4 shrink-0 [&_svg]:shrink-0 outline-none focus-visible:ring-2 focus-visible:ring-ring/40 focus-visible:ring-offset-2 focus-visible:ring-offset-background active:scale-[0.98] hover:-translate-y-px bg-background hover:bg-background text-foreground/80 hover:text-foreground shadow-soft hover:shadow-soft-hover border border-border h-8 rounded-lg gap-1.5 px-3 has-[>svg]:px-2.5"[39m
    [33mdata-slot[39m=[32m"button"[39m
  [36m/>[39m

  Name "LinkedIn B2B Outreach":
  [36m<button[39m
    [33mclass[39m=[32m"inline-flex items-center justify-center whitespace-nowrap font-medium transition-all duration-150 disabled:pointer-events-none disabled:opacity-40 [&_svg]:pointer-events-none [&_svg:not([class*='size-'])]:size-4 shrink-0 [&_svg]:shrink-0 outline-none focus-visible:ring-2 focus-visible:ring-ring/40 focus-visible:ring-offset-2 focus-visible:ring-offset-background active:scale-[0.98] hover:-translate-y-px bg-primary text-primary-foreground hover:bg-primary/90 shadow-soft hover:shadow-soft-hover border border-accent-cyan/20 hover:border-accent-cyan/30 gap-1.5 px-3 has-[>svg]:px-2.5 h-7 text-xs rounded-full"[39m
    [33mdata-slot[39m=[32m"button"[39m
  [36m/>[39m

  Name "Dismiss recommendation":
  [36m<button[39m
    [33maria-label[39m=[32m"Dismiss recommendation"[39m
    [33mclass[39m=[32m"p-1 rounded-md text-gray-400 hover:text-gray-600 hover:bg-gray-100 transition-colors"[39m
  [36m/>[39m

  Name "Holiday Flash Sale":
  [36m<button[39m
    [33mclass[39m=[32m"inline-flex items-center justify-center whitespace-nowrap font-medium transition-all duration-150 disabled:pointer-events-none disabled:opacity-40 [&_svg]:pointer-events-none [&_svg:not([class*='size-'])]:size-4 shrink-0 [&_svg]:shrink-0 outline-none focus-visible:ring-2 focus-visible:ring-ring/40 focus-visible:ring-offset-2 focus-visible:ring-offset-background active:scale-[0.98] hover:-translate-y-px bg-primary text-primary-foreground hover:bg-primary/90 shadow-soft hover:shadow-soft-hover border border-accent-cyan/20 hover:border-accent-cyan/30 gap-1.5 px-3 has-[>svg]:px-2.5 h-7 text-xs rounded-full"[39m
    [33mdata-slot[39m=[32m"button"[39m
  [36m/>[39m

  Name "Dismiss recommendation":
  [36m<button[39m
    [33maria-label[39m=[32m"Dismiss recommendation"[39m
    [33mclass[39m=[32m"p-1 rounded-md text-gray-400 hover:text-gray-600 hover:bg-gray-100 transition-colors"[39m
  [36m/>[39m

  Name "all":
  [36m<button[39m
    [33mclass[39m=[32m"inline-flex items-center justify-center whitespace-nowrap text-sm font-medium transition-all duration-150 disabled:pointer-events-none disabled:opacity-40 [&_svg]:pointer-events-none [&_svg:not([class*='size-'])]:size-4 shrink-0 [&_svg]:shrink-0 outline-none focus-visible:ring-2 focus-visible:ring-ring/40 focus-visible:ring-offset-2 focus-visible:ring-offset-background active:scale-[0.98] hover:-translate-y-px bg-primary text-primary-foreground hover:bg-primary/90 shadow-soft hover:shadow-soft-hover border border-accent-cyan/20 hover:border-accent-cyan/30 h-8 gap-1.5 px-3 has-[>svg]:px-2.5 rounded-full capitalize"[39m
    [33mdata-slot[39m=[32m"button"[39m
  [36m/>[39m

  Name "active":
  [36m<button[39m
    [33mclass[39m=[32m"inline-flex items-center justify-center whitespace-nowrap text-sm font-medium transition-all duration-150 disabled:pointer-events-none disabled:opacity-40 [&_svg]:pointer-events-none [&_svg:not([class*='size-'])]:size-4 shrink-0 [&_svg]:shrink-0 outline-none focus-visible:ring-2 focus-visible:ring-ring/40 focus-visible:ring-offset-2 focus-visible:ring-offset-background active:scale-[0.98] hover:-translate-y-px border border-border bg-background text-foreground hover:bg-accent/50 hover:border-border/60 h-8 gap-1.5 px-3 has-[>svg]:px-2.5 rounded-full capitalize"[39m
    [33mdata-slot[39m=[32m"button"[39m
  [36m/>[39m

  Name "paused":
  [36m<button[39m
    [33mclass[39m=[32m"inline-flex items-center justify-center whitespace-nowrap text-sm font-medium transition-all duration-150 disabled:pointer-events-none disabled:opacity-40 [&_svg]:pointer-events-none [&_svg:not([class*='size-'])]:size-4 shrink-0 [&_svg]:shrink-0 outline-none focus-visible:ring-2 focus-visible:ring-ring/40 focus-visible:ring-offset-2 focus-visible:ring-offset-background active:scale-[0.98] hover:-translate-y-px border border-border bg-background text-foreground hover:bg-accent/50 hover:border-border/60 h-8 gap-1.5 px-3 has-[>svg]:px-2.5 rounded-full capitalize"[39m
    [33mdata-slot[39m=[32m"button"[39m
  [36m/>[39m

  Name "draft":
  [36m<button[39m
    [33mclass[39m=[32m"inline-flex items-center justify-center whitespace-nowrap text-sm font-medium transition-all duration-150 disabled:pointer-events-none disabled:opacity-40 [&_svg]:pointer-events-none [&_svg:not([class*='size-'])]:size-4 shrink-0 [&_svg]:shrink-0 outline-none focus-visible:ring-2 focus-visible:ring-ring/40 focus-visible:ring-offset-2 focus-visible:ring-offset-background active:scale-[0.98] hover:-translate-y-px border border-border bg-background text-foreground hover:bg-accent/50 hover:border-border/60 h-8 gap-1.5 px-3 has-[>svg]:px-2.5 rounded-full capitalize"[39m
    [33mdata-slot[39m=[32m"button"[39m
  [36m/>[39m

  Name "completed":
  [36m<button[39m
    [33mclass[39m=[32m"inline-flex items-center justify-center whitespace-nowrap text-sm font-medium transition-all duration-150 disabled:pointer-events-none disabled:opacity-40 [&_svg]:pointer-events-none [&_svg:not([class*='size-'])]:size-4 shrink-0 [&_svg]:shrink-0 outline-none focus-visible:ring-2 focus-visible:ring-ring/40 focus-visible:ring-offset-2 focus-visible:ring-offset-background active:scale-[0.98] hover:-translate-y-px border border-border bg-background text-foreground hover:bg-accent/50 hover:border-border/60 h-8 gap-1.5 px-3 has-[>svg]:px-2.5 rounded-full capitalize"[39m
    [33mdata-slot[39m=[32m"button"[39m
  [36m/>[39m

  Name "View Details":
  [36m<button[39m
    [33mclass[39m=[32m"inline-flex items-center justify-center whitespace-nowrap text-sm font-medium transition-all duration-150 disabled:pointer-events-none disabled:opacity-40 [&_svg]:pointer-events-none [&_svg:not([class*='size-'])]:size-4 shrink-0 [&_svg]:shrink-0 outline-none focus-visible:ring-2 focus-visible:ring-ring/40 focus-visible:ring-offset-2 focus-visible:ring-offset-background active:scale-[0.98] hover:-translate-y-px border border-border bg-background text-foreground hover:bg-accent/50 hover:border-border/60 h-8 gap-1.5 px-3 has-[>svg]:px-2.5 w-full rounded-full"[39m
    [33mdata-slot[39m=[32m"button"[39m
  [36m/>[39m

  --------------------------------------------------
  paragraph:

  Name "":
  [36m<p[39m
    [33mclass[39m=[32m"text-sm font-medium text-gray-900 truncate"[39m
  [36m/>[39m

  Name "":
  [36m<p[39m
    [33mclass[39m=[32m"text-xs text-gray-500 truncate"[39m
  [36m/>[39m

  Name "":
  [36m<p[39m
    [33mclass[39m=[32m"text-sm font-medium text-gray-900 truncate"[39m
  [36m/>[39m

  Name "":
  [36m<p[39m
    [33mclass[39m=[32m"text-xs text-gray-500 truncate"[39m
  [36m/>[39m

  Name "":
  [36m<p[39m
    [33mclass[39m=[32m"text-xs text-gray-500"[39m
  [36m/>[39m

  Name "":
  [36m<p[39m
    [33mclass[39m=[32m"font-semibold"[39m
  [36m/>[39m

  Name "":
  [36m<p[39m
    [33mclass[39m=[32m"text-xs text-gray-500"[39m
  [36m/>[39m

  Name "":
  [36m<p[39m
    [33mclass[39m=[32m"font-semibold"[39m
  [36m/>[39m

  Name "":
  [36m<p[39m
    [33mclass[39m=[32m"text-xs text-gray-500"[39m
  [36m/>[39m

  Name "":
  [36m<p[39m
    [33mclass[39m=[32m"font-semibold"[39m
  [36m/>[39m

  Name "":
  [36m<p[39m
    [33mclass[39m=[32m"text-xs text-gray-500"[39m
  [36m/>[39m

  Name "":
  [36m<p[39m
    [33mclass[39m=[32m"font-semibold text-green-600"[39m
  [36m/>[39m

  --------------------------------------------------
  textbox:

  Name "":
  [36m<input[39m
    [33mclass[39m=[32m"file:text-foreground placeholder:text-muted-foreground selection:bg-primary selection:text-primary-foreground dark:bg-input/30 border-input flex h-9 min-w-0 rounded-md border px-3 py-1 text-base bg-input-background transition-[color,box-shadow] outline-none file:inline-flex file:h-7 file:border-0 file:bg-transparent file:text-sm file:font-medium disabled:pointer-events-none disabled:cursor-not-allowed disabled:opacity-50 md:text-sm focus-visible:border-ring focus-visible:ring-ring/50 focus-visible:ring-[3px] aria-invalid:ring-destructive/20 dark:aria-invalid:ring-destructive/40 aria-invalid:border-destructive pl-9 w-64"[39m
    [33mdata-slot[39m=[32m"input"[39m
    [33mplaceholder[39m=[32m"Search campaigns..."[39m
    [33mvalue[39m=[32m""[39m
  [36m/>[39m

  --------------------------------------------------

Ignored nodes: comments, script, style
[36m<body>[39m
  [36m<div>[39m
    [36m<div[39m
      [33mclass[39m=[32m"h-full bg-gray-50/50 overflow-hidden flex flex-col"[39m
    [36m>[39m
      [36m<div[39m
        [33mclass[39m=[32m"px-6 py-4 space-y-4 shrink-0"[39m
      [36m>[39m
        [36m<div[39m
          [33mclass[39m=[32m"flex items-center justify-between pt-4"[39m
        [36m>[39m
          [36m<div[39m
            [33mclass[39m=[32m"flex items-center gap-3"[39m
          [36m>[39m
            [36m<svg[39m
              [33maria-hidden[39m=[32m"true"[39m
              [33mclass[39m=[32m"lucide lucide-megaphone w-6 h-6 md:w-7 md:h-7 drop-shadow-sm"[39m
              [33mfill[39m=[32m"none"[39m
              [33mheight[39m=[32m"24"[39m
              [33mstroke[39m=[32m"url(#icon-gradient-_r_1g_)"[39m
              [33mstroke-linecap[39m=[32m"round"[39m
              [33mstroke-linejoin[39m=[32m"round"[39m
              [33mstroke-width[39m=[32m"2"[39m
              [33mviewBox[39m=[32m"0 0 24 24"[39m
              [33mwidth[39m=[32m"24"[39m
              [33mxmlns[39m=[32m"http://www.w3.org/2000/svg"[39m
            [36m>[39m
              [36m<path[39m
                [33md[39m=[32m"m3 11 18-5v12L3 14v-3z"[39m
              [36m/>[39m
              [36m<path[39m
                [33md[39m=[32m"M11.6 16.8a3 3 0 1 1-5.8-1.6"[39m
              [36m/>[39m
            [36m</svg>[39m
            [36m<svg[39m
              [33mclass[39m=[32m"absolute"[39m
              [33mheight[39m=[32m"0"[39m
              [33mwidth[39m=[32m"0"[39m
            [36m>[39m
              [36m<defs>[39m
                [36m<lineargradient[39m
                  [33mid[39m=[32m"icon-gradient-_r_1g_"[39m
                  [33mx1[39m=[32m"0%"[39m
                  [33mx2[39m=[32m"100%"[39m
                  [33my1[39m=[32m"0%"[39m
                  [33my2[39m=[32m"100%"[39m
                [36m>[39m
                  [36m<stop[39m
                    [33moffset[39m=[32m"0%"[39m
                    [33mstop-color[39m=[32m"#8b5cf6"[39m
                  [36m/>[39m
                  [36m<stop[39m
                    [33moffset[39m=[32m"100%"[39m
                    [33mstop-color[39m=[32m"#3b82f6"[39m
                  [36m/>[39m
                [36m</lineargradient>[39m
              [36m</defs>[39m
            [36m</svg>[39m
            [36m<div[39m
              [33mclass[39m=[32m"flex flex-col"[39m
            [36m>[39m
              [36m<h1[39m
                [33mclass[39m=[32m"branded-page-title-compact md:branded-page-title text-xl md:text-2xl uppercase drop-shadow-sm"[39m
              [36m>[39m
                [0mMarketing[0m
              [36m</h1>[39m
            [36m</div>[39m
          [36m</div>[39m
          [36m<div[39m
            [33mclass[39m=[32m"hidden lg:flex flex-wrap items-center gap-3"[39m
          [36m>[39m
            [36m<span[39m
              [33mclass[39m=[32m"inline-flex w-fit shrink-0 items-center justify-center whitespace-nowrap border font-medium overflow-hidden [&>svg]:pointer-events-none [&>svg]:shrink-0 focus-visible:border-ring focus-visible:ring-ring/50 focus-visible:ring-[3px] aria-invalid:ring-destructive/20 dark:aria-invalid:ring-destructive/40 aria-invalid:border-destructive transition-colors rounded-full px-3 py-1.5 text-sm gap-1.5 [&>svg]:size-3.5 bg-pink-50 text-pink-700 border-pink-200 hover:bg-pink-100 dark:bg-pink-900/20 dark:text-pink-300 dark:border-pink-800 dark:hover:bg-pink-900/30"[39m
              [33mdata-slot[39m=[32m"badge"[39m
            [36m>[39m
              [36m<svg[39m
                [33maria-hidden[39m=[32m"true"[39m
                [33mclass[39m=[32m"lucide lucide-megaphone h-3.5 w-3.5"[39m
                [33mfill[39m=[32m"none"[39m
                [33mheight[39m=[32m"24"[39m
                [33mstroke[39m=[32m"currentColor"[39m
                [33mstroke-linecap[39m=[32m"round"[39m
                [33mstroke-linejoin[39m=[32m"round"[39m
                [33mstroke-width[39m=[32m"2"[39m
                [33mviewBox[39m=[32m"0 0 24 24"[39m
                [33mwidth[39m=[32m"24"[39m
                [33mxmlns[39m=[32m"http://www.w3.org/2000/svg"[39m
              [36m>[39m
                [36m<path[39m
                  [33md[39m=[32m"m3 11 18-5v12L3 14v-3z"[39m
                [36m/>[39m
                [36m<path[39m
                  [33md[39m=[32m"M11.6 16.8a3 3 0 1 1-5.8-1.6"[39m
                [36m/>[39m
              [36m</svg>[39m
              [36m<span[39m
                [33mclass[39m=[32m"font-semibold"[39m
              [36m>[39m
                [0m5[0m
              [36m</span>[39m
              [36m<span[39m
                [33mclass[39m=[32m"ml-1 font-normal opacity-70"[39m
              [36m>[39m
                [0mActive Campaigns[0m
              [36m</span>[39m
            [36m</span>[39m
            [36m<span[39m
              [33mclass[39m=[32m"inline-flex w-fit shrink-0 items-center justify-center whitespace-nowrap border font-medium overflow-hidden [&>svg]:pointer-events-none [&>svg]:shrink-0 focus-visible:border-ring focus-visible:ring-ring/50 focus-visible:ring-[3px] aria-invalid:ring-destructive/20 dark:aria-invalid:ring-destructive/40 aria-invalid:border-destructive transition-colors rounded-full px-3 py-1.5 text-sm gap-1.5 [&>svg]:size-3.5 bg-violet-50 text-violet-700 border-violet-200 hover:bg-violet-100 dark:bg-violet-900/20 dark:text-violet-300 dark:border-violet-800 dark:hover:bg-violet-900/30"[39m
              [33mdata-slot[39m=[32m"badge"[39m
            [36m>[39m
              [36m<svg[39m
                [33maria-hidden[39m=[32m"true"[39m
                [33mclass[39m=[32m"lucide lucide-chart-column h-3.5 w-3.5"[39m
                [33mfill[39m=[32m"none"[39m
                [33mheight[39m=[32m"24"[39m
                [33mstroke[39m=[32m"currentColor"[39m
                [33mstroke-linecap[39m=[32m"round"[39m
                [33mstroke-linejoin[39m=[32m"round"[39m
                [33mstroke-width[39m=[32m"2"[39m
                [33mviewBox[39m=[32m"0 0 24 24"[39m
                [33mwidth[39m=[32m"24"[39m
                [33mxmlns[39m=[32m"http://www.w3.org/2000/svg"[39m
              [36m>[39m
                [36m<path[39m
                  [33md[39m=[32m"M3 3v16a2 2 0 0 0 2 2h16"[39m
                [36m/>[39m
                [36m<path[39m
                  [33md[39m=[32m"M18 17V9"[39m
                [36m/>[39m
                [36m<path[39m
                  [33md[39m=[32m"M13 17V5"[39m
                [36m/>[39m
                [36m<path[39m
                  [33md[39m=[32m"M8 17v-3"[39m
                [36m/>[39m
              [36...
[90m [2m❯[22m Object.getElementError node_modules/@testing-library/dom/dist/config.js:[2m37:19[22m[39m
[90m [2m❯[22m node_modules/@testing-library/dom/dist/query-helpers.js:[2m76:38[22m[39m
[90m [2m❯[22m node_modules/@testing-library/dom/dist/query-helpers.js:[2m52:17[22m[39m
[90m [2m❯[22m node_modules/@testing-library/dom/dist/query-helpers.js:[2m95:19[22m[39m
[36m [2m❯[22m tests/components/MarketingDashboard.test.tsx:[2m272:33[22m[39m
    [90m270| [39m    [34mrender[39m([33m<[39m[33mMarketingDashboard[39m [33m{[39m[33m...[39mdefaultProps[33m}[39m [33m/[39m[33m>[39m)[33m;[39m
    [90m271| [39m    
    [90m272| [39m    const analyticsTab = screen.getByRole('tab', { name: /analytics/i …
    [90m   | [39m                                [31m^[39m
    [90m273| [39m    fireEvent[33m.[39m[34mclick[39m(analyticsTab)[33m;[39m
    [90m274| [39m    

[31m[2m⎯⎯⎯⎯⎯⎯⎯⎯⎯⎯⎯⎯⎯⎯⎯⎯⎯⎯⎯⎯⎯⎯[59/99]⎯[22m[39m

[41m[1m FAIL [22m[49m tests/components/MarketingDashboard.test.tsx[2m > [22mMarketingDashboard[2m > [22mshould handle campaign status badges
[31m[1mTestingLibraryElementError[22m[39m: Found multiple elements with the text: /active/i

Here are the matching elements:

Ignored nodes: comments, script, style
[36m<span[39m
  [33mclass[39m=[32m"ml-1 font-normal opacity-70"[39m
[36m>[39m
  [0mActive Campaigns[0m
[36m</span>[39m

Ignored nodes: comments, script, style
[36m<button[39m
  [33mclass[39m=[32m"inline-flex items-center justify-center whitespace-nowrap text-sm font-medium transition-all duration-150 disabled:pointer-events-none disabled:opacity-40 [&_svg]:pointer-events-none [&_svg:not([class*='size-'])]:size-4 shrink-0 [&_svg]:shrink-0 outline-none focus-visible:ring-2 focus-visible:ring-ring/40 focus-visible:ring-offset-2 focus-visible:ring-offset-background active:scale-[0.98] hover:-translate-y-px border border-border bg-background text-foreground hover:bg-accent/50 hover:border-border/60 h-8 gap-1.5 px-3 has-[>svg]:px-2.5 rounded-full capitalize"[39m
  [33mdata-slot[39m=[32m"button"[39m
[36m>[39m
  [0mactive[0m
[36m</button>[39m

(If this is intentional, then use the `*AllBy*` variant of the query (like `queryAllByText`, `getAllByText`, or `findAllByText`)).

Ignored nodes: comments, script, style
[36m<body>[39m
  [36m<div>[39m
    [36m<div[39m
      [33mclass[39m=[32m"h-full bg-gray-50/50 overflow-hidden flex flex-col"[39m
    [36m>[39m
      [36m<div[39m
        [33mclass[39m=[32m"px-6 py-4 space-y-4 shrink-0"[39m
      [36m>[39m
        [36m<div[39m
          [33mclass[39m=[32m"flex items-center justify-between pt-4"[39m
        [36m>[39m
          [36m<div[39m
            [33mclass[39m=[32m"flex items-center gap-3"[39m
          [36m>[39m
            [36m<svg[39m
              [33maria-hidden[39m=[32m"true"[39m
              [33mclass[39m=[32m"lucide lucide-megaphone w-6 h-6 md:w-7 md:h-7 drop-shadow-sm"[39m
              [33mfill[39m=[32m"none"[39m
              [33mheight[39m=[32m"24"[39m
              [33mstroke[39m=[32m"url(#icon-gradient-_r_1o_)"[39m
              [33mstroke-linecap[39m=[32m"round"[39m
              [33mstroke-linejoin[39m=[32m"round"[39m
              [33mstroke-width[39m=[32m"2"[39m
              [33mviewBox[39m=[32m"0 0 24 24"[39m
              [33mwidth[39m=[32m"24"[39m
              [33mxmlns[39m=[32m"http://www.w3.org/2000/svg"[39m
            [36m>[39m
              [36m<path[39m
                [33md[39m=[32m"m3 11 18-5v12L3 14v-3z"[39m
              [36m/>[39m
              [36m<path[39m
                [33md[39m=[32m"M11.6 16.8a3 3 0 1 1-5.8-1.6"[39m
              [36m/>[39m
            [36m</svg>[39m
            [36m<svg[39m
              [33mclass[39m=[32m"absolute"[39m
              [33mheight[39m=[32m"0"[39m
              [33mwidth[39m=[32m"0"[39m
            [36m>[39m
              [36m<defs>[39m
                [36m<lineargradient[39m
                  [33mid[39m=[32m"icon-gradient-_r_1o_"[39m
                  [33mx1[39m=[32m"0%"[39m
                  [33mx2[39m=[32m"100%"[39m
                  [33my1[39m=[32m"0%"[39m
                  [33my2[39m=[32m"100%"[39m
                [36m>[39m
                  [36m<stop[39m
                    [33moffset[39m=[32m"0%"[39m
                    [33mstop-color[39m=[32m"#8b5cf6"[39m
                  [36m/>[39m
                  [36m<stop[39m
                    [33moffset[39m=[32m"100%"[39m
                    [33mstop-color[39m=[32m"#3b82f6"[39m
                  [36m/>[39m
                [36m</lineargradient>[39m
              [36m</defs>[39m
            [36m</svg>[39m
            [36m<div[39m
              [33mclass[39m=[32m"flex flex-col"[39m
            [36m>[39m
              [36m<h1[39m
                [33mclass[39m=[32m"branded-page-title-compact md:branded-page-title text-xl md:text-2xl uppercase drop-shadow-sm"[39m
              [36m>[39m
                [0mMarketing[0m
              [36m</h1>[39m
            [36m</div>[39m
          [36m</div>[39m
          [36m<div[39m
            [33mclass[39m=[32m"hidden lg:flex flex-wrap items-center gap-3"[39m
          [36m>[39m
            [36m<span[39m
              [33mclass[39m=[32m"inline-flex w-fit shrink-0 items-center justify-center whitespace-nowrap border font-medium overflow-hidden [&>svg]:pointer-events-none [&>svg]:shrink-0 focus-visible:border-ring focus-visible:ring-ring/50 focus-visible:ring-[3px] aria-invalid:ring-destructive/20 dark:aria-invalid:ring-destructive/40 aria-invalid:border-destructive transition-colors rounded-full px-3 py-1.5 text-sm gap-1.5 [&>svg]:size-3.5 bg-pink-50 text-pink-700 border-pink-200 hover:bg-pink-100 dark:bg-pink-900/20 dark:text-pink-300 dark:border-pink-800 dark:hover:bg-pink-900/30"[39m
              [33mdata-slot[39m=[32m"badge"[39m
            [36m>[39m
              [36m<svg[39m
                [33maria-hidden[39m=[32m"true"[39m
                [33mclass[39m=[32m"lucide lucide-megaphone h-3.5 w-3.5"[39m
                [33mfill[39m=[32m"none"[39m
                [33mheight[39m=[32m"24"[39m
                [33mstroke[39m=[32m"currentColor"[39m
                [33mstroke-linecap[39m=[32m"round"[39m
                [33mstroke-linejoin[39m=[32m"round"[39m
                [33mstroke-width[39m=[32m"2"[39m
                [33mviewBox[39m=[32m"0 0 24 24"[39m
                [33mwidth[39m=[32m"24"[39m
                [33mxmlns[39m=[32m"http://www.w3.org/2000/svg"[39m
              [36m>[39m
                [36m<path[39m
                  [33md[39m=[32m"m3 11 18-5v12L3 14v-3z"[39m
                [36m/>[39m
                [36m<path[39m
                  [33md[39m=[32m"M11.6 16.8a3 3 0 1 1-5.8-1.6"[39m
                [36m/>[39m
              [36m</svg>[39m
              [36m<span[39m
                [33mclass[39m=[32m"font-semibold"[39m
              [36m>[39m
                [0m5[0m
              [36m</span>[39m
              [36m<span[39m
                [33mclass[39m=[32m"ml-1 font-normal opacity-70"[39m
              [36m>[39m
                [0mActive Campaigns[0m
              [36m</span>[39m
            [36m</span>[39m
            [36m<span[39m
              [33mclass[39m=[32m"inline-flex w-fit shrink-0 items-center justify-center whitespace-nowrap border font-medium overflow-hidden [&>svg]:pointer-events-none [&>svg]:shrink-0 focus-visible:border-ring focus-visible:ring-ring/50 focus-visible:ring-[3px] aria-invalid:ring-destructive/20 dark:aria-invalid:ring-destructive/40 aria-invalid:border-destructive transition-colors rounded-full px-3 py-1.5 text-sm gap-1.5 [&>svg]:size-3.5 bg-violet-50 text-violet-700 border-violet-200 hover:bg-violet-100 dark:bg-violet-900/20 dark:text-violet-300 dark:border-violet-800 dark:hover:bg-violet-900/30"[39m
              [33mdata-slot[39m=[32m"badge"[39m
            [36m>[39m
              [36m<svg[39m
                [33maria-hidden[39m=[32m"true"[39m
                [33mclass[39m=[32m"lucide lucide-chart-column h-3.5 w-3.5"[39m
                [33mfill[39m=[32m"none"[39m
                [33mheight[39m=[32m"24"[39m
                [33mstroke[39m=[32m"currentColor"[39m
                [33mstroke-linecap[39m=[32m"round"[39m
                [33mstroke-linejoin[39m=[32m"round"[39m
                [33mstroke-width[39m=[32m"2"[39m
                [33mviewBox[39m=[32m"0 0 24 24"[39m
                [33mwidth[39m=[32m"24"[39m
                [33mxmlns[39m=[32m"http://www.w3.org/2000/svg"[39m
              [36m>[39m
                [36m<path[39m
                  [33md[39m=[32m"M3 3v16a2 2 0 0 0 2 2h16"[39m
                [36m/>[39m
                [36m<path[39m
                  [33md[39m=[32m"M18 17V9"[39m
                [36m/>[39m
                [36m<path[39m
                  [33md[39m=[32m"M13 17V5"[39m
                [36m/>[39m
                [36m<path[39m
                  [33md[39m=[32m"M8 17v-3"[39m
                [36m/>[39m
              [36...
[90m [2m❯[22m Object.getElementError node_modules/@testing-library/dom/dist/config.js:[2m37:19[22m[39m
[90m [2m❯[22m getElementError node_modules/@testing-library/dom/dist/query-helpers.js:[2m20:35[22m[39m
[90m [2m❯[22m getMultipleElementsFoundError node_modules/@testing-library/dom/dist/query-helpers.js:[2m23:10[22m[39m
[90m [2m❯[22m node_modules/@testing-library/dom/dist/query-helpers.js:[2m55:13[22m[39m
[90m [2m❯[22m node_modules/@testing-library/dom/dist/query-helpers.js:[2m95:19[22m[39m
[36m [2m❯[22m tests/components/MarketingDashboard.test.tsx:[2m292:32[22m[39m
    [90m290| [39m    
    [90m291| [39m    [90m// Active campaign should show active badge[39m
    [90m292| [39m    [35mconst[39m statusBadge [33m=[39m screen[33m.[39m[34mgetByText[39m([36m/active/i[39m)[33m;[39m
    [90m   | [39m                               [31m^[39m
    [90m293| [39m    [34mexpect[39m(statusBadge)[33m.[39m[34mtoBeInTheDocument[39m()[33m;[39m
    [90m294| [39m  })[33m;[39m

[31m[2m⎯⎯⎯⎯⎯⎯⎯⎯⎯⎯⎯⎯⎯⎯⎯⎯⎯⎯⎯⎯⎯⎯[60/99]⎯[22m[39m

[41m[1m FAIL [22m[49m tests/components/MarketingDashboard.test.tsx[2m > [22mMarketingDashboard[2m > [22mshould be responsive and accessible
[31m[1mError[22m: [2mexpect([22m[31melement[31m[2m).toHaveAttribute([22m[32m[32m"aria-label"[32m[31m[2m) // element.hasAttribute("aria-label")[22m

Expected the element to have attribute:
[32m  aria-label[31m
Received:
[31m  null[31m[39m
[36m [2m❯[22m tests/components/MarketingDashboard.test.tsx:[2m301:25[22m[39m
    [90m299| [39m    [90m// Check for ARIA labels[39m
    [90m300| [39m    [35mconst[39m searchInput [33m=[39m screen[33m.[39m[34mgetByPlaceholderText[39m([36m/search/i[39m)[33m;[39m
    [90m301| [39m    [34mexpect[39m(searchInput)[33m.[39m[34mtoHaveAttribute[39m([32m'aria-label'[39m)[33m;[39m
    [90m   | [39m                        [31m^[39m
    [90m302| [39m  })[33m;[39m
    [90m303| [39m})[33m;[39m

[31m[2m⎯⎯⎯⎯⎯⎯⎯⎯⎯⎯⎯⎯⎯⎯⎯⎯⎯⎯⎯⎯⎯⎯[61/99]⎯[22m[39m

[41m[1m FAIL [22m[49m tests/components/MarketingDashboard.test.tsx[2m > [22mMarketingDashboard - API Integration[2m > [22mshould call create campaign API on form submit
[31m[1mTypeError[22m: __vite_ssr_import_0__.vi.mocked(...).mockImplementation is not a function[39m
[36m [2m❯[22m tests/components/MarketingDashboard.test.tsx:[2m320:39[22m[39m
    [90m318| [39m    }))[33m;[39m
    [90m319| [39m    
    [90m320| [39m    vi[33m.[39m[34mmocked[39m([34mrequire[39m([32m'swr'[39m)[33m.[39m[35mdefault[39m)[33m.[39m[34mmockImplementation[39m(swrMock)[33m;[39m
    [90m   | [39m                                      [31m^[39m
    [90m321| [39m
    [90m322| [39m    global[33m.[39mfetch [33m=[39m vi[33m.[39m[34mfn[39m(() [33m=>[39m

[31m[2m⎯⎯⎯⎯⎯⎯⎯⎯⎯⎯⎯⎯⎯⎯⎯⎯⎯⎯⎯⎯⎯⎯[62/99]⎯[22m[39m

[41m[1m FAIL [22m[49m tests/components/MarketingDashboard.test.tsx[2m > [22mMarketingDashboard - API Integration[2m > [22mshould refresh data after mutation
[31m[1mTypeError[22m: __vite_ssr_import_0__.vi.mocked(...).mockImplementation is not a function[39m
[36m [2m❯[22m tests/components/MarketingDashboard.test.tsx:[2m344:39[22m[39m
    [90m342| [39m    }))[33m;[39m
    [90m343| [39m    
    [90m344| [39m    vi[33m.[39m[34mmocked[39m([34mrequire[39m([32m'swr'[39m)[33m.[39m[35mdefault[39m)[33m.[39m[34mmockImplementation[39m(swrMock)[33m;[39m
    [90m   | [39m                                      [31m^[39m
    [90m345| [39m
    [90m346| [39m    [34mrender[39m([33m<[39m[33mMarketingDashboard[39m [33m{[39m[33m...[39mdefaultProps[33m}[39m [33m/[39m[33m>[39m)[33m;[39m

[31m[2m⎯⎯⎯⎯⎯⎯⎯⎯⎯⎯⎯⎯⎯⎯⎯⎯⎯⎯⎯⎯⎯⎯[63/99]⎯[22m[39m


[2m Test Files [22m [1m[31m13 failed[39m[22m[2m | [22m[1m[32m9 passed[39m[22m[90m (22)[39m
[2m      Tests [22m [1m[31m93 failed[39m[22m[2m | [22m[1m[32m133 passed[39m[22m[2m | [22m[33m3 skipped[39m[90m (229)[39m
[2m   Start at [22m 12:09:32
[2m   Duration [22m 5.89s[2m (transform 6.95s, setup 7.24s, import 15.12s, tests 4.56s, environment 9.92s)[22m

